---------------------------------------------------------------------------------------
      name:  <unnamed>
       log:  C:\Users\rbjoe\Dropbox\Kugejl\8. semester\Public Economics\Public_economic
> s\Code\Stata output\log.txt
  log type:  text
 opened on:  29 Apr 2017, 20:45:15

.                                                         
. ********************************************************************************
. 
. *THE CODE APPENDIX HAS THE FOLLOWING SECTION 
. * VARIABLE GROUPS
. * GENERATE VARIABLES
. * SET LABELS 
. * DESCRIPTIVE STATISTICS TABLE
. * REGRESSION TABLE ONE.         BASIC REGRESSION
. * REGRESSION TABLE ONE.         BASIC REGRESSION (CLUSTERED STD ERRORS)
. * REGRESSION TABLE TWO.         POISSON 
. * REGRESSION TABLE THREE.       INVERSE HYPERBOLIC SINE TRANSFORMATION
. * REGRESSION TABLE FIVE.        TYPES OF FDI INCOME
. * REGRESSION TABLE SIX.         TAX DIFFERENTIAL 
. * REGRESSION TABLE 7.   CFC RULES. 
. 
. 
. ********************************************************************************
. * VARIABLE GROUPS
. ********************************************************************************
. {
. local y "ln_FDIInc_Out_Total"
. local y_ejlog "FDIInc_Out_Total"
. local yy "ln_FDIInc_Out_Dividends ln_FDIInc_Out_Reinvested ln_FDIInc_Out_Debt" //ln_F
> DIInc_Out_Equity 
. local yy_ejlog "FDIInc_Out_Dividends FDIInc_Out_Reinvested FDIInc_Out_Debt" //FDIInc_
> Out_Equity 
. local Gravity_ejlog "GDP GDP_j distw"
. local Gravity "ln_GDP ln_GDP_j ln_distw"
. local Independent1 "Haven CIT_RATE HavenCIT_RATE"
. local Independent2 "Small_Haven Large_Haven CIT_RATE Small_HavenCIT_RATE Large_HavenC
> IT_RATE"
. local Independent3 "Haven CIT_difference HavenCIT_difference"
. local Independent4 "CFC Haven CFCHaven CIT_RATE CFCCIT_RATE HavenCIT_RATE CFCHavenCIT
> _RATE"
. local Control1 "contig comlang_off colony comcol" //EXCE
. }

. ********************************************************************************
. 
. ********************************************************************************
. * GENERATE VARIABLES
. ********************************************************************************
. {
. *Interaction terms 
. *Basic interaction
. gen HavenCIT_RATE = Haven*CIT_RATE
. 
. *Based on size
. gen Small_HavenCIT_RATE = Small_Haven*CIT_RATE
. 
. gen Large_HavenCIT_RATE = Large_Haven*CIT_RATE
. 
. *Based on the tax differences variable
. gen HavenCIT_difference = Haven*CIT_difference
(9856 missing values generated)
. 
. *CFC interactions
. gen CFCHaven = Haven*CFC
. 
. gen CFCHavenCIT_RATE = Haven*CFC*CIT_RATE
. 
. gen CFCCIT_RATE = CFC*CIT_RATE
. 
. *Inverse hyperbolic sine transformation
. gen IHS_FDI = log(FDIInc_Out_Total +(FDIInc_Out_Total^2+1)^(1/2))
(4526 missing values generated)
. 
. *Create necessary logged variables
. foreach var in `y_ejlog' `yy_ejlog' `Gravity_ejlog' {
  2. gen ln_`var' = log(`var')
  3. }
(17848 missing values generated)
(20089 missing values generated)
(20317 missing values generated)
(20962 missing values generated)
(1782 missing values generated)
(1392 missing values generated)
. *Encode assigns numerical values to each group in a variable
. encode(COU)                                     , gen(COU_Tal)
. encode(COUNTERPART_AREA)        , gen(COUNTERPART_AREA_Tal)
. encode(Pair)                            , gen(Pair_Tal)
. }

. 
. ********************************************************************************
. 
. ********************************************************************************
. * SET LABELS 
. ********************************************************************************
. {
. *Dependent variabkes
. label variable FDIInc_Out_Total                 "FDI income - Total"
. label variable ln_FDIInc_Out_Total              "ln FDI income - Total"
. label variable IHS_FDI                                  "IHS FDI income - Total"
. label variable FDIInc_Out_Dividends     "FDI income - Dividends"
. label variable ln_FDIInc_Out_Dividends  "ln FDI income - Dividends"
. label variable FDIInc_Out_Equity                "FDI income - Income on Equity"
. label variable FDIInc_Out_Debt                  "FDI income - Debt income"
. label variable ln_FDIInc_Out_Debt               "ln FDI income - Debt income"
. label variable FDIInc_Out_Reinvested    "FDI income - Reinv. earnings"
. label variable ln_FDIInc_Out_Reinvested "ln FDI income - Reinv. earnings"
. label variable FDIInc_Inw_Total                 "FDI income - Total (Inwards)"
. label variable FDIInc_Inw_Dividends     "FDI income - Dividends (Inwards)"
. label variable FDIInc_Inw_Equity                "FDI income - Income on Equity (Inwar
> ds)"
. label variable FDIInc_Inw_Debt                  "FDI income - Interests from income o
> n debt (Inwards)"
. label variable FDIInc_Inw_Reinvested    "FDI income - Reinvested earnings (Inwards)"
. *Gravity
. label variable ln_GDP                                   "$\ln\text{GDP}_{it}$"  
. label variable ln_GDP_j                                 "$\ln\text{GDP}_{jt}$"  
. label variable ln_distw                                 "$\ln\text{Distance (w)}$"
. label variable contig                                   "Common border"
. label variable colony                                   "Colony"
. label variable comcol                                   "Common colony"
. label variable comlang_off                              "Common language"
. *Independent
. label variable CIT_RATE                                 "$ \text{CIT}_{it}$ $(\gamma_
> 1)$"
. label variable Haven                                    "Haven $(\gamma_2)$"
. label variable HavenCIT_RATE                    "Haven$\times\text{CIT}_{it}$ $ (\gam
> ma_3)$ "
. *Size
. label variable Small_HavenCIT_RATE              "Small Haven$\times\text{CIT}_{it}$"
. label variable Large_HavenCIT_RATE              "Large Haven$\times\text{CIT}_{ijt}$"
. *Difference
. label variable CIT_RATE_KPMG_j                  "$ \text{CIT}_{jt}$"
. label variable CIT_difference                   "$ \text{DCIT}_{ijt}$ $(\gamma_1)$"
. label variable HavenCIT_difference              "Haven$\times\text{DCIT}_{ijt}$ $(\ga
> mma_3)$ "
. * CFC
. label variable CFC                                              "$\text{CFC}_i$$ (\io
> ta_1)$"
. label variable CFCHaven                                 "$\text{CFC}_i\times\text{Hav
> en}_j$$ (\iota_2)$"
. label variable CFCCIT_RATE                      "$\text{CFC}_i\times\text{CIT}_{it}$$
>  (\iota_3)$"
. label variable CFCHavenCIT_RATE                 "$\text{CFC}_i\times\text{Haven}_j\ti
> mes\text{CIT}_{it}$$ (\iota_4)$"
. 
. }

. ********************************************************************************
. *format dataset as panel. 
. xtset Pair_Tal obsTime, yearly
       panel variable:  Pair_Tal (unbalanced)
        time variable:  obsTime, 2005 to 2015, but with gaps
                delta:  1 year

. 
. *************************************************************************************
> ********************
. * DESCRIPTIVE STATISTICS TABLE
. *************************************************************************************
> ********************
. 
. /*
>                 \vspace{2pt} & \begin{footnotesize}\end{footnotesize} & \begin{footno
> tesize}\end{footnotesize} & \begin{footnotesize}\end{footnotesize} & \begin{footnotes
> ize}\end{footnotesize} & \begin{footnotesize}\end{footnotesize} & \begin{footnotesize
> }\end{footnotesize} \\
> \multicolumn{7}{l}{\textbf{Dependent variables (transformations)}} \\\hline
> */
. 
. quietly outreg2 using summary_gravity, sum(detail) replace label tex(frag pretty) wor
> d dec(1) ///
>                                 keep(`y_ejlog' `yy_ejlog'  `y' IHS_FDI `yy' ////
>                                 CIT_RATE  CIT_RATE_KPMG_j CIT_difference ///
>                                 Haven Small_Haven Large_Haven  CFC ///               
>            
>                                 `Gravity_ejlog' `Gravity' `Control1' ///
>                                 ) ///
>                                 sortvar(`y_ejlog' `yy_ejlog'  `y' IHS_FDI `yy' ////
>                                 CIT_RATE  CIT_RATE_KPMG_j CIT_difference ///
>                                 Haven Small_Haven Large_Haven  CFC ///               
>            
>                                 `Gravity_ejlog' `Gravity' `Control1' ///
>                                 ) /// 
>                                 eqkeep(N mean p50 sd p1  p99 ) 
 : 
.                         
.                                 
.                                 
. *************************************************************************************
> ********************
. * REGRESSION TABLE ONE.         BASIC REGRESSION
. *************************************************************************************
> ********************
. {
. regress `y' `Gravity' `Independent1' `Control1', robust

Linear regression                                      Number of obs =    5850
                                                       F( 10,  5839) =  764.41
                                                       Prob > F      =  0.0000
                                                       R-squared     =  0.5400
                                                       Root MSE      =   2.124

-------------------------------------------------------------------------------
              |               Robust
ln_FDIInc_O~l |      Coef.   Std. Err.      t    P>|t|     [95% Conf. Interval]
--------------+----------------------------------------------------------------
       ln_GDP |   .9759166   .0199774    48.85   0.000     .9367534     1.01508
     ln_GDP_j |   .8372994    .014238    58.81   0.000     .8093877    .8652111
     ln_distw |  -.7922465   .0311136   -25.46   0.000    -.8532407   -.7312524
        Haven |   2.597725   .3265124     7.96   0.000      1.95764     3.23781
     CIT_RATE |   .0331139   .0040448     8.19   0.000     .0251846    .0410432
HavenCIT_RATE |  -.0300417   .0124773    -2.41   0.016    -.0545019   -.0055816
       contig |   .2116739   .1103055     1.92   0.055    -.0045658    .4279136
  comlang_off |   .7887353   .1001503     7.88   0.000     .5924037    .9850668
       colony |   1.236134   .1132727    10.91   0.000     1.014077    1.458191
       comcol |   2.587341   .3194544     8.10   0.000     1.961092     3.21359
        _cons |  -14.66591   .3661661   -40.05   0.000    -15.38373   -13.94809
-------------------------------------------------------------------------------
.         test CIT_RATE + HavenCIT_RATE=0

 ( 1)  CIT_RATE + HavenCIT_RATE = 0

       F(  1,  5839) =    0.07
            Prob > F =    0.7966
.                 scalar p1 = r(p)
.         outreg2 using OLS, replace ctitle("Eq. (\ref{gravity1})") ///
>                                                         tex(frag pretty) word label a
> lpha(0.01, 0.05, 0.1) symbol(***, **, *) ///
>                                                          nonotes addnote("Dummies are
>  added as specified above. FE drops $\zeta_i+\eta_j$. Robust standard errors in paran
> theses.", "*** p<0.01, ** p<0.05, * p<0.1") ///
>                                                          addstat("$\gamma_1+\gamma_3 
> =0$ (p-value)", p1)  ///
>                                                          dec(3) keep(`Gravity' `Indep
> endent1' `Control1')                                                                 
>                
OLS.tex
OLS.rtf
dir : seeout
.                                                  
.                                                          
. regress `y' `Gravity' `Independent1' `Control1' b2015.obsTime, robust

Linear regression                                      Number of obs =    5850
                                                       F( 20,  5829) =  385.07
                                                       Prob > F      =  0.0000
                                                       R-squared     =  0.5417
                                                       Root MSE      =  2.1219

-------------------------------------------------------------------------------
              |               Robust
ln_FDIInc_O~l |      Coef.   Std. Err.      t    P>|t|     [95% Conf. Interval]
--------------+----------------------------------------------------------------
       ln_GDP |   .9549059   .0212678    44.90   0.000     .9132131    .9965987
     ln_GDP_j |   .8371725   .0142729    58.65   0.000     .8091924    .8651526
     ln_distw |  -.7815199   .0312486   -25.01   0.000    -.8427787    -.720261
        Haven |   2.600662   .3267194     7.96   0.000      1.96017    3.241153
     CIT_RATE |   .0349355   .0042483     8.22   0.000     .0266073    .0432638
HavenCIT_RATE |  -.0301412   .0124734    -2.42   0.016    -.0545936   -.0056888
       contig |   .1826273   .1112692     1.64   0.101    -.0355017    .4007562
  comlang_off |   .8056887   .0999742     8.06   0.000     .6097021    1.001675
       colony |   1.247977   .1134819    11.00   0.000      1.02551    1.470443
       comcol |   2.556835   .3169822     8.07   0.000     1.935432    3.178237
              |
      obsTime |
        2005  |   .3324287   .1320143     2.52   0.012     .0736317    .5912258
        2006  |   .3834594   .1214134     3.16   0.002     .1454441    .6214746
        2007  |   .3581582   .1235448     2.90   0.004     .1159645    .6003519
        2008  |   .2767366   .1341992     2.06   0.039     .0136564    .5398167
        2009  |   .3860341   .1320961     2.92   0.003     .1270767    .6449915
        2010  |   .3856887   .1369732     2.82   0.005     .1171704    .6542071
        2011  |   .0624426   .1194351     0.52   0.601    -.1716945    .2965798
        2012  |  -.0019189   .1129639    -0.02   0.986    -.2233701    .2195324
        2013  |  -.0357681   .0855498    -0.42   0.676    -.2034774    .1319413
        2014  |   .0194056   .0866437     0.22   0.823    -.1504482    .1892594
              |
        _cons |  -14.55918   .3711919   -39.22   0.000    -15.28685    -13.8315
-------------------------------------------------------------------------------
.         test CIT_RATE + HavenCIT_RATE=0

 ( 1)  CIT_RATE + HavenCIT_RATE = 0

       F(  1,  5829) =    0.16
            Prob > F =    0.6887
.                         scalar p1 = r(p)
.         outreg2 using OLS, append ctitle("$+\delta_t$") ///
>                                                         tex(frag pretty) word label a
> lpha(0.01, 0.05, 0.1) symbol(***, **, *) ///
>                                                          nonotes addnote("Dummies are
>  added as specified above. FE drops $\zeta_i+\eta_j$. Robust standard errors in paran
> theses.", "*** p<0.01, ** p<0.05, * p<0.1") ///
>                                                          addstat("$\gamma_1+\gamma_3 
> =0$ (p-value)", p1)  ///
>                                                          dec(3) keep(`Gravity' `Indep
> endent1' `Control1')       
warning: addnote ignored in appended columns
OLS.tex
OLS.rtf
dir : seeout
. *Equivalent alternative:
. *areg `y' `Gravity' `Independent1' `Control1', absorb(obsTime) vce(robust) noomitted 
>                                                    
. 
. *regress `y' `Gravity' `Independent1' `Control1' b2015.obsTime b6.COU_Tal, robust // 
> Reference group: Germany (most observations)                                         
>                               
. areg `y' `Gravity' `Independent1' `Control1' b2015.obsTime, absorb(COU_Tal) vce(robus
> t)

Linear regression, absorbing indicators           Number of obs   =       5850
                                                  F(  20,   5803) =     280.63
                                                  Prob > F        =     0.0000
                                                  R-squared       =     0.6376
                                                  Adj R-squared   =     0.6347
                                                  Root MSE        =     1.8913

-------------------------------------------------------------------------------
              |               Robust
ln_FDIInc_O~l |      Coef.   Std. Err.      t    P>|t|     [95% Conf. Interval]
--------------+----------------------------------------------------------------
       ln_GDP |   1.434993   .5612515     2.56   0.011     .3347308    2.535255
     ln_GDP_j |   .8196957   .0137283    59.71   0.000      .792783    .8466083
     ln_distw |   -.840198   .0282878   -29.70   0.000    -.8956526   -.7847435
        Haven |   2.567766   .3162402     8.12   0.000     1.947818    3.187715
     CIT_RATE |    .059639   .0137759     4.33   0.000     .0326331    .0866449
HavenCIT_RATE |  -.0292007   .0121259    -2.41   0.016     -.052972   -.0054295
       contig |   .3769516   .1097681     3.43   0.001     .1617652     .592138
  comlang_off |   .6707681   .0998151     6.72   0.000     .4750932    .8664429
       colony |   .9680123    .099303     9.75   0.000     .7733414    1.162683
       comcol |   3.156827   .3847784     8.20   0.000     2.402517    3.911136
              |
      obsTime |
        2005  |   .3454323   .1884827     1.83   0.067     -.024064    .7149285
        2006  |   .3781165   .1672993     2.26   0.024     .0501474    .7060856
        2007  |   .2938167   .1636387     1.80   0.073    -.0269761    .6146095
        2008  |   .3817836   .1521431     2.51   0.012     .0835264    .6800409
        2009  |    .543375   .1422529     3.82   0.000     .2645063    .8222436
        2010  |   .6028586    .141735     4.25   0.000     .3250051    .8807122
        2011  |   .3094654   .1266953     2.44   0.015     .0610953    .5578356
        2012  |   .1675935   .1175077     1.43   0.154    -.0627654    .3979524
        2013  |  -.1010361   .0951946    -1.06   0.289    -.2876531    .0855809
        2014  |   .0351899   .1036848     0.34   0.734     -.168071    .2384507
              |
        _cons |   -21.1831   7.866002    -2.69   0.007    -36.60339   -5.762799
--------------+----------------------------------------------------------------
      COU_Tal |   absorbed                                      (27 categories)
.         test CIT_RATE + HavenCIT_RATE=0

 ( 1)  CIT_RATE + HavenCIT_RATE = 0

       F(  1,  5803) =    3.05
            Prob > F =    0.0810
.                         scalar p1 = r(p)
.         outreg2 using OLS, append ctitle("$+\zeta_i$") ///
>                                                         tex(frag pretty) word label a
> lpha(0.01, 0.05, 0.1) symbol(***, **, *) ///
>                                                          nonotes addnote("Dummies are
>  added as specified above. FE drops $\zeta_i+\eta_j$. Robust standard errors in paran
> theses.", "*** p<0.01, ** p<0.05, * p<0.1") ///
>                                                          addstat("$\gamma_1+\gamma_3 
> =0$ (p-value)", p1)  ///
>                                                          dec(3) keep(`Gravity' `Indep
> endent1' `Control1')                                
warning: addnote ignored in appended columns
OLS.tex
OLS.rtf
dir : seeout
. *Equivalent alternative:
. *regress `y' `Gravity' `Independent1' `Control1' b2015.obsTime b6.COU_Tal  b59.COUNTE
> RPART_AREA_Tal, robust //Reference group: Germany
. 
. areg `y' `Gravity' `Independent1' `Control1' b2015.obsTime  b6.COU_Tal, absorb(COUNTE
> RPART_AREA_Ta) vce(robust) // Reference group: Germany (most observations)           
>                                                                                
note: Haven omitted because of collinearity

Linear regression, absorbing indicators           Number of obs   =       5850
                                                  F(  45,   5601) =     173.10
                                                  Prob > F        =     0.0000
                                                  R-squared       =     0.7348
                                                  Adj R-squared   =     0.7231
                                                  Root MSE        =     1.6466

-------------------------------------------------------------------------------
              |               Robust
ln_FDIInc_O~l |      Coef.   Std. Err.      t    P>|t|     [95% Conf. Interval]
--------------+----------------------------------------------------------------
       ln_GDP |   1.409176    .493234     2.86   0.004     .4422457    2.376106
     ln_GDP_j |   .3145245   .1658147     1.90   0.058    -.0105365    .6395855
     ln_distw |  -1.091438   .0508709   -21.46   0.000    -1.191164    -.991711
        Haven |          0  (omitted)
     CIT_RATE |    .043186   .0123214     3.50   0.000     .0190313    .0673408
HavenCIT_RATE |  -.0137152   .0105639    -1.30   0.194    -.0344245    .0069941
       contig |   .1761835   .1112831     1.58   0.113    -.0419744    .3943414
  comlang_off |   .5873037   .0984326     5.97   0.000     .3943378    .7802697
       colony |   1.005891   .1051953     9.56   0.000     .7996677    1.212115
       comcol |    3.52943   .4064645     8.68   0.000     2.732602    4.326258
              |
      obsTime |
        2005  |   .0565649   .1823701     0.31   0.756    -.3009511    .4140809
        2006  |   .1536701   .1549474     0.99   0.321     -.150087    .4574271
        2007  |   .1557716   .1414443     1.10   0.271     -.121514    .4330572
        2008  |   .2302921   .1273666     1.81   0.071    -.0193958      .47998
        2009  |   .3852687    .126262     3.05   0.002     .1377463    .6327911
        2010  |   .5055904   .1186256     4.26   0.000     .2730383    .7381426
        2011  |   .2766068   .1075046     2.57   0.010     .0658562    .4873574
        2012  |   .1397398   .0994688     1.40   0.160    -.0552577    .3347372
        2013  |  -.0957511   .0840552    -1.14   0.255    -.2605319    .0690297
        2014  |   .0411565   .0913424     0.45   0.652      -.13791    .2202231
              |
      COU_Tal |
         AUS  |   .4540238   .5132633     0.88   0.376    -.5521713    1.460219
         AUT  |   1.077129   1.069429     1.01   0.314    -1.019366    3.173624
         BEL  |   .4307015   .9709359     0.44   0.657    -1.472709    2.334112
         CAN  |   1.138633   .4191284     2.72   0.007     .3169786    1.960287
         CZE  |  -.7295356    1.46164    -0.50   0.618    -3.594917    2.135846
         DNK  |   1.513516   1.182264     1.28   0.201    -.8041803    3.831212
         ESP  |    1.12484   .5437511     2.07   0.039     .0588773    2.190803
         EST  |   .9551721   2.485259     0.38   0.701    -3.916899    5.827243
         FRA  |   .0377197   .2359395     0.16   0.873    -.4248131    .5002525
         GBR  |   .6934544   .1598686     4.34   0.000     .3800499    1.006859
         GRC  |  -.1531328    1.37767    -0.11   0.911    -2.853899    2.547634
         HUN  |   1.383136   1.647441     0.84   0.401    -1.846487    4.612759
         IRL  |   1.483826   1.365086     1.09   0.277    -1.192273    4.159924
         ISL  |       2.26   2.683814     0.84   0.400    -3.001317    7.521316
         ITA  |  -1.219761     .32113    -3.80   0.000      -1.8493   -.5902215
         JPN  |   .6945601   .2475947     2.81   0.005     .2091785    1.179942
         KOR  |   .1827053   .5310306     0.34   0.731    -.8583205    1.223731
         LVA  |   1.255211   2.406044     0.52   0.602    -3.461568    5.971989
         NLD  |   3.162895   .7289996     4.34   0.000     1.733773    4.592016
         NOR  |   1.183964   1.017131     1.16   0.244    -.8100073    3.177935
         NZL  |   .0187936   1.483921     0.01   0.990    -2.890267    2.927854
         POL  |  -1.234917   .9838411    -1.26   0.209    -3.163627    .6937928
         SVK  |  -1.642636   1.882312    -0.87   0.383    -5.332698    2.047426
         SVN  |   .7255491   2.137031     0.34   0.734     -3.46386    4.914959
         SWE  |   1.931825   .9364603     2.06   0.039     .0960003    3.767651
         USA  |  -.9546893   .8288521    -1.15   0.249    -2.579561     .670182
              |
        _cons |  -12.46329   7.652756    -1.63   0.103    -27.46565    2.539083
--------------+----------------------------------------------------------------
COUNTERPART~l |   absorbed                                     (204 categories)
.         test CIT_RATE + HavenCIT_RATE=0

 ( 1)  CIT_RATE + HavenCIT_RATE = 0

       F(  1,  5601) =    3.66
            Prob > F =    0.0558
.                         scalar p1 = r(p)
.         outreg2 using OLS, append ctitle("$+\eta_j$") ///
>                                                         tex(frag pretty) word label a
> lpha(0.01, 0.05, 0.1) symbol(***, **, *) ///
>                                                          nonotes addnote("Dummies are
>  added as specified above. FE drops $\zeta_i+\eta_j$. Robust standard errors in paran
> theses.", "*** p<0.01, ** p<0.05, * p<0.1") ///
>                                                          addstat("$\gamma_1+\gamma_3 
> =0$ (p-value)", p1)  ///
>                                                          dec(3) keep(`Gravity' `Indep
> endent1' `Control1')       
warning: addnote ignored in appended columns
OLS.tex
OLS.rtf
dir : seeout
. 
. 
. areg `y' `Gravity' `Independent1' `Control1' b2015.obsTime, absorb(Pair_Tal) vce(robu
> st) 
note: ln_distw omitted because of collinearity
note: Haven omitted because of collinearity
note: contig omitted because of collinearity
note: comlang_off omitted because of collinearity
note: colony omitted because of collinearity
note: comcol omitted because of collinearity

Linear regression, absorbing indicators           Number of obs   =       5850
                                                  F(  14,   3975) =       7.37
                                                  Prob > F        =     0.0000
                                                  R-squared       =     0.9490
                                                  Adj R-squared   =     0.9250
                                                  Root MSE        =     0.8568

-------------------------------------------------------------------------------
              |               Robust
ln_FDIInc_O~l |      Coef.   Std. Err.      t    P>|t|     [95% Conf. Interval]
--------------+----------------------------------------------------------------
       ln_GDP |   .5667421   .2428768     2.33   0.020     .0905674    1.042917
     ln_GDP_j |   .1798574   .1555582     1.16   0.248     -.125124    .4848387
     ln_distw |          0  (omitted)
        Haven |          0  (omitted)
     CIT_RATE |   .0232258   .0083673     2.78   0.006     .0068211    .0396305
HavenCIT_RATE |  -.0221883   .0192623    -1.15   0.249    -.0599532    .0155767
       contig |          0  (omitted)
  comlang_off |          0  (omitted)
       colony |          0  (omitted)
       comcol |          0  (omitted)
              |
      obsTime |
        2005  |  -.1153189   .1310022    -0.88   0.379    -.3721566    .1415189
        2006  |   .0843803   .1124719     0.75   0.453    -.1361277    .3048882
        2007  |    .278579   .0949951     2.93   0.003     .0923353    .4648228
        2008  |   .2160965   .0933464     2.31   0.021     .0330852    .3991078
        2009  |   .2538148   .0852961     2.98   0.003     .0865866     .421043
        2010  |   .4200603   .0747573     5.62   0.000      .273494    .5666265
        2011  |   .3200905   .0573585     5.58   0.000     .2076357    .4325454
        2012  |   .2035349   .0572293     3.56   0.000     .0913333    .3157364
        2013  |   .0295554   .0439766     0.67   0.502    -.0566633    .1157742
        2014  |    .127586     .04492     2.84   0.005     .0395177    .2156543
              |
        _cons |  -6.992989   3.734601    -1.87   0.061     -14.3149    .3289232
--------------+----------------------------------------------------------------
     Pair_Tal |   absorbed                                    (1861 categories)
.         test CIT_RATE + HavenCIT_RATE=0

 ( 1)  CIT_RATE + HavenCIT_RATE = 0

       F(  1,  3975) =    0.00
            Prob > F =    0.9555
.                 scalar p1 = r(p)
.         outreg2 using OLS, append ctitle("$+\theta_{ij}$ (FE)") ///
>                                                         tex(frag pretty) word label a
> lpha(0.01, 0.05, 0.1) symbol(***, **, *) ///
>                                                          nonotes addnote("Dummies are
>  added as specified above. FE drops $\zeta_i+\eta_j$. Robust standard errors in paran
> theses.", "*** p<0.01, ** p<0.05, * p<0.1") ///
>                                                          addstat("$\gamma_1+\gamma_3 
> =0$ (p-value)", p1)  ///
>                                                          dec(3) keep(`Gravity' `Indep
> endent1' `Control1')               
warning: addnote ignored in appended columns
OLS.tex
OLS.rtf
dir : seeout
. 
. *Equivalent alternative: 
. *regress `y' `Gravity' `Independent1' `Control1' b2015.obsTime b6.COU_Tal  b59.COUNTE
> RPART_AREA_Tal  b1017.Pair_Tal //Reference group: Germany-France (most observations, 
> large flow)
. *quietly eststo eq1: regress `y' `Gravity' `Independent1' `Control1' b2015.obsTime b1
> 017.Pair_Tal, robust //Reference group: Germany-France (most observations, large flow
> )
. *esttab eq1, se keep(`Gravity' `Independent1' `Control1')                            
>                             
.                                                          
. *Equivalent alternative 
. *xtreg `y' `Gravity' `Independent1' `Control1' b2015.obsTime, fe robust 
. 
. /*
>                         Time dummies &&X&X&X&X \\
>                         Country \textit{i} dummies &&&X&X& \\
>                         Country \textit{j} dummies &&&&X& \\
>                         Country pair dummies &&&&&X \\  
> */
. }

. 
. *************************************************************************************
> ********************
. * REGRESSION TABLE ONE.         BASIC REGRESSION (CLUSTERED STD ERRORS)
. *************************************************************************************
> ********************
. {
. regress `y' `Gravity' `Independent1' `Control1', robust cluster(distw)

Linear regression                                      Number of obs =    5850
                                                       F( 10,  1845) =  251.31
                                                       Prob > F      =  0.0000
                                                       R-squared     =  0.5400
                                                       Root MSE      =   2.124

                                (Std. Err. adjusted for 1846 clusters in distw)
-------------------------------------------------------------------------------
              |               Robust
ln_FDIInc_O~l |      Coef.   Std. Err.      t    P>|t|     [95% Conf. Interval]
--------------+----------------------------------------------------------------
       ln_GDP |   .9759166   .0358148    27.25   0.000     .9056748    1.046158
     ln_GDP_j |   .8372994   .0243648    34.37   0.000     .7895139    .8850849
     ln_distw |  -.7922465   .0540732   -14.65   0.000    -.8982977   -.6861954
        Haven |   2.597725   .6185182     4.20   0.000     1.384656    3.810794
     CIT_RATE |   .0331139     .00781     4.24   0.000     .0177966    .0484312
HavenCIT_RATE |  -.0300417   .0240123    -1.25   0.211     -.077136    .0170525
       contig |   .2116739   .2015828     1.05   0.294    -.1836804    .6070282
  comlang_off |   .7887353   .1927667     4.09   0.000     .4106715    1.166799
       colony |   1.236134   .1989677     6.21   0.000     .8459085     1.62636
       comcol |   2.587341    .625537     4.14   0.000     1.360506    3.814175
        _cons |  -14.66591   .6674186   -21.97   0.000    -15.97488   -13.35693
-------------------------------------------------------------------------------
.         test CIT_RATE + HavenCIT_RATE=0

 ( 1)  CIT_RATE + HavenCIT_RATE = 0

       F(  1,  1845) =    0.02
            Prob > F =    0.8932
.                 scalar p1 = r(p)
.         outreg2 using OLSCluster, replace ctitle("Eq. (\ref{gravity1})") ///
>                                                         tex(frag pretty) word label a
> lpha(0.01, 0.05, 0.1) symbol(***, **, *) ///
>                                                          nonotes addnote("Dummies are
>  added as specified above. FE drops $\zeta_i+\eta_j$. Robust standard errors in paran
> theses.", "*** p<0.01, ** p<0.05, * p<0.1") ///
>                                                          addstat("$\gamma_1+\gamma_3 
> =0$ (p-value)", p1)  ///
>                                                          dec(3) keep(`Gravity' `Indep
> endent1' `Control1')                                                        
OLSCluster.tex
OLSCluster.rtf
dir : seeout
.                                                  
.                                                          
. regress `y' `Gravity' `Independent1' `Control1' b2015.obsTime, robust cluster(distw)

Linear regression                                      Number of obs =    5850
                                                       F( 20,  1845) =  132.12
                                                       Prob > F      =  0.0000
                                                       R-squared     =  0.5417
                                                       Root MSE      =  2.1219

                                (Std. Err. adjusted for 1846 clusters in distw)
-------------------------------------------------------------------------------
              |               Robust
ln_FDIInc_O~l |      Coef.   Std. Err.      t    P>|t|     [95% Conf. Interval]
--------------+----------------------------------------------------------------
       ln_GDP |   .9549059   .0372881    25.61   0.000     .8817745    1.028037
     ln_GDP_j |   .8371725    .024409    34.30   0.000     .7893004    .8850446
     ln_distw |  -.7815199   .0539734   -14.48   0.000    -.8873752   -.6756645
        Haven |   2.600662   .6185995     4.20   0.000     1.387433     3.81389
     CIT_RATE |   .0349355    .008133     4.30   0.000     .0189847    .0508864
HavenCIT_RATE |  -.0301412   .0239213    -1.26   0.208    -.0770568    .0167744
       contig |   .1826273   .2031362     0.90   0.369    -.2157737    .5810283
  comlang_off |   .8056887   .1915788     4.21   0.000     .4299547    1.181423
       colony |   1.247977   .2010441     6.21   0.000     .8536788    1.642274
       comcol |   2.556835   .6191043     4.13   0.000     1.342616    3.771053
              |
      obsTime |
        2005  |   .3324287   .1335484     2.49   0.013     .0705069    .5943506
        2006  |   .3834594   .1214274     3.16   0.002     .1453098    .6216089
        2007  |   .3581582   .1223905     2.93   0.003     .1181198    .5981966
        2008  |   .2767366   .1228447     2.25   0.024     .0358073    .5176659
        2009  |   .3860341   .1250477     3.09   0.002     .1407843    .6312839
        2010  |   .3856887   .1302027     2.96   0.003     .1303287    .6410488
        2011  |   .0624426   .1077214     0.58   0.562     -.148826    .2737113
        2012  |  -.0019189   .0975092    -0.02   0.984    -.1931588     .189321
        2013  |  -.0357681   .0557467    -0.64   0.521    -.1451012    .0735651
        2014  |   .0194056   .0512439     0.38   0.705    -.0810965    .1199076
              |
        _cons |  -14.55918   .6662358   -21.85   0.000    -15.86583   -13.25252
-------------------------------------------------------------------------------
.         test CIT_RATE + HavenCIT_RATE=0

 ( 1)  CIT_RATE + HavenCIT_RATE = 0

       F(  1,  1845) =    0.04
            Prob > F =    0.8345
.                         scalar p1 = r(p)
.         outreg2 using OLSCluster, append ctitle("$+\delta_t$") ///
>                                                         tex(frag pretty) word label a
> lpha(0.01, 0.05, 0.1) symbol(***, **, *) ///
>                                                          nonotes addnote("Dummies are
>  added as specified above. FE drops $\zeta_i+\eta_j$. Robust standard errors in paran
> theses.", "*** p<0.01, ** p<0.05, * p<0.1") ///
>                                                          addstat("$\gamma_1+\gamma_3 
> =0$ (p-value)", p1)  ///
>                                                          dec(3) keep(`Gravity' `Indep
> endent1' `Control1')
warning: addnote ignored in appended columns
OLSCluster.tex
OLSCluster.rtf
dir : seeout
. *Equivalent alternative:
. *areg `y' `Gravity' `Independent1' `Control1', absorb(obsTime) vce(cluster distw) noo
> mitted                                                     
. 
. *regress `y' `Gravity' `Independent1' `Control1' b2015.obsTime b6.COU_Tal, robust // 
> Reference group: Germany (most observations)                                         
>                               
. areg `y' `Gravity' `Independent1' `Control1' b2015.obsTime, absorb(COU_Tal) vce(clust
> er distw) 

Linear regression, absorbing indicators           Number of obs   =       5850
                                                  F(  20,   1845) =      97.92
                                                  Prob > F        =     0.0000
                                                  R-squared       =     0.6376
                                                  Adj R-squared   =     0.6347
                                                  Root MSE        =     1.8913

                                (Std. Err. adjusted for 1846 clusters in distw)
-------------------------------------------------------------------------------
              |               Robust
ln_FDIInc_O~l |      Coef.   Std. Err.      t    P>|t|     [95% Conf. Interval]
--------------+----------------------------------------------------------------
       ln_GDP |   1.434993    .407583     3.52   0.000     .6356206    2.234366
     ln_GDP_j |   .8196957   .0239761    34.19   0.000     .7726725    .8667189
     ln_distw |   -.840198   .0503284   -16.69   0.000    -.9389046   -.7414915
        Haven |   2.567766   .6090022     4.22   0.000      1.37336    3.762172
     CIT_RATE |    .059639   .0131689     4.53   0.000     .0338114    .0854666
HavenCIT_RATE |  -.0292007   .0236548    -1.23   0.217    -.0755938    .0171923
       contig |   .3769516   .2011207     1.87   0.061    -.0174965    .7713997
  comlang_off |   .6707681   .1905672     3.52   0.000     .2970181    1.044518
       colony |   .9680123   .1711203     5.66   0.000     .6324024    1.303622
       comcol |   3.156827   .7536892     4.19   0.000     1.678653       4.635
              |
      obsTime |
        2005  |   .3454323   .1486599     2.32   0.020     .0538729    .6369916
        2006  |   .3781165   .1267237     2.98   0.003     .1295795    .6266535
        2007  |   .2938167    .121888     2.41   0.016     .0547639    .5328695
        2008  |   .3817836   .1205187     3.17   0.002     .1454162     .618151
        2009  |    .543375   .1182123     4.60   0.000     .3115311    .7752189
        2010  |   .6028586   .1140798     5.28   0.000     .3791195    .8265978
        2011  |   .3094654   .0837205     3.70   0.000     .1452686    .4736623
        2012  |   .1675935   .0761876     2.20   0.028     .0181706    .3170165
        2013  |  -.1010361   .0655609    -1.54   0.123    -.2296174    .0275452
        2014  |   .0351899   .0666853     0.53   0.598    -.0955967    .1659764
              |
        _cons |   -21.1831   5.773481    -3.67   0.000    -32.50634   -9.859855
--------------+----------------------------------------------------------------
      COU_Tal |   absorbed                                      (27 categories)
.         test CIT_RATE + HavenCIT_RATE=0

 ( 1)  CIT_RATE + HavenCIT_RATE = 0

       F(  1,  1845) =    1.70
            Prob > F =    0.1928
.                         scalar p1 = r(p)
.         outreg2 using OLSCluster, append ctitle("$+\zeta_i$") ///
>                                                         tex(frag pretty) word label a
> lpha(0.01, 0.05, 0.1) symbol(***, **, *) ///
>                                                          nonotes addnote("Dummies are
>  added as specified above. FE drops $\zeta_i+\eta_j$. Robust standard errors in paran
> theses.", "*** p<0.01, ** p<0.05, * p<0.1") ///
>                                                          addstat("$\gamma_1+\gamma_3 
> =0$ (p-value)", p1)  ///
>                                                          dec(3) keep(`Gravity' `Indep
> endent1' `Control1')                
warning: addnote ignored in appended columns
OLSCluster.tex
OLSCluster.rtf
dir : seeout
. *Equivalent alternative:
. *regress `y' `Gravity' `Independent1' `Control1' b2015.obsTime b6.COU_Tal  b59.COUNTE
> RPART_AREA_Tal, robust //Reference group: Germany
. 
. areg `y' `Gravity' `Independent1' `Control1' b2015.obsTime  b6.COU_Tal, absorb(COUNTE
> RPART_AREA_Ta) vce(cluster distw)  // Reference group: Germany (most observations)   
>                                                                                      
>   
note: Haven omitted because of collinearity

Linear regression, absorbing indicators           Number of obs   =       5850
                                                  F(  45,   1845) =      73.60
                                                  Prob > F        =     0.0000
                                                  R-squared       =     0.7348
                                                  Adj R-squared   =     0.7231
                                                  Root MSE        =     1.6466

                                (Std. Err. adjusted for 1846 clusters in distw)
-------------------------------------------------------------------------------
              |               Robust
ln_FDIInc_O~l |      Coef.   Std. Err.      t    P>|t|     [95% Conf. Interval]
--------------+----------------------------------------------------------------
       ln_GDP |   1.409176   .3733249     3.77   0.000      .676992    2.141359
     ln_GDP_j |   .3145245   .2122313     1.48   0.139    -.1017143    .7307633
     ln_distw |  -1.091438   .0848757   -12.86   0.000      -1.2579   -.9249751
        Haven |          0  (omitted)
     CIT_RATE |    .043186   .0127545     3.39   0.001     .0181713    .0682008
HavenCIT_RATE |  -.0137152   .0191586    -0.72   0.474      -.05129    .0238596
       contig |   .1761835   .1910291     0.92   0.356    -.1984725    .5508395
  comlang_off |   .5873037   .1772588     3.31   0.001     .2396548    .9349526
       colony |   1.005891   .1773239     5.67   0.000     .6581146    1.353668
       comcol |    3.52943   .7520188     4.69   0.000     2.054533    5.004327
              |
      obsTime |
        2005  |   .0565649   .1698838     0.33   0.739    -.2766198    .3897497
        2006  |   .1536701   .1418253     1.08   0.279    -.1244849     .431825
        2007  |   .1557716     .12263     1.27   0.204    -.0847367    .3962798
        2008  |   .2302921   .1166009     1.98   0.048     .0016085    .4589757
        2009  |   .3852687   .1137536     3.39   0.001     .1621693     .608368
        2010  |   .5055904   .1004148     5.04   0.000     .3086518    .7025291
        2011  |   .2766068   .0764275     3.62   0.000     .1267132    .4265004
        2012  |   .1397398   .0681243     2.05   0.040      .006131    .2733485
        2013  |  -.0957511   .0611351    -1.57   0.117    -.2156523    .0241501
        2014  |   .0411565   .0630247     0.65   0.514    -.0824508    .1647638
              |
      COU_Tal |
         AUS  |   .4540238   .4671101     0.97   0.331    -.4620962    1.370144
         AUT  |   1.077129   .8227766     1.31   0.191    -.5365421      2.6908
         BEL  |   .4307015   .7401544     0.58   0.561    -1.020927     1.88233
         CAN  |   1.138633   .4604003     2.47   0.013     .2356722    2.041593
         CZE  |  -.7295356   1.161566    -0.63   0.530    -3.007659    1.548587
         DNK  |   1.513516   .9031435     1.68   0.094    -.2577752    3.284806
         ESP  |    1.12484   .4720921     2.38   0.017     .1989493    2.050731
         EST  |   .9551721   1.903215     0.50   0.616    -2.777509    4.687853
         FRA  |   .0377197   .2669783     0.14   0.888    -.4858917    .5613311
         GBR  |   .6934544   .1812861     3.83   0.000     .3379068    1.049002
         GRC  |  -.1531328   1.052584    -0.15   0.884    -2.217513    1.911248
         HUN  |   1.383136   1.282297     1.08   0.281     -1.13177    3.898042
         IRL  |   1.483826   1.115943     1.33   0.184    -.7048182     3.67247
         ISL  |       2.26   2.085572     1.08   0.279    -1.830329    6.350328
         ITA  |  -1.219761   .2807272    -4.35   0.000    -1.770337   -.6691845
         JPN  |   .6945601   .2877201     2.41   0.016     .1302689    1.258851
         KOR  |   .1827053   .4760049     0.38   0.701    -.7508597     1.11627
         LVA  |   1.255211   1.873597     0.67   0.503    -2.419383    4.929805
         NLD  |   3.162895   .5610013     5.64   0.000     2.062631    4.263159
         NOR  |   1.183964   .7890189     1.50   0.134    -.3634998    2.731428
         NZL  |   .0187936   1.167914     0.02   0.987    -2.271778    2.309365
         POL  |  -1.234917   .7749426    -1.59   0.111    -2.754774    .2849396
         SVK  |  -1.642636   1.475647    -1.11   0.266    -4.536749    1.251477
         SVN  |   .7255491   1.676717     0.43   0.665    -2.562914    4.014012
         SWE  |   1.931825   .7220202     2.68   0.008      .515763    3.347888
         USA  |  -.9546893   .6772034    -1.41   0.159    -2.282855    .3734762
              |
        _cons |  -12.46329   5.960351    -2.09   0.037    -24.15303   -.7735433
--------------+----------------------------------------------------------------
COUNTERPART~l |   absorbed                                     (204 categories)
.         test CIT_RATE + HavenCIT_RATE=0

 ( 1)  CIT_RATE + HavenCIT_RATE = 0

       F(  1,  1845) =    2.07
            Prob > F =    0.1502
.                         scalar p1 = r(p)
.         outreg2 using OLSCluster, append ctitle("$+\eta_j$") ///
>                                                         tex(frag pretty) word label a
> lpha(0.01, 0.05, 0.1) symbol(***, **, *) ///
>                                                          nonotes addnote("Dummies are
>  added as specified above. FE drops $\zeta_i+\eta_j$. Robust standard errors in paran
> theses.", "*** p<0.01, ** p<0.05, * p<0.1") ///
>                                                          addstat("$\gamma_1+\gamma_3 
> =0$ (p-value)", p1)  ///
>                                                          dec(3) keep(`Gravity' `Indep
> endent1' `Control1')
warning: addnote ignored in appended columns
OLSCluster.tex
OLSCluster.rtf
dir : seeout
. *Equivalent alternative: 
. *regress `y' `Gravity' `Independent1' `Control1' b2015.obsTime b6.COU_Tal  b59.COUNTE
> RPART_AREA_Tal  b1017.Pair_Tal //Reference group: Germany-France (most observations, 
> large flow)
. 
. 
. areg `y' `Gravity' `Independent1' `Control1' b2015.obsTime, absorb(Pair_Tal) vce(clus
> ter distw)  
note: ln_distw omitted because of collinearity
note: Haven omitted because of collinearity
note: contig omitted because of collinearity
note: comlang_off omitted because of collinearity
note: colony omitted because of collinearity
note: comcol omitted because of collinearity

Linear regression, absorbing indicators           Number of obs   =       5850
                                                  F(  14,   1845) =       5.98
                                                  Prob > F        =     0.0000
                                                  R-squared       =     0.9490
                                                  Adj R-squared   =     0.9250
                                                  Root MSE        =     0.8568

                                (Std. Err. adjusted for 1846 clusters in distw)
-------------------------------------------------------------------------------
              |               Robust
ln_FDIInc_O~l |      Coef.   Std. Err.      t    P>|t|     [95% Conf. Interval]
--------------+----------------------------------------------------------------
       ln_GDP |   .5667421   .3104251     1.83   0.068    -.0420794    1.175564
     ln_GDP_j |   .1798574   .2580798     0.70   0.486    -.3263018    .6860166
     ln_distw |          0  (omitted)
        Haven |          0  (omitted)
     CIT_RATE |   .0232258   .0131579     1.77   0.078    -.0025802    .0490317
HavenCIT_RATE |  -.0221883   .0280792    -0.79   0.430    -.0772586    .0328821
       contig |          0  (omitted)
  comlang_off |          0  (omitted)
       colony |          0  (omitted)
       comcol |          0  (omitted)
              |
      obsTime |
        2005  |  -.1153189   .1808764    -0.64   0.524    -.4700628    .2394251
        2006  |   .0843803   .1563362     0.54   0.589    -.2222342    .3909947
        2007  |    .278579   .1270421     2.19   0.028     .0294177    .5277404
        2008  |   .2160965   .1170895     1.85   0.065    -.0135453    .4457383
        2009  |   .2538148   .1042071     2.44   0.015     .0494386     .458191
        2010  |   .4200603   .0907549     4.63   0.000     .2420671    .5980534
        2011  |   .3200905   .0720354     4.44   0.000      .178811      .46137
        2012  |   .2035349     .06607     3.08   0.002     .0739551    .3331146
        2013  |   .0295554   .0544368     0.54   0.587    -.0772088    .1363197
        2014  |    .127586   .0550346     2.32   0.021     .0196493    .2355226
              |
        _cons |  -6.992989   4.958857    -1.41   0.159    -16.71855    2.732571
--------------+----------------------------------------------------------------
     Pair_Tal |   absorbed                                    (1861 categories)
.         test CIT_RATE + HavenCIT_RATE=0

 ( 1)  CIT_RATE + HavenCIT_RATE = 0

       F(  1,  1845) =    0.00
            Prob > F =    0.9704
.                 scalar p1 = r(p)
.         outreg2 using OLSCluster, append ctitle("$+\theta_{ij}$ (FE)") ///
>                                                         tex(frag pretty) word label a
> lpha(0.01, 0.05, 0.1) symbol(***, **, *) ///
>                                                          nonotes addnote("Dummies are
>  added as specified above. FE drops $\zeta_i+\eta_j$. Robust standard errors in paran
> theses.", "*** p<0.01, ** p<0.05, * p<0.1") ///
>                                                          addstat("$\gamma_1+\gamma_3 
> =0$ (p-value)", p1)  ///
>                                                          dec(3) keep(`Gravity' `Indep
> endent1' `Control1')
warning: addnote ignored in appended columns
OLSCluster.tex
OLSCluster.rtf
dir : seeout
. 
. *Equivalent alternative 
. *xtreg `y' `Gravity' `Independent1' `Control1' b2015.obsTime, fe robust              
>                                             
. }       

. 
. *************************************************************************************
> *******************
. * REGRESSION TABLE TWO.         POISSON 
. *************************************************************************************
> *******************                                                 
. {
. 
. *Creates dummies manually (needed for ppml)
. quietly ta COU_Tal, gen(COU_Tal_)
. quietly ta Pair_Tal, gen(Pair_Tal_)
. quietly ta obsTime, gen(obsTime_)
. 
. *replace  FDIInc_Out_Total=0 if FDIInc_Out_Total==.
. 
. /*
> \begin{tabular}{lccc|ccc|ccc} \hline
>                         & \multicolumn{9}{c}{} \\
>                         & \multicolumn{3}{c}{OLS} & 
>                         \multicolumn{3}{c}{Poisson PML, $ FDIInc>0 $} & \multicolumn{
> 3}{c}{Poisson PML, $ FDIInc\geq0 $} \\
>                 \cline{2-10}    
> */
. 
. 
. 
. 
. 
. * OLS
. regress `y' `Gravity' `Independent1' `Control1', robust

Linear regression                                      Number of obs =    5850
                                                       F( 10,  5839) =  764.41
                                                       Prob > F      =  0.0000
                                                       R-squared     =  0.5400
                                                       Root MSE      =   2.124

-------------------------------------------------------------------------------
              |               Robust
ln_FDIInc_O~l |      Coef.   Std. Err.      t    P>|t|     [95% Conf. Interval]
--------------+----------------------------------------------------------------
       ln_GDP |   .9759166   .0199774    48.85   0.000     .9367534     1.01508
     ln_GDP_j |   .8372994    .014238    58.81   0.000     .8093877    .8652111
     ln_distw |  -.7922465   .0311136   -25.46   0.000    -.8532407   -.7312524
        Haven |   2.597725   .3265124     7.96   0.000      1.95764     3.23781
     CIT_RATE |   .0331139   .0040448     8.19   0.000     .0251846    .0410432
HavenCIT_RATE |  -.0300417   .0124773    -2.41   0.016    -.0545019   -.0055816
       contig |   .2116739   .1103055     1.92   0.055    -.0045658    .4279136
  comlang_off |   .7887353   .1001503     7.88   0.000     .5924037    .9850668
       colony |   1.236134   .1132727    10.91   0.000     1.014077    1.458191
       comcol |   2.587341   .3194544     8.10   0.000     1.961092     3.21359
        _cons |  -14.66591   .3661661   -40.05   0.000    -15.38373   -13.94809
-------------------------------------------------------------------------------
.         test CIT_RATE + HavenCIT_RATE=0

 ( 1)  CIT_RATE + HavenCIT_RATE = 0

       F(  1,  5839) =    0.07
            Prob > F =    0.7966
.                 scalar p1 = r(p)
.         outreg2 using Zeroes, replace ctitle("Eq. (\ref{gravity1})") ///
>                                                         tex(frag pretty) word label a
> lpha(0.01, 0.05, 0.1, 0.15) symbol(***, **, *, +) ///
>                                                          addnote("All models include 
> $ D_{ij}$ and a constant term. Dummies are added as specified above. Robust standard 
> errors in parantheses.", "*** p<0.01, ** p<0.05, * p<0.1, + p<0.15") ///
>                                                          dec(3) keep(`Gravity' `Indep
> endent1') nocon nonotes
Zeroes.tex
Zeroes.rtf
dir : seeout
. 
. areg `y' `Gravity' `Independent1' `Control1' b2015.obsTime, absorb(COU_Tal) vce(robus
> t)

Linear regression, absorbing indicators           Number of obs   =       5850
                                                  F(  20,   5803) =     280.63
                                                  Prob > F        =     0.0000
                                                  R-squared       =     0.6376
                                                  Adj R-squared   =     0.6347
                                                  Root MSE        =     1.8913

-------------------------------------------------------------------------------
              |               Robust
ln_FDIInc_O~l |      Coef.   Std. Err.      t    P>|t|     [95% Conf. Interval]
--------------+----------------------------------------------------------------
       ln_GDP |   1.434993   .5612515     2.56   0.011     .3347308    2.535255
     ln_GDP_j |   .8196957   .0137283    59.71   0.000      .792783    .8466083
     ln_distw |   -.840198   .0282878   -29.70   0.000    -.8956526   -.7847435
        Haven |   2.567766   .3162402     8.12   0.000     1.947818    3.187715
     CIT_RATE |    .059639   .0137759     4.33   0.000     .0326331    .0866449
HavenCIT_RATE |  -.0292007   .0121259    -2.41   0.016     -.052972   -.0054295
       contig |   .3769516   .1097681     3.43   0.001     .1617652     .592138
  comlang_off |   .6707681   .0998151     6.72   0.000     .4750932    .8664429
       colony |   .9680123    .099303     9.75   0.000     .7733414    1.162683
       comcol |   3.156827   .3847784     8.20   0.000     2.402517    3.911136
              |
      obsTime |
        2005  |   .3454323   .1884827     1.83   0.067     -.024064    .7149285
        2006  |   .3781165   .1672993     2.26   0.024     .0501474    .7060856
        2007  |   .2938167   .1636387     1.80   0.073    -.0269761    .6146095
        2008  |   .3817836   .1521431     2.51   0.012     .0835264    .6800409
        2009  |    .543375   .1422529     3.82   0.000     .2645063    .8222436
        2010  |   .6028586    .141735     4.25   0.000     .3250051    .8807122
        2011  |   .3094654   .1266953     2.44   0.015     .0610953    .5578356
        2012  |   .1675935   .1175077     1.43   0.154    -.0627654    .3979524
        2013  |  -.1010361   .0951946    -1.06   0.289    -.2876531    .0855809
        2014  |   .0351899   .1036848     0.34   0.734     -.168071    .2384507
              |
        _cons |   -21.1831   7.866002    -2.69   0.007    -36.60339   -5.762799
--------------+----------------------------------------------------------------
      COU_Tal |   absorbed                                      (27 categories)
.         test CIT_RATE + HavenCIT_RATE=0

 ( 1)  CIT_RATE + HavenCIT_RATE = 0

       F(  1,  5803) =    3.05
            Prob > F =    0.0810
.                         scalar p1 = r(p)
.         outreg2 using Zeroes, append ctitle("$+\delta_t+\zeta_i$") ///
>                                                         tex(frag pretty) word label a
> lpha(0.01, 0.05, 0.1, 0.15) symbol(***, **, *, +) ///
>                                                          addnote("All models include 
> $ D_{ij}$ and a constant term. Dummies are added as specified above. Robust standard 
> errors in parantheses.", "*** p<0.01, ** p<0.05, * p<0.1, + p<0.15") ///
>                                                          dec(3) keep(`Gravity' `Indep
> endent1') nocon nonotes
warning: addnote ignored in appended columns
Zeroes.tex
Zeroes.rtf
dir : seeout
. *Equivalent
. *reg `y' `Gravity' `Independent1' `Control1' obsTime_* COU_Tal_*, robust
.                                                          
. areg `y' `Gravity' `Independent1' `Control1' b2015.obsTime, absorb(Pair_Tal) vce(robu
> st) 
note: ln_distw omitted because of collinearity
note: Haven omitted because of collinearity
note: contig omitted because of collinearity
note: comlang_off omitted because of collinearity
note: colony omitted because of collinearity
note: comcol omitted because of collinearity

Linear regression, absorbing indicators           Number of obs   =       5850
                                                  F(  14,   3975) =       7.37
                                                  Prob > F        =     0.0000
                                                  R-squared       =     0.9490
                                                  Adj R-squared   =     0.9250
                                                  Root MSE        =     0.8568

-------------------------------------------------------------------------------
              |               Robust
ln_FDIInc_O~l |      Coef.   Std. Err.      t    P>|t|     [95% Conf. Interval]
--------------+----------------------------------------------------------------
       ln_GDP |   .5667421   .2428768     2.33   0.020     .0905674    1.042917
     ln_GDP_j |   .1798574   .1555582     1.16   0.248     -.125124    .4848387
     ln_distw |          0  (omitted)
        Haven |          0  (omitted)
     CIT_RATE |   .0232258   .0083673     2.78   0.006     .0068211    .0396305
HavenCIT_RATE |  -.0221883   .0192623    -1.15   0.249    -.0599532    .0155767
       contig |          0  (omitted)
  comlang_off |          0  (omitted)
       colony |          0  (omitted)
       comcol |          0  (omitted)
              |
      obsTime |
        2005  |  -.1153189   .1310022    -0.88   0.379    -.3721566    .1415189
        2006  |   .0843803   .1124719     0.75   0.453    -.1361277    .3048882
        2007  |    .278579   .0949951     2.93   0.003     .0923353    .4648228
        2008  |   .2160965   .0933464     2.31   0.021     .0330852    .3991078
        2009  |   .2538148   .0852961     2.98   0.003     .0865866     .421043
        2010  |   .4200603   .0747573     5.62   0.000      .273494    .5666265
        2011  |   .3200905   .0573585     5.58   0.000     .2076357    .4325454
        2012  |   .2035349   .0572293     3.56   0.000     .0913333    .3157364
        2013  |   .0295554   .0439766     0.67   0.502    -.0566633    .1157742
        2014  |    .127586     .04492     2.84   0.005     .0395177    .2156543
              |
        _cons |  -6.992989   3.734601    -1.87   0.061     -14.3149    .3289232
--------------+----------------------------------------------------------------
     Pair_Tal |   absorbed                                    (1861 categories)
.         test CIT_RATE + HavenCIT_RATE=0

 ( 1)  CIT_RATE + HavenCIT_RATE = 0

       F(  1,  3975) =    0.00
            Prob > F =    0.9555
.                 scalar p1 = r(p)
.         outreg2 using Zeroes, append ctitle("FE") ///
>                                                         tex(frag pretty) word label a
> lpha(0.01, 0.05, 0.1, 0.15) symbol(***, **, *, +) ///
>                                                          addnote("All models include 
> $ D_{ij}$ and a constant term. Dummies are added as specified above. Robust standard 
> errors in parantheses.", "*** p<0.01, ** p<0.05, * p<0.1, + p<0.15") ///
>                                                          dec(3) keep(`Gravity' `Indep
> endent1') nocon nonotes
warning: addnote ignored in appended columns
Zeroes.tex
Zeroes.rtf
dir : seeout
. 
. *Poisson >0 
. ppml `y_ejlog' `Gravity' `Independent1' `Control1'  if `y_ejlog'>0

note: checking the existence of the estimates
WARNING: ln_GDP has very large values, consider rescaling  or recentering
WARNING: ln_GDP_j has very large values, consider rescaling  or recentering
WARNING: CIT_RATE has very large values, consider rescaling  or recentering
WARNING: HavenCIT_RATE has very large values, consider rescaling  or recentering

Number of regressors excluded to ensure that the estimates exist: 0
Number of observations excluded: 0

note: starting ppml estimation
note: FDIInc_Out_Total has noninteger values

Iteration 1:   deviance =  1.15e+07
Iteration 2:   deviance =   9100840
Iteration 3:   deviance =   8858470
Iteration 4:   deviance =   8852251
Iteration 5:   deviance =   8852171
Iteration 6:   deviance =   8852171
Iteration 7:   deviance =   8852171
Iteration 8:   deviance =   8852171

Number of parameters: 11
Number of observations: 5850
Pseudo log-likelihood: -4442323.1
R-squared: .31416044
Option strict is: off
-------------------------------------------------------------------------------
              |               Robust
FDIInc_Out_~l |      Coef.   Std. Err.      z    P>|z|     [95% Conf. Interval]
--------------+----------------------------------------------------------------
       ln_GDP |   .8604063   .0406555    21.16   0.000     .7807231    .9400895
     ln_GDP_j |   .6171531   .0232498    26.54   0.000     .5715843    .6627218
     ln_distw |  -.5360906   .0428534   -12.51   0.000    -.6200817   -.4520995
        Haven |   .5506285   .3279441     1.68   0.093    -.0921301    1.193387
     CIT_RATE |   .0100542   .0047823     2.10   0.036     .0006811    .0194274
HavenCIT_RATE |   .0316281   .0117037     2.70   0.007     .0086893    .0545669
       contig |  -.4794257   .1328563    -3.61   0.000    -.7398193   -.2190321
  comlang_off |   .6659191   .1034721     6.44   0.000     .4631176    .8687207
       colony |   .3020381   .0998955     3.02   0.002     .1062466    .4978297
       comcol |  -.0719137   .5247126    -0.14   0.891    -1.100331     .956504
        _cons |  -9.953342   .6659335   -14.95   0.000    -11.25855   -8.648136
-------------------------------------------------------------------------------
.         outreg2 using Zeroes, append ctitle("Eq. (\ref{gravity1})") ///
>                                                         tex(frag pretty) word label a
> lpha(0.01, 0.05, 0.1, 0.15) symbol(***, **, *, +) ///
>                                                          addnote("All models include 
> $ D_{ij}$ and a constant term. Dummies are added as specified above. Robust standard 
> errors in parantheses.", "*** p<0.01, ** p<0.05, * p<0.1, + p<0.15") ///
>                                                          dec(3) keep(`Gravity' `Indep
> endent1') nocon nonotes
warning: addnote ignored in appended columns
Zeroes.tex
Zeroes.rtf
dir : seeout
.                                                          
. ppml `y_ejlog' `Gravity' `Independent1' `Control1'  obsTime_* COU_Tal_*  if `y_ejlog'
> >0

note: checking the existence of the estimates
WARNING: ln_GDP has very large values, consider rescaling  or recentering
WARNING: ln_GDP_j has very large values, consider rescaling  or recentering
WARNING: CIT_RATE has very large values, consider rescaling  or recentering
WARNING: HavenCIT_RATE has very large values, consider rescaling  or recentering

Number of regressors excluded to ensure that the estimates exist: 2
Excluded regressors:  obsTime_4 COU_Tal_19
Number of observations excluded: 0

note: starting ppml estimation
note: FDIInc_Out_Total has noninteger values

Iteration 1:   deviance =   9523014
Iteration 2:   deviance =   7264260
Iteration 3:   deviance =   6998326
Iteration 4:   deviance =   6980087
Iteration 5:   deviance =   6977833
Iteration 6:   deviance =   6977611
Iteration 7:   deviance =   6977605
Iteration 8:   deviance =   6977605
Iteration 9:   deviance =   6977605

Number of parameters: 47
Number of observations: 5850
Pseudo log-likelihood: -3505040.2
R-squared: .39342801
Option strict is: off
-------------------------------------------------------------------------------
              |               Robust
FDIInc_Out_~l |      Coef.   Std. Err.      z    P>|z|     [95% Conf. Interval]
--------------+----------------------------------------------------------------
       ln_GDP |   .5806933   .8530608     0.68   0.496    -1.091275    2.252662
     ln_GDP_j |   .6288948   .0221702    28.37   0.000     .5854421    .6723475
     ln_distw |  -.5670468    .041373   -13.71   0.000    -.6481365   -.4859572
        Haven |   .3954076   .3329268     1.19   0.235    -.2571169    1.047932
     CIT_RATE |  -.0090056   .0175012    -0.51   0.607    -.0433074    .0252962
HavenCIT_RATE |    .038058   .0121289     3.14   0.002     .0142858    .0618301
       contig |   -.276909   .1114256    -2.49   0.013    -.4952991   -.0585189
  comlang_off |   .6302524    .110982     5.68   0.000     .4127318    .8477731
       colony |   .3138399   .0993622     3.16   0.002     .1190935    .5085862
       comcol |    .763927   .5134423     1.49   0.137    -.2424013    1.770255
    obsTime_1 |   .2665811   .3215497     0.83   0.407    -.3636447    .8968069
    obsTime_2 |   .3999572    .289271     1.38   0.167    -.1670036     .966918
    obsTime_3 |   .3495311   .2389451     1.46   0.144    -.1187927    .8178549
    obsTime_5 |   .1593251   .2221218     0.72   0.473    -.2760256    .5946758
    obsTime_6 |   .3679659   .2297907     1.60   0.109    -.0824157    .8183474
    obsTime_7 |    .342688   .2069585     1.66   0.098    -.0629433    .7483192
    obsTime_8 |   .2656842   .2124613     1.25   0.211    -.1507322    .6821007
    obsTime_9 |   .2548296    .186827     1.36   0.173    -.1113446    .6210039
   obsTime_10 |   .2424409   .1871097     1.30   0.195    -.1242874    .6091691
   obsTime_11 |   .1344243    .202825     0.66   0.507    -.2631055    .5319541
    COU_Tal_1 |    1.97507   3.373561     0.59   0.558    -4.636988    8.587128
    COU_Tal_2 |   1.572379   2.329457     0.67   0.500    -2.993273    6.138032
    COU_Tal_3 |   1.471062   2.543476     0.58   0.563    -3.514059    6.456184
    COU_Tal_4 |   2.632722   3.510175     0.75   0.453    -4.247094    9.512538
    COU_Tal_5 |   .4599603   1.709306     0.27   0.788    -2.890219    3.810139
    COU_Tal_6 |   2.075581   4.138528     0.50   0.616    -6.035785    10.18695
    COU_Tal_7 |   1.762428    2.13586     0.83   0.409    -2.423779    5.948636
    COU_Tal_8 |   2.080655   3.335301     0.62   0.533    -4.456415    8.617726
    COU_Tal_9 |   .8110709    .399667     2.03   0.042      .027738    1.594404
   COU_Tal_10 |   2.184345   4.000461     0.55   0.585    -5.656415    10.02511
   COU_Tal_11 |   2.395618   3.951678     0.61   0.544    -5.349529    10.14076
   COU_Tal_12 |   .9134564   1.827009     0.50   0.617    -2.667415    4.494328
   COU_Tal_13 |    2.06014   1.352418     1.52   0.128    -.5905514    4.710832
   COU_Tal_14 |   2.085182   1.857687     1.12   0.262    -1.555817    5.726181
   COU_Tal_15 |   .2555359   .6019934     0.42   0.671    -.9243495    1.435421
   COU_Tal_16 |   1.246067   3.685907     0.34   0.735    -5.978177    8.470312
   COU_Tal_17 |   2.883967   4.392929     0.66   0.512    -5.726016    11.49395
   COU_Tal_18 |   1.335563   3.311423     0.40   0.687    -5.154706    7.825832
   COU_Tal_20 |   3.856017   2.912669     1.32   0.186    -1.852709    9.564744
   COU_Tal_21 |   1.841363    2.44333     0.75   0.451    -2.947477    6.630203
   COU_Tal_22 |   .5464295   1.702411     0.32   0.748    -2.790235    3.883094
   COU_Tal_23 |  -.0279776   2.489152    -0.01   0.991    -4.906626    4.850671
   COU_Tal_24 |  -1.117191   1.184354    -0.94   0.346    -3.438483    1.204101
   COU_Tal_25 |  -.9195266   .5615109    -1.64   0.102    -2.020068    .1810146
   COU_Tal_26 |   2.402572   2.547857     0.94   0.346    -2.591136    7.396281
   COU_Tal_27 |   3.333895   5.528759     0.60   0.547    -7.502274    14.17006
        _cons |  -7.982919   8.880833    -0.90   0.369    -25.38903    9.423193
-------------------------------------------------------------------------------
.         outreg2 using Zeroes, append ctitle("$+\delta_t+\zeta_i$") ///
>                                                         tex(frag pretty) word label a
> lpha(0.01, 0.05, 0.1, 0.15) symbol(***, **, *, +) ///
>                                                          addnote("All models include 
> $ D_{ij}$ and a constant term. Dummies are added as specified above. Robust standard 
> errors in parantheses.", "*** p<0.01, ** p<0.05, * p<0.1, + p<0.15") ///
>                                                          dec(3) keep(`Gravity' `Indep
> endent1') nocon nonotes
warning: addnote ignored in appended columns
Zeroes.tex
Zeroes.rtf
dir : seeout
.                                                          
. *quietly ppml `y_ejlog' `Gravity' `Independent1' `Control1'  obsTime_* Pair_Tal_* if 
> `y_ejlog'>0
. xtpoisson `y_ejlog' `Gravity' `Independent1' `Control1' b2015.obsTime  if `y_ejlog'>0
> , fe vce(robust) 
note: you are responsible for interpretation of non-count dep. variable
note: 375 groups (375 obs) dropped because of only one obs per group
note: ln_distw dropped because it is constant within group
note: Haven dropped because it is constant within group
note: contig dropped because it is constant within group
note: comlang_off dropped because it is constant within group
note: colony dropped because it is constant within group
note: comcol dropped because it is constant within group

Iteration 0:   log pseudolikelihood = -272943.96  
Iteration 1:   log pseudolikelihood = -233712.58  
Iteration 2:   log pseudolikelihood = -233533.41  
Iteration 3:   log pseudolikelihood = -233533.41  

Conditional fixed-effects Poisson regression    Number of obs      =      5475
Group variable: Pair_Tal                        Number of groups   =      1486

                                                Obs per group: min =         2
                                                               avg =       3.7
                                                               max =        11

                                                Wald chi2(14)      =    160.29
Log pseudolikelihood  = -233533.41              Prob > chi2        =    0.0000

                                   (Std. Err. adjusted for clustering on Pair_Tal)
----------------------------------------------------------------------------------
                 |               Robust
FDIInc_Out_Total |      Coef.   Std. Err.      z    P>|z|     [95% Conf. Interval]
-----------------+----------------------------------------------------------------
          ln_GDP |   .4432087   .2348494     1.89   0.059    -.0170877     .903505
        ln_GDP_j |   .9227578   .1629515     5.66   0.000     .6033788    1.242137
        CIT_RATE |   .0009548   .0095747     0.10   0.921    -.0178112    .0197209
   HavenCIT_RATE |   .0041552   .0110913     0.37   0.708    -.0175833    .0258937
                 |
         obsTime |
           2005  |   .1387984   .1278967     1.09   0.278    -.1118745    .3894712
           2006  |   .2529534   .0972787     2.60   0.009     .0622906    .4436163
           2007  |   .1840656   .0828907     2.22   0.026     .0216028    .3465285
           2008  |  -.1527683   .1093814    -1.40   0.163    -.3671519    .0616153
           2009  |  -.0015783   .1040725    -0.02   0.988    -.2055566       .2024
           2010  |    .196379   .0879314     2.23   0.026     .0240366    .3687214
           2011  |   .1493011   .0483647     3.09   0.002      .054508    .2440943
           2012  |   .0935502   .0370912     2.52   0.012     .0208528    .1662475
           2013  |   .0705004   .0303337     2.32   0.020     .0110475    .1299534
           2014  |   .0543023   .0293419     1.85   0.064    -.0032068    .1118115
----------------------------------------------------------------------------------
.         outreg2 using Zeroes, append ctitle("FE") ///
>                                                         tex(frag pretty) word label a
> lpha(0.01, 0.05, 0.1, 0.15) symbol(***, **, *, +) ///
>                                                          addnote("All models include 
> $ D_{ij}$ and a constant term. Dummies are added as specified above. Robust standard 
> errors in parantheses.", "*** p<0.01, ** p<0.05, * p<0.1, + p<0.15") ///
>                                                          dec(3) keep(`Gravity' `Indep
> endent1')  noni nocon nonotes                                      
warning: addnote ignored in appended columns
Zeroes.tex
Zeroes.rtf
dir : seeout
.                                                                                      
>                             
.                                                          
. *ppml `y' `Gravity' `Independent1' `Control1' obsTime_* Pair_Tal_*  if `y'>=0
. 
. 
. *Poisson >=0 
. ppml `y_ejlog' `Gravity' `Independent1' `Control1' if `y_ejlog'>=0

note: checking the existence of the estimates
WARNING: ln_GDP has very large values, consider rescaling  or recentering
WARNING: ln_GDP_j has very large values, consider rescaling  or recentering
WARNING: CIT_RATE has very large values, consider rescaling  or recentering
WARNING: HavenCIT_RATE has very large values, consider rescaling  or recentering

Number of regressors excluded to ensure that the estimates exist: 0
Number of observations excluded: 0

note: starting ppml estimation
note: FDIInc_Out_Total has noninteger values

Iteration 1:   deviance =  1.52e+07
Iteration 2:   deviance =  1.05e+07
Iteration 3:   deviance =   9471377
Iteration 4:   deviance =   9364814
Iteration 5:   deviance =   9362955
Iteration 6:   deviance =   9362954
Iteration 7:   deviance =   9362954

Number of parameters: 11
Number of observations: 15764
Pseudo log-likelihood: -4697714.8
R-squared: .33545527
Option strict is: off
-------------------------------------------------------------------------------
              |               Robust
FDIInc_Out_~l |      Coef.   Std. Err.      z    P>|z|     [95% Conf. Interval]
--------------+----------------------------------------------------------------
       ln_GDP |   .9333252   .0394437    23.66   0.000     .8560169    1.010633
     ln_GDP_j |   .6853221   .0208224    32.91   0.000     .6445109    .7261333
     ln_distw |  -.6075276   .0421149   -14.43   0.000    -.6900714   -.5249838
        Haven |   .6022822    .334494     1.80   0.072    -.0533139    1.257878
     CIT_RATE |   .0078675   .0047561     1.65   0.098    -.0014542    .0171893
HavenCIT_RATE |   .0328623   .0118611     2.77   0.006      .009615    .0561097
       contig |  -.5825402   .1340321    -4.35   0.000    -.8452383   -.3198421
  comlang_off |   .6995105   .1042135     6.71   0.000     .4952558    .9037651
       colony |   .2917674    .100328     2.91   0.004      .095128    .4884067
       comcol |   .0299952   .5290817     0.06   0.955    -1.006986    1.066976
        _cons |  -11.40518   .6343153   -17.98   0.000    -12.64842   -10.16195
-------------------------------------------------------------------------------
.         outreg2 using Zeroes, append ctitle("Eq. (\ref{gravity1})") ///
>                                                         tex(frag pretty) word label a
> lpha(0.01, 0.05, 0.1, 0.15) symbol(***, **, *, +) ///
>                                                          addnote("All models include 
> $ D_{ij}$ and a constant term. Dummies are added as specified above. Robust standard 
> errors in parantheses.", "*** p<0.01, ** p<0.05, * p<0.1, + p<0.15") ///
>                                                          dec(3) keep(`Gravity' `Indep
> endent1') nocon nonotes
warning: addnote ignored in appended columns
Zeroes.tex
Zeroes.rtf
dir : seeout
.                                                          
. ppml `y_ejlog' `Gravity' `Independent1' `Control1'  obsTime_* COU_Tal_* if `y_ejlog'>
> =0

note: checking the existence of the estimates
WARNING: ln_GDP has very large values, consider rescaling  or recentering
WARNING: ln_GDP_j has very large values, consider rescaling  or recentering
WARNING: CIT_RATE has very large values, consider rescaling  or recentering
WARNING: HavenCIT_RATE has very large values, consider rescaling  or recentering

Number of regressors excluded to ensure that the estimates exist: 0
Number of observations excluded: 0

note: obsTime_1 omitted because of collinearity
note: COU_Tal_27 omitted because of collinearity

note: starting ppml estimation
note: FDIInc_Out_Total has noninteger values

Iteration 1:   deviance =  1.36e+07
Iteration 2:   deviance =   8672648
Iteration 3:   deviance =   7570638
Iteration 4:   deviance =   7413913
Iteration 5:   deviance =   7391510
Iteration 6:   deviance =   7386787
Iteration 7:   deviance =   7386072
Iteration 8:   deviance =   7386029
Iteration 9:   deviance =   7386029
Iteration 10:  deviance =   7386029
Iteration 11:  deviance =   7386029

Number of parameters: 47
Number of observations: 15764
Pseudo log-likelihood: -3709252.2
R-squared: .41220681
Option strict is: off
-------------------------------------------------------------------------------
              |               Robust
FDIInc_Out_~l |      Coef.   Std. Err.      z    P>|z|     [95% Conf. Interval]
--------------+----------------------------------------------------------------
       ln_GDP |   .5375298   .8553079     0.63   0.530    -1.138843    2.213903
     ln_GDP_j |   .6867689   .0197729    34.73   0.000     .6480148     .725523
     ln_distw |  -.6088979   .0424703   -14.34   0.000    -.6921382   -.5256576
        Haven |    .415621   .3400191     1.22   0.222    -.2508042    1.082046
     CIT_RATE |  -.0076736   .0176416    -0.43   0.664    -.0422506    .0269033
HavenCIT_RATE |   .0400838   .0123347     3.25   0.001     .0159083    .0642593
       contig |  -.3413551    .114087    -2.99   0.003    -.5649615   -.1177487
  comlang_off |   .6706143   .1118183     6.00   0.000     .4514544    .8897742
       colony |   .3136744    .099911     3.14   0.002     .1178525    .5094963
       comcol |      .9604   .5329017     1.80   0.072    -.0840681    2.004868
    obsTime_2 |   .1368434   .2172128     0.63   0.529    -.2888858    .5625727
    obsTime_3 |   .0894333   .2631392     0.34   0.734      -.42631    .6051767
    obsTime_4 |  -.2471136   .3235413    -0.76   0.445     -.881243    .3870157
    obsTime_5 |   -.085085   .2677219    -0.32   0.751    -.6098103    .4396404
    obsTime_6 |   .1388915   .2756133     0.50   0.614    -.4013006    .6790837
    obsTime_7 |   .0995818   .2968457     0.34   0.737    -.4822252    .6813887
    obsTime_8 |   .0316508    .291166     0.11   0.913    -.5390242    .6023257
    obsTime_9 |   .0189151   .3072089     0.06   0.951    -.5832032    .6210334
   obsTime_10 |   .0078322   .3182105     0.02   0.980    -.6158489    .6315133
   obsTime_11 |  -.1009483   .2413134    -0.42   0.676    -.5739139    .3720173
    COU_Tal_1 |  -1.724609   2.170919    -0.79   0.427    -5.979531    2.530313
    COU_Tal_2 |  -2.006883   3.222496    -0.62   0.533    -8.322858    4.309092
    COU_Tal_3 |  -2.165765   3.031283    -0.71   0.475     -8.10697    3.775441
    COU_Tal_4 |  -.9088634    2.04713    -0.44   0.657    -4.921164    3.103437
    COU_Tal_5 |   -3.41182   3.888884    -0.88   0.380    -11.03389    4.210253
    COU_Tal_6 |   -1.31897   1.422903    -0.93   0.354    -4.107809    1.469869
    COU_Tal_7 |  -1.792371   3.416993    -0.52   0.600    -8.489554    4.904812
    COU_Tal_8 |  -1.389284   2.237594    -0.62   0.535    -5.774888    2.996319
    COU_Tal_9 |  -3.271772   5.692555    -0.57   0.565    -14.42897     7.88543
   COU_Tal_10 |  -1.318642   1.542939    -0.85   0.393    -4.342747    1.705463
   COU_Tal_11 |  -1.046252    1.60043    -0.65   0.513    -4.183037    2.090533
   COU_Tal_12 |  -3.062051    3.75086    -0.82   0.414     -10.4136      4.2895
   COU_Tal_13 |  -1.798894   4.222838    -0.43   0.670    -10.07551    6.477716
   COU_Tal_14 |  -1.798233   3.747784    -0.48   0.631    -9.143756    5.547289
   COU_Tal_15 |  -3.830532   6.009252    -0.64   0.524    -15.60845    7.947386
   COU_Tal_16 |  -2.193603   1.868712    -1.17   0.240    -5.856211    1.469005
   COU_Tal_17 |  -.5357739   1.170165    -0.46   0.647    -2.829256    1.757708
   COU_Tal_18 |  -2.239695    2.24365    -1.00   0.318    -6.637167    2.157778
   COU_Tal_19 |  -5.025344   5.540865    -0.91   0.364    -15.88524    5.834552
   COU_Tal_20 |    .355988   2.633494     0.14   0.892    -4.805565    5.517541
   COU_Tal_21 |  -1.720748   3.115509    -0.55   0.581    -7.827034    4.385537
   COU_Tal_22 |   -3.07737   3.892456    -0.79   0.429    -10.70644    4.551704
   COU_Tal_23 |  -3.753349   3.084229    -1.22   0.224    -9.798326    2.291629
   COU_Tal_24 |  -5.463551   4.515481    -1.21   0.226    -14.31373    3.386628
   COU_Tal_25 |  -5.271555   5.070981    -1.04   0.299    -15.21049    4.667384
   COU_Tal_26 |  -1.117928   3.001094    -0.37   0.710    -6.999963    4.764108
        _cons |  -4.198408   14.23061    -0.30   0.768     -32.0899    23.69308
-------------------------------------------------------------------------------
.         outreg2 using Zeroes, append ctitle("$+\delta_t+\zeta_i$") ///
>                                                         tex(frag pretty) word label a
> lpha(0.01, 0.05, 0.1, 0.15) symbol(***, **, *, +) ///
>                                                          addnote("All models include 
> $ D_{ij}$ and a constant term. Dummies are added as specified above. Robust standard 
> errors in parantheses.", "*** p<0.01, ** p<0.05, * p<0.1, + p<0.15") ///
>                                                          dec(3) keep(`Gravity' `Indep
> endent1') nocon nonotes
warning: addnote ignored in appended columns
Zeroes.tex
Zeroes.rtf
dir : seeout
. 
. *quietly ppml `y_ejlog' `Gravity' `Independent1' `Control1'  obsTime_* Pair_Tal_* if 
> `y_ejlog'>=0
. xtpoisson `y_ejlog' `Gravity' `Independent1' `Control1' b2015.obsTime  if `y_ejlog'>=
> 0, fe vce(robust)
note: you are responsible for interpretation of non-count dep. variable
note: 548 groups (548 obs) dropped because of only one obs per group
note: 2285 groups (8889 obs) dropped because of all zero outcomes
note: ln_distw dropped because it is constant within group
note: Haven dropped because it is constant within group
note: contig dropped because it is constant within group
note: comlang_off dropped because it is constant within group
note: colony dropped because it is constant within group
note: comcol dropped because it is constant within group

Iteration 0:   log pseudolikelihood = -274878.74  
Iteration 1:   log pseudolikelihood = -235478.33  
Iteration 2:   log pseudolikelihood = -235298.46  
Iteration 3:   log pseudolikelihood = -235298.46  

Conditional fixed-effects Poisson regression    Number of obs      =      6327
Group variable: Pair_Tal                        Number of groups   =      1614

                                                Obs per group: min =         2
                                                               avg =       3.9
                                                               max =        11

                                                Wald chi2(14)      =    161.02
Log pseudolikelihood  = -235298.46              Prob > chi2        =    0.0000

                                   (Std. Err. adjusted for clustering on Pair_Tal)
----------------------------------------------------------------------------------
                 |               Robust
FDIInc_Out_Total |      Coef.   Std. Err.      z    P>|z|     [95% Conf. Interval]
-----------------+----------------------------------------------------------------
          ln_GDP |    .443979   .2348327     1.89   0.059    -.0162846    .9042426
        ln_GDP_j |   .9242318   .1625825     5.68   0.000     .6055759    1.242888
        CIT_RATE |   .0008746   .0095661     0.09   0.927    -.0178747    .0196239
   HavenCIT_RATE |   .0043561   .0110853     0.39   0.694    -.0173706    .0260828
                 |
         obsTime |
           2005  |   .1385831   .1278725     1.08   0.278    -.1120424    .3892086
           2006  |   .2533976   .0972675     2.61   0.009     .0627569    .4440384
           2007  |   .1845295    .082855     2.23   0.026     .0221368    .3469222
           2008  |  -.1536737   .1093225    -1.41   0.160    -.3679418    .0605943
           2009  |  -.0013739   .1040497    -0.01   0.989    -.2053076    .2025598
           2010  |   .1967618   .0879161     2.24   0.025     .0244494    .3690742
           2011  |   .1494441   .0483592     3.09   0.002     .0546618    .2442265
           2012  |   .0937815   .0370896     2.53   0.011     .0210873    .1664757
           2013  |   .0706207   .0303266     2.33   0.020     .0111816    .1300597
           2014  |   .0543009   .0293375     1.85   0.064    -.0031996    .1118014
----------------------------------------------------------------------------------
.         outreg2 using Zeroes, append ctitle("FE") ///
>                                                         tex(frag pretty) word label a
> lpha(0.01, 0.05, 0.1, 0.15) symbol(***, **, *, +) ///
>                                                          addnote("All models include 
> $ D_{ij}$ and a constant term. Dummies are added as specified above. Robust standard 
> errors in parantheses.", "*** p<0.01, ** p<0.05, * p<0.1, + p<0.15") ///
>                                                          dec(3) keep(`Gravity' `Indep
> endent1')  noni nocon       nonotes                                                 
warning: addnote ignored in appended columns
Zeroes.tex
Zeroes.rtf
dir : seeout
.                                                  
. drop COU_Tal_*
. drop Pair_Tal_*
. drop obsTime_*
. 
. 
. }                                                

. 
. 
.                                                  
. *************************************************************************************
> *******************
. * REGRESSION TABLE THREE.       INVERSE HYPERBOLIC SINE TRANSFORMATION
. *************************************************************************************
> *******************
. {
. *replace  FDIInc_Out_Total=0 if FDIInc_Out_Total==.
. *drop IHS_FDI
. *gen IHS_FDI = log(FDIInc_Out_Total +(FDIInc_Out_Total^2+1)^(1/2))
. 
. 
. * OLS
. regress `y' `Gravity' `Independent1' `Control1', robust

Linear regression                                      Number of obs =    5850
                                                       F( 10,  5839) =  764.41
                                                       Prob > F      =  0.0000
                                                       R-squared     =  0.5400
                                                       Root MSE      =   2.124

-------------------------------------------------------------------------------
              |               Robust
ln_FDIInc_O~l |      Coef.   Std. Err.      t    P>|t|     [95% Conf. Interval]
--------------+----------------------------------------------------------------
       ln_GDP |   .9759166   .0199774    48.85   0.000     .9367534     1.01508
     ln_GDP_j |   .8372994    .014238    58.81   0.000     .8093877    .8652111
     ln_distw |  -.7922465   .0311136   -25.46   0.000    -.8532407   -.7312524
        Haven |   2.597725   .3265124     7.96   0.000      1.95764     3.23781
     CIT_RATE |   .0331139   .0040448     8.19   0.000     .0251846    .0410432
HavenCIT_RATE |  -.0300417   .0124773    -2.41   0.016    -.0545019   -.0055816
       contig |   .2116739   .1103055     1.92   0.055    -.0045658    .4279136
  comlang_off |   .7887353   .1001503     7.88   0.000     .5924037    .9850668
       colony |   1.236134   .1132727    10.91   0.000     1.014077    1.458191
       comcol |   2.587341   .3194544     8.10   0.000     1.961092     3.21359
        _cons |  -14.66591   .3661661   -40.05   0.000    -15.38373   -13.94809
-------------------------------------------------------------------------------
.         test CIT_RATE + HavenCIT_RATE=0

 ( 1)  CIT_RATE + HavenCIT_RATE = 0

       F(  1,  5839) =    0.07
            Prob > F =    0.7966
.                 scalar p1 = r(p)
.         outreg2 using ZeroesIHS, replace ctitle("Eq. (\ref{gravity1})") ///
>                                                         tex(frag pretty) word label a
> lpha(0.01, 0.05, 0.1, 0.15) symbol(***, **, *, +) ///
>                                                          addnote("All models include 
> $ D_{ij}$ and a constant term. Dummies are added as specified above. Robust standard 
> errors in parantheses.", "*** p<0.01, ** p<0.05, * p<0.1, + p<0.15") ///
>                                                          addstat("$\gamma_1+\gamma_3 
> =0$ (p-value)", p1)  ///
>                                                          dec(3) keep(`Gravity' `Indep
> endent1') nocon nonotes
ZeroesIHS.tex
ZeroesIHS.rtf
dir : seeout
. 
. areg `y' `Gravity' `Independent1' `Control1' b2015.obsTime, absorb(COU_Tal) vce(robus
> t)

Linear regression, absorbing indicators           Number of obs   =       5850
                                                  F(  20,   5803) =     280.63
                                                  Prob > F        =     0.0000
                                                  R-squared       =     0.6376
                                                  Adj R-squared   =     0.6347
                                                  Root MSE        =     1.8913

-------------------------------------------------------------------------------
              |               Robust
ln_FDIInc_O~l |      Coef.   Std. Err.      t    P>|t|     [95% Conf. Interval]
--------------+----------------------------------------------------------------
       ln_GDP |   1.434993   .5612515     2.56   0.011     .3347308    2.535255
     ln_GDP_j |   .8196957   .0137283    59.71   0.000      .792783    .8466083
     ln_distw |   -.840198   .0282878   -29.70   0.000    -.8956526   -.7847435
        Haven |   2.567766   .3162402     8.12   0.000     1.947818    3.187715
     CIT_RATE |    .059639   .0137759     4.33   0.000     .0326331    .0866449
HavenCIT_RATE |  -.0292007   .0121259    -2.41   0.016     -.052972   -.0054295
       contig |   .3769516   .1097681     3.43   0.001     .1617652     .592138
  comlang_off |   .6707681   .0998151     6.72   0.000     .4750932    .8664429
       colony |   .9680123    .099303     9.75   0.000     .7733414    1.162683
       comcol |   3.156827   .3847784     8.20   0.000     2.402517    3.911136
              |
      obsTime |
        2005  |   .3454323   .1884827     1.83   0.067     -.024064    .7149285
        2006  |   .3781165   .1672993     2.26   0.024     .0501474    .7060856
        2007  |   .2938167   .1636387     1.80   0.073    -.0269761    .6146095
        2008  |   .3817836   .1521431     2.51   0.012     .0835264    .6800409
        2009  |    .543375   .1422529     3.82   0.000     .2645063    .8222436
        2010  |   .6028586    .141735     4.25   0.000     .3250051    .8807122
        2011  |   .3094654   .1266953     2.44   0.015     .0610953    .5578356
        2012  |   .1675935   .1175077     1.43   0.154    -.0627654    .3979524
        2013  |  -.1010361   .0951946    -1.06   0.289    -.2876531    .0855809
        2014  |   .0351899   .1036848     0.34   0.734     -.168071    .2384507
              |
        _cons |   -21.1831   7.866002    -2.69   0.007    -36.60339   -5.762799
--------------+----------------------------------------------------------------
      COU_Tal |   absorbed                                      (27 categories)
.         test CIT_RATE + HavenCIT_RATE=0

 ( 1)  CIT_RATE + HavenCIT_RATE = 0

       F(  1,  5803) =    3.05
            Prob > F =    0.0810
.                         scalar p1 = r(p)
.         outreg2 using ZeroesIHS, append ctitle("$+\delta_t+\zeta_i$") ///
>                                                         tex(frag pretty) word label a
> lpha(0.01, 0.05, 0.1, 0.15) symbol(***, **, *, +) ///
>                                                          addnote("All models include 
> $ D_{ij}$ and a constant term. Dummies are added as specified above. Robust standard 
> errors in parantheses.", "*** p<0.01, ** p<0.05, * p<0.1, + p<0.15") ///
>                                                          addstat("$\gamma_1+\gamma_3 
> =0$ (p-value)", p1)  ///
>                                                          dec(3) keep(`Gravity' `Indep
> endent1') nocon nonotes
warning: addnote ignored in appended columns
ZeroesIHS.tex
ZeroesIHS.rtf
dir : seeout
.                                                          
. areg `y' `Gravity' `Independent1' `Control1' b2015.obsTime, absorb(Pair_Tal) vce(robu
> st) 
note: ln_distw omitted because of collinearity
note: Haven omitted because of collinearity
note: contig omitted because of collinearity
note: comlang_off omitted because of collinearity
note: colony omitted because of collinearity
note: comcol omitted because of collinearity

Linear regression, absorbing indicators           Number of obs   =       5850
                                                  F(  14,   3975) =       7.37
                                                  Prob > F        =     0.0000
                                                  R-squared       =     0.9490
                                                  Adj R-squared   =     0.9250
                                                  Root MSE        =     0.8568

-------------------------------------------------------------------------------
              |               Robust
ln_FDIInc_O~l |      Coef.   Std. Err.      t    P>|t|     [95% Conf. Interval]
--------------+----------------------------------------------------------------
       ln_GDP |   .5667421   .2428768     2.33   0.020     .0905674    1.042917
     ln_GDP_j |   .1798574   .1555582     1.16   0.248     -.125124    .4848387
     ln_distw |          0  (omitted)
        Haven |          0  (omitted)
     CIT_RATE |   .0232258   .0083673     2.78   0.006     .0068211    .0396305
HavenCIT_RATE |  -.0221883   .0192623    -1.15   0.249    -.0599532    .0155767
       contig |          0  (omitted)
  comlang_off |          0  (omitted)
       colony |          0  (omitted)
       comcol |          0  (omitted)
              |
      obsTime |
        2005  |  -.1153189   .1310022    -0.88   0.379    -.3721566    .1415189
        2006  |   .0843803   .1124719     0.75   0.453    -.1361277    .3048882
        2007  |    .278579   .0949951     2.93   0.003     .0923353    .4648228
        2008  |   .2160965   .0933464     2.31   0.021     .0330852    .3991078
        2009  |   .2538148   .0852961     2.98   0.003     .0865866     .421043
        2010  |   .4200603   .0747573     5.62   0.000      .273494    .5666265
        2011  |   .3200905   .0573585     5.58   0.000     .2076357    .4325454
        2012  |   .2035349   .0572293     3.56   0.000     .0913333    .3157364
        2013  |   .0295554   .0439766     0.67   0.502    -.0566633    .1157742
        2014  |    .127586     .04492     2.84   0.005     .0395177    .2156543
              |
        _cons |  -6.992989   3.734601    -1.87   0.061     -14.3149    .3289232
--------------+----------------------------------------------------------------
     Pair_Tal |   absorbed                                    (1861 categories)
.         test CIT_RATE + HavenCIT_RATE=0

 ( 1)  CIT_RATE + HavenCIT_RATE = 0

       F(  1,  3975) =    0.00
            Prob > F =    0.9555
.                 scalar p1 = r(p)
.         outreg2 using ZeroesIHS, append ctitle("FE") ///
>                                                         tex(frag pretty) word label a
> lpha(0.01, 0.05, 0.1, 0.15) symbol(***, **, *, +) ///
>                                                          addnote("All models include 
> $ D_{ij}$ and a constant term. Dummies are added as specified above. Robust standard 
> errors in parantheses.", "*** p<0.01, ** p<0.05, * p<0.1, + p<0.15") ///
>                                                          addstat("$\gamma_1+\gamma_3 
> =0$ (p-value)", p1)  ///
>                                                          dec(3) keep(`Gravity' `Indep
> endent1') nocon nonotes
warning: addnote ignored in appended columns
ZeroesIHS.tex
ZeroesIHS.rtf
dir : seeout
.                                                          
. *IHS >0 
. regress IHS_FDI `Gravity' `Independent1' `Control1' if FDIInc_Out_Total>0, robust

Linear regression                                      Number of obs =    5850
                                                       F( 10,  5839) =  932.62
                                                       Prob > F      =  0.0000
                                                       R-squared     =  0.5677
                                                       Root MSE      =  1.8426

-------------------------------------------------------------------------------
              |               Robust
      IHS_FDI |      Coef.   Std. Err.      t    P>|t|     [95% Conf. Interval]
--------------+----------------------------------------------------------------
       ln_GDP |   .8781182   .0165707    52.99   0.000     .8456335    .9106028
     ln_GDP_j |   .7760211   .0122469    63.36   0.000     .7520126    .8000296
     ln_distw |  -.7000331   .0274433   -25.51   0.000    -.7538322   -.6462341
        Haven |    2.36335   .2926912     8.07   0.000     1.789566    2.937133
     CIT_RATE |   .0297266   .0036284     8.19   0.000     .0226135    .0368397
HavenCIT_RATE |  -.0243696   .0114345    -2.13   0.033    -.0467854   -.0019538
       contig |   .3082655   .1036573     2.97   0.003     .1050587    .5114723
  comlang_off |   .7249918   .0949878     7.63   0.000     .5387805    .9112031
       colony |   1.128958   .1076445    10.49   0.000     .9179345    1.339981
       comcol |   2.148734   .2923954     7.35   0.000     1.575531    2.721938
        _cons |  -12.35748   .3185384   -38.79   0.000    -12.98193   -11.73302
-------------------------------------------------------------------------------
.         test CIT_RATE + HavenCIT_RATE=0

 ( 1)  CIT_RATE + HavenCIT_RATE = 0

       F(  1,  5839) =    0.24
            Prob > F =    0.6233
.                 scalar p1 = r(p)
.         outreg2 using ZeroesIHS, append ctitle("Eq. (\ref{gravity1})") ///
>                                                         tex(frag pretty) word label a
> lpha(0.01, 0.05, 0.1, 0.15) symbol(***, **, *, +) ///
>                                                          addnote("All models include 
> $ D_{ij}$ and a constant term. Dummies are added as specified above. Robust standard 
> errors in parantheses.", "*** p<0.01, ** p<0.05, * p<0.1, + p<0.15") ///
>                                                          addstat("$\gamma_1+\gamma_3 
> =0$ (p-value)", p1)  ///
>                                                          dec(3) keep(`Gravity' `Indep
> endent1') nocon nonotes
warning: addnote ignored in appended columns
ZeroesIHS.tex
ZeroesIHS.rtf
dir : seeout
. 
. areg IHS_FDI `Gravity' `Independent1' `Control1' b2015.obsTime if FDIInc_Out_Total>0,
>  absorb(COU_Tal) vce(robust)

Linear regression, absorbing indicators           Number of obs   =       5850
                                                  F(  20,   5803) =     316.62
                                                  Prob > F        =     0.0000
                                                  R-squared       =     0.6559
                                                  Adj R-squared   =     0.6531
                                                  Root MSE        =     1.6491

-------------------------------------------------------------------------------
              |               Robust
      IHS_FDI |      Coef.   Std. Err.      t    P>|t|     [95% Conf. Interval]
--------------+----------------------------------------------------------------
       ln_GDP |   1.019444   .5187606     1.97   0.049     .0024798    2.036408
     ln_GDP_j |    .758758   .0120545    62.94   0.000     .7351266    .7823894
     ln_distw |  -.7365905   .0248798   -29.61   0.000    -.7853641   -.6878169
        Haven |   2.342741   .2842651     8.24   0.000     1.785475    2.900006
     CIT_RATE |   .0426441   .0129394     3.30   0.001      .017278    .0680102
HavenCIT_RATE |  -.0244309   .0111751    -2.19   0.029    -.0463382   -.0025236
       contig |   .4434805   .1002827     4.42   0.000     .2468891    .6400719
  comlang_off |   .6601007   .0976454     6.76   0.000     .4686793    .8515221
       colony |   .8685532   .0946093     9.18   0.000     .6830837    1.054023
       comcol |   2.685299   .3374862     7.96   0.000       2.0237    3.346898
              |
      obsTime |
        2005  |   .2065282   .1776859     1.16   0.245    -.1418025    .5548589
        2006  |    .259078   .1570434     1.65   0.099    -.0487855    .5669415
        2007  |   .2329275   .1549284     1.50   0.133    -.0707899     .536645
        2008  |   .2281712   .1439796     1.58   0.113    -.0540825    .5104248
        2009  |   .3335969   .1321221     2.52   0.012     .0745882    .5926055
        2010  |   .4034429   .1307806     3.08   0.002     .1470642    .6598215
        2011  |    .227161   .1177728     1.93   0.054    -.0037177    .4580396
        2012  |   .1582085   .1033856     1.53   0.126    -.0444659    .3608829
        2013  |  -.0851801   .0853404    -1.00   0.318    -.2524791    .0821189
        2014  |   .0500109   .0937252     0.53   0.594    -.1337253    .2337472
              |
        _cons |  -14.19124   7.264119    -1.95   0.051    -28.43163    .0491364
--------------+----------------------------------------------------------------
      COU_Tal |   absorbed                                      (27 categories)
.         test CIT_RATE + HavenCIT_RATE=0

 ( 1)  CIT_RATE + HavenCIT_RATE = 0

       F(  1,  5803) =    1.27
            Prob > F =    0.2592
.                         scalar p1 = r(p)
.         outreg2 using ZeroesIHS, append ctitle("$+\delta_t+\zeta_i$") ///
>                                                         tex(frag pretty) word label a
> lpha(0.01, 0.05, 0.1, 0.15) symbol(***, **, *, +) ///
>                                                          addnote("All models include 
> $ D_{ij}$ and a constant term. Dummies are added as specified above. Robust standard 
> errors in parantheses.", "*** p<0.01, ** p<0.05, * p<0.1, + p<0.15") ///
>                                                          addstat("$\gamma_1+\gamma_3 
> =0$ (p-value)", p1)  ///
>                                                          dec(3) keep(`Gravity' `Indep
> endent1') nocon nonotes
warning: addnote ignored in appended columns
ZeroesIHS.tex
ZeroesIHS.rtf
dir : seeout
.                                                          
. areg IHS_FDI `Gravity' `Independent1' `Control1' b2015.obsTime if FDIInc_Out_Total>0,
>  absorb(Pair_Tal) vce(robust) 
note: ln_distw omitted because of collinearity
note: Haven omitted because of collinearity
note: contig omitted because of collinearity
note: comlang_off omitted because of collinearity
note: colony omitted because of collinearity
note: comcol omitted because of collinearity

Linear regression, absorbing indicators           Number of obs   =       5850
                                                  F(  14,   3975) =       7.87
                                                  Prob > F        =     0.0000
                                                  R-squared       =     0.9576
                                                  Adj R-squared   =     0.9376
                                                  Root MSE        =     0.6994

-------------------------------------------------------------------------------
              |               Robust
      IHS_FDI |      Coef.   Std. Err.      t    P>|t|     [95% Conf. Interval]
--------------+----------------------------------------------------------------
       ln_GDP |   .3539313   .2049752     1.73   0.084    -.0479351    .7557978
     ln_GDP_j |   .3354992   .1323492     2.53   0.011     .0760205    .5949779
     ln_distw |          0  (omitted)
        Haven |          0  (omitted)
     CIT_RATE |   .0187623   .0077485     2.42   0.016     .0035708    .0339538
HavenCIT_RATE |   -.025697   .0174875    -1.47   0.142    -.0599823    .0085883
       contig |          0  (omitted)
  comlang_off |          0  (omitted)
       colony |          0  (omitted)
       comcol |          0  (omitted)
              |
      obsTime |
        2005  |  -.1274818   .1226374    -1.04   0.299    -.3679198    .1129562
        2006  |   .0585465     .10576     0.55   0.580    -.1488024    .2658953
        2007  |   .2220669   .0876197     2.53   0.011     .0502831    .3938507
        2008  |   .1176251   .0805068     1.46   0.144    -.0402134    .2754636
        2009  |   .1621837   .0761725     2.13   0.033      .012843    .3115245
        2010  |   .3213639   .0652635     4.92   0.000     .1934108     .449317
        2011  |   .2559679   .0470483     5.44   0.000     .1637269    .3482089
        2012  |   .1656207    .045326     3.65   0.000     .0767563    .2544851
        2013  |   .0116507   .0356736     0.33   0.744    -.0582896     .081591
        2014  |   .1009481   .0375918     2.69   0.007     .0272471    .1746492
              |
        _cons |  -4.825186   3.216504    -1.50   0.134    -11.13134    1.480966
--------------+----------------------------------------------------------------
     Pair_Tal |   absorbed                                    (1861 categories)
.         test CIT_RATE + HavenCIT_RATE=0

 ( 1)  CIT_RATE + HavenCIT_RATE = 0

       F(  1,  3975) =    0.17
            Prob > F =    0.6830
.                 scalar p1 = r(p)
.         outreg2 using ZeroesIHS, append ctitle("FE") ///
>                                                         tex(frag pretty) word label a
> lpha(0.01, 0.05, 0.1, 0.15) symbol(***, **, *, +) ///
>                                                          addnote("All models include 
> $ D_{ij}$ and a constant term. Dummies are added as specified above. Robust standard 
> errors in parantheses.", "*** p<0.01, ** p<0.05, * p<0.1, + p<0.15") ///
>                                                          addstat("$\gamma_1+\gamma_3 
> =0$ (p-value)", p1)  ///
>                                                          dec(3) keep(`Gravity' `Indep
> endent1') nocon nonotes                                     
warning: addnote ignored in appended columns
ZeroesIHS.tex
ZeroesIHS.rtf
dir : seeout
. 
. *IHS 
. regress IHS_FDI `Gravity' `Independent1' `Control1', robust

Linear regression                                      Number of obs =   17108
                                                       F( 10, 17097) =  588.78
                                                       Prob > F      =  0.0000
                                                       R-squared     =  0.3451
                                                       Root MSE      =   2.378

-------------------------------------------------------------------------------
              |               Robust
      IHS_FDI |      Coef.   Std. Err.      t    P>|t|     [95% Conf. Interval]
--------------+----------------------------------------------------------------
       ln_GDP |   .4960762   .0116129    42.72   0.000     .4733138    .5188386
     ln_GDP_j |   .4615538   .0091869    50.24   0.000     .4435465     .479561
     ln_distw |   -.342886   .0298423   -11.49   0.000      -.40138    -.284392
        Haven |   1.472625   .1762124     8.36   0.000      1.12723    1.818019
     CIT_RATE |   .0194773   .0039954     4.87   0.000     .0116458    .0273088
HavenCIT_RATE |  -.0266597   .0077715    -3.43   0.001    -.0418926   -.0114268
       contig |   1.956519   .1959874     9.98   0.000     1.572364    2.340675
  comlang_off |   .4599483   .0803956     5.72   0.000     .3023647    .6175318
       colony |   1.244097   .1475595     8.43   0.000     .9548653    1.533329
       comcol |   .9927406   .1659747     5.98   0.000     .6674131    1.318068
        _cons |  -7.586736     .32638   -23.25   0.000    -8.226475   -6.946998
-------------------------------------------------------------------------------
.         test CIT_RATE + HavenCIT_RATE=0

 ( 1)  CIT_RATE + HavenCIT_RATE = 0

       F(  1, 17097) =    1.03
            Prob > F =    0.3112
.                 scalar p1 = r(p)
.         outreg2 using ZeroesIHS, append ctitle("Eq. (\ref{gravity1})") ///
>                                                         tex(frag pretty) word label a
> lpha(0.01, 0.05, 0.1, 0.15) symbol(***, **, *, +) ///
>                                                          addnote("All models include 
> $ D_{ij}$ and a constant term. Dummies are added as specified above. Robust standard 
> errors in parantheses.", "*** p<0.01, ** p<0.05, * p<0.1, + p<0.15") ///
>                                                          addstat("$\gamma_1+\gamma_3 
> =0$ (p-value)", p1)  ///
>                                                          dec(3) keep(`Gravity' `Indep
> endent1') nocon nonotes
warning: addnote ignored in appended columns
ZeroesIHS.tex
ZeroesIHS.rtf
dir : seeout
. 
. areg IHS_FDI `Gravity' `Independent1' `Control1' b2015.obsTime, absorb(COU_Tal) vce(r
> obust)

Linear regression, absorbing indicators           Number of obs   =      17108
                                                  F(  20,  17061) =     211.05
                                                  Prob > F        =     0.0000
                                                  R-squared       =     0.4007
                                                  Adj R-squared   =     0.3991
                                                  Root MSE        =     2.2772

-------------------------------------------------------------------------------
              |               Robust
      IHS_FDI |      Coef.   Std. Err.      t    P>|t|     [95% Conf. Interval]
--------------+----------------------------------------------------------------
       ln_GDP |  -.6803531   .2898315    -2.35   0.019    -1.248453   -.1122534
     ln_GDP_j |   .4522981   .0089989    50.26   0.000     .4346594    .4699369
     ln_distw |  -.2849954   .0291979    -9.76   0.000    -.3422263   -.2277644
        Haven |   1.451579   .1765564     8.22   0.000     1.105511    1.797648
     CIT_RATE |   .1046676   .0160985     6.50   0.000     .0731128    .1362224
HavenCIT_RATE |  -.0278129   .0078033    -3.56   0.000    -.0431083   -.0125175
       contig |   2.069504   .1906112    10.86   0.000     1.695887    2.443122
  comlang_off |   .7746706   .0955653     8.11   0.000     .5873529    .9619883
       colony |   .5084122    .153288     3.32   0.001      .207952    .8088724
       comcol |   .7056294   .1714007     4.12   0.000     .3696663    1.041593
              |
      obsTime |
        2005  |  -.8609537   .2065419    -4.17   0.000    -1.265797   -.4561103
        2006  |  -.7731374   .2017025    -3.83   0.000    -1.168495   -.3777797
        2007  |  -.5542476   .1970778    -2.81   0.005    -.9405404   -.1679548
        2008  |  -.4514518   .1986931    -2.27   0.023    -.8409108   -.0619929
        2009  |  -.1163633   .1063095    -1.09   0.274    -.3247408    .0920143
        2010  |   .0206028   .1023877     0.20   0.841    -.1800876    .2212933
        2011  |   .0104761   .0897497     0.12   0.907    -.1654427    .1863948
        2012  |    .110764   .0788361     1.40   0.160    -.0437629    .2652908
        2013  |    .038725   .0585458     0.66   0.508    -.0760308    .1534807
        2014  |   .1512173   .0628944     2.40   0.016     .0279378    .2744969
              |
        _cons |   5.350391   3.709541     1.44   0.149    -1.920691    12.62147
--------------+----------------------------------------------------------------
      COU_Tal |   absorbed                                      (27 categories)
.         test CIT_RATE + HavenCIT_RATE=0

 ( 1)  CIT_RATE + HavenCIT_RATE = 0

       F(  1, 17061) =   20.28
            Prob > F =    0.0000
.                         scalar p1 = r(p)
.         outreg2 using ZeroesIHS, append ctitle("$+\delta_t+\zeta_i$") ///
>                                                         tex(frag pretty) word label a
> lpha(0.01, 0.05, 0.1, 0.15) symbol(***, **, *, +) ///
>                                                          addnote("All models include 
> $ D_{ij}$ and a constant term. Dummies are added as specified above. Robust standard 
> errors in parantheses.", "*** p<0.01, ** p<0.05, * p<0.1, + p<0.15") ///
>                                                          addstat("$\gamma_1+\gamma_3 
> =0$ (p-value)", p1)  ///
>                                                          dec(3) keep(`Gravity' `Indep
> endent1') nocon nonotes
warning: addnote ignored in appended columns
ZeroesIHS.tex
ZeroesIHS.rtf
dir : seeout
.                                                          
. eststo check: areg IHS_FDI `Gravity' `Independent1' `Control1' b2015.obsTime, absorb(
> Pair_Tal) vce(robust) 
note: ln_distw omitted because of collinearity
note: Haven omitted because of collinearity
note: contig omitted because of collinearity
note: comlang_off omitted because of collinearity
note: colony omitted because of collinearity
note: comcol omitted because of collinearity

Linear regression, absorbing indicators           Number of obs   =      17108
                                                  F(  14,  12511) =       2.69
                                                  Prob > F        =     0.0006
                                                  R-squared       =     0.8219
                                                  Adj R-squared   =     0.7565
                                                  Root MSE        =     1.4494

-------------------------------------------------------------------------------
              |               Robust
      IHS_FDI |      Coef.   Std. Err.      t    P>|t|     [95% Conf. Interval]
--------------+----------------------------------------------------------------
       ln_GDP |  -.2585048   .1685529    -1.53   0.125    -.5888943    .0718848
     ln_GDP_j |   .4366829   .1507016     2.90   0.004     .1412847    .7320812
     ln_distw |          0  (omitted)
        Haven |          0  (omitted)
     CIT_RATE |  -.0043065   .0111857    -0.39   0.700    -.0262323    .0176192
HavenCIT_RATE |   .0218602   .0211275     1.03   0.301    -.0195529    .0632734
       contig |          0  (omitted)
  comlang_off |          0  (omitted)
       colony |          0  (omitted)
       comcol |          0  (omitted)
              |
      obsTime |
        2005  |   .3021166   .1644302     1.84   0.066    -.0201918     .624425
        2006  |   .3854641   .1551097     2.49   0.013     .0814252     .689503
        2007  |   .5194057    .142134     3.65   0.000     .2408012    .7980101
        2008  |  -.1241154    .199386    -0.62   0.534    -.5149426    .2667119
        2009  |   .1876635    .088222     2.13   0.033     .0147349    .3605921
        2010  |   .1489353   .0727292     2.05   0.041     .0063749    .2914957
        2011  |   .1552253   .0574605     2.70   0.007     .0425939    .2678567
        2012  |   .1149876   .0481803     2.39   0.017     .0205468    .2094284
        2013  |   .0451067   .0335861     1.34   0.179    -.0207273    .1109406
        2014  |    .103607   .0371261     2.79   0.005     .0308342    .1763798
              |
        _cons |   .2004266   2.666991     0.08   0.940    -5.027286    5.428139
--------------+----------------------------------------------------------------
     Pair_Tal |   absorbed                                    (4583 categories)
.         test CIT_RATE + HavenCIT_RATE=0

 ( 1)  CIT_RATE + HavenCIT_RATE = 0

       F(  1, 12511) =    0.78
            Prob > F =    0.3774
.                 scalar p1 = r(p)
.         outreg2 using ZeroesIHS, append ctitle("FE") ///
>                                                         tex(frag pretty) word label a
> lpha(0.01, 0.05, 0.1, 0.15) symbol(***, **, *, +) ///
>                                                          addnote("All models include 
> $ D_{ij}$ and a constant term. Dummies are added as specified above. Robust standard 
> errors in parantheses.", "*** p<0.01, ** p<0.05, * p<0.1, + p<0.15") ///
>                                                          addstat("$\gamma_1+\gamma_3 
> =0$ (p-value)", p1)  ///
>                                                          dec(3) keep(`Gravity' `Indep
> endent1') nocon nonotes                                                     
warning: addnote ignored in appended columns
ZeroesIHS.tex
ZeroesIHS.rtf
dir : seeout
. }

.                                                          
. 
. 
. *************************************************************************************
> *******************
. * REGRESSION TABLE FOUR.        SIZE OF HAVENS
. *************************************************************************************
> *******************
. {
. regress `y' `Gravity' `Independent2' `Control1', robust

Linear regression                                      Number of obs =    5850
                                                       F( 12,  5837) =  652.85
                                                       Prob > F      =  0.0000
                                                       R-squared     =  0.5418
                                                       Root MSE      =  2.1204

-------------------------------------------------------------------------------------
                    |               Robust
ln_FDIInc_Out_Total |      Coef.   Std. Err.      t    P>|t|     [95% Conf. Interval]
--------------------+----------------------------------------------------------------
             ln_GDP |   .9750139   .0199666    48.83   0.000     .9358719    1.014156
           ln_GDP_j |   .8562668   .0148139    57.80   0.000      .827226    .8853076
           ln_distw |  -.7960105    .031009   -25.67   0.000    -.8567996   -.7352214
        Small_Haven |   3.753609   .5532337     6.78   0.000     2.669067    4.838152
        Large_Haven |   1.905403   .3874581     4.92   0.000     1.145841    2.664964
           CIT_RATE |   .0329205   .0040251     8.18   0.000     .0250299    .0408111
Small_HavenCIT_RATE |  -.0620554    .022863    -2.71   0.007    -.1068754   -.0172355
Large_HavenCIT_RATE |  -.0092634   .0141597    -0.65   0.513    -.0370217    .0184949
             contig |   .2066365    .110155     1.88   0.061     -.009308    .4225811
        comlang_off |   .7943416   .0988841     8.03   0.000     .6004922     .988191
             colony |   1.225471   .1127443    10.87   0.000      1.00445    1.446491
             comcol |   2.602899   .3214398     8.10   0.000     1.972758     3.23304
              _cons |  -14.84727   .3727099   -39.84   0.000    -15.57792   -14.11662
-------------------------------------------------------------------------------------
.         test CIT_RATE + Small_HavenCIT_RATE=0

 ( 1)  CIT_RATE + Small_HavenCIT_RATE = 0

       F(  1,  5837) =    1.67
            Prob > F =    0.1964
.                 scalar p1 = r(p)
.         test CIT_RATE + Large_HavenCIT_RATE=0

 ( 1)  CIT_RATE + Large_HavenCIT_RATE = 0

       F(  1,  5837) =    3.01
            Prob > F =    0.0828
.                 scalar p2 = r(p)
.         outreg2 using OLS_Size, replace ctitle("Eq. (\ref{gravitysize})") ///
>                                                         tex(frag pretty) word label a
> lpha(0.01, 0.05, 0.1) symbol(***, **, *) ///
>                                                          nonotes addnote("All models 
> include gravity variables and intercept.", "Robust standard errors in parantheses. **
> * p<0.01, ** p<0.05, * p<0.1") ///
>                                                          addstat("$\gamma_1+\gamma^S_
> 3 =0$ (p-value)", p1,"$\gamma_1+\gamma^L_3 =0$ (p-value)", p2)  ///
>                                                          dec(3) keep(`Independent2') 
> nocons nor2 noobs                                                                    
>                
OLS_Size.tex
OLS_Size.rtf
dir : seeout
.                                                                                      
>                     
. areg `y' `Gravity' `Independent2' `Control1' b2015.obsTime, absorb(COU_Tal) vce(robus
> t)

Linear regression, absorbing indicators           Number of obs   =       5850
                                                  F(  22,   5801) =     268.15
                                                  Prob > F        =     0.0000
                                                  R-squared       =     0.6394
                                                  Adj R-squared   =     0.6364
                                                  Root MSE        =     1.8868

-------------------------------------------------------------------------------------
                    |               Robust
ln_FDIInc_Out_Total |      Coef.   Std. Err.      t    P>|t|     [95% Conf. Interval]
--------------------+----------------------------------------------------------------
             ln_GDP |   1.415511   .5590282     2.53   0.011     .3196071    2.511414
           ln_GDP_j |    .843931   .0143179    58.94   0.000     .8158625    .8719994
           ln_distw |  -.8436954   .0281649   -29.96   0.000    -.8989091   -.7884818
        Small_Haven |   3.360578    .537959     6.25   0.000     2.305977    4.415178
        Large_Haven |   2.066211   .3822237     5.41   0.000      1.31691    2.815512
           CIT_RATE |   .0592948   .0137402     4.32   0.000      .032359    .0862307
Small_HavenCIT_RATE |  -.0430478     .02198    -1.96   0.050    -.0861368    .0000413
Large_HavenCIT_RATE |  -.0171633   .0141276    -1.21   0.224    -.0448586     .010532
             contig |   .3799938    .109511     3.47   0.001     .1653114    .5946762
        comlang_off |   .6650294   .0981205     6.78   0.000     .4726766    .8573822
             colony |   .9611795   .0992305     9.69   0.000     .7666507    1.155708
             comcol |   3.143605   .3876111     8.11   0.000     2.383742    3.903467
                    |
            obsTime |
              2005  |   .3533763   .1884115     1.88   0.061    -.0159806    .7227332
              2006  |   .3940662   .1664811     2.37   0.018     .0677012    .7204313
              2007  |   .3080419   .1632438     1.89   0.059    -.0119768    .6280605
              2008  |   .3863009   .1517993     2.54   0.011     .0887177    .6838841
              2009  |   .5536646   .1416873     3.91   0.000     .2759046    .8314246
              2010  |   .6013324   .1416832     4.24   0.000     .3235804    .8790844
              2011  |    .310288   .1258244     2.47   0.014     .0636252    .5569508
              2012  |   .1628455   .1169759     1.39   0.164    -.0664709    .3921619
              2013  |  -.1022479   .0946211    -1.08   0.280    -.2877406    .0832449
              2014  |   .0338552    .102968     0.33   0.742    -.1680005    .2357108
                    |
              _cons |  -21.16785   7.835482    -2.70   0.007    -36.52832   -5.807382
--------------------+----------------------------------------------------------------
            COU_Tal |   absorbed                                      (27 categories)
.         test CIT_RATE + Small_HavenCIT_RATE=0

 ( 1)  CIT_RATE + Small_HavenCIT_RATE = 0

       F(  1,  5801) =    0.42
            Prob > F =    0.5187
.                 scalar p1 = r(p)
.         test CIT_RATE + Large_HavenCIT_RATE=0

 ( 1)  CIT_RATE + Large_HavenCIT_RATE = 0

       F(  1,  5801) =    4.97
            Prob > F =    0.0258
.                 scalar p2 = r(p)
.         outreg2 using OLS_Size, append ctitle("$+\delta_t+\zeta_i$") ///
>                                                         tex(frag pretty) word label a
> lpha(0.01, 0.05, 0.1) symbol(***, **, *) ///
>                                                          nonotes addnote("All models 
> include gravity variables and intercept.", "Robust standard errors in parantheses. **
> * p<0.01, ** p<0.05, * p<0.1") ///
>                                                          addstat("$\gamma_1+\gamma^S_
> 3 =0$ (p-value)", p1,"$\gamma_1+\gamma^L_3 =0$ (p-value)", p2)  ///
>                                                          dec(3) keep(`Independent2') 
> nocons nor2 noobs                                   
warning: addnote ignored in appended columns
OLS_Size.tex
OLS_Size.rtf
dir : seeout
. 
. areg `y' `Gravity' `Independent2' `Control1' b2015.obsTime, absorb(Pair_Tal) vce(robu
> st) 
note: ln_distw omitted because of collinearity
note: Small_Haven omitted because of collinearity
note: Large_Haven omitted because of collinearity
note: contig omitted because of collinearity
note: comlang_off omitted because of collinearity
note: colony omitted because of collinearity
note: comcol omitted because of collinearity

Linear regression, absorbing indicators           Number of obs   =       5850
                                                  F(  15,   3974) =       7.11
                                                  Prob > F        =     0.0000
                                                  R-squared       =     0.9491
                                                  Adj R-squared   =     0.9251
                                                  Root MSE        =     0.8565

-------------------------------------------------------------------------------------
                    |               Robust
ln_FDIInc_Out_Total |      Coef.   Std. Err.      t    P>|t|     [95% Conf. Interval]
--------------------+----------------------------------------------------------------
             ln_GDP |   .5691065   .2427739     2.34   0.019     .0931335    1.045079
           ln_GDP_j |   .2083244    .153893     1.35   0.176    -.0933923    .5100411
           ln_distw |          0  (omitted)
        Small_Haven |          0  (omitted)
        Large_Haven |          0  (omitted)
           CIT_RATE |   .0228958    .008327     2.75   0.006     .0065702    .0392214
Small_HavenCIT_RATE |  -.0540686   .0365407    -1.48   0.139    -.1257089    .0175717
Large_HavenCIT_RATE |  -.0015993    .019377    -0.08   0.934     -.039589    .0363905
             contig |          0  (omitted)
        comlang_off |          0  (omitted)
             colony |          0  (omitted)
             comcol |          0  (omitted)
                    |
            obsTime |
              2005  |  -.0896801   .1291381    -0.69   0.487    -.3428632     .163503
              2006  |   .1029583   .1110971     0.93   0.354    -.1148544     .320771
              2007  |    .291513   .0939603     3.10   0.002      .107298     .475728
              2008  |   .2216978   .0932568     2.38   0.017     .0388621    .4045335
              2009  |   .2628296   .0848061     3.10   0.002     .0965619    .4290972
              2010  |   .4252817   .0743126     5.72   0.000     .2795874    .5709761
              2011  |    .320888   .0573521     5.60   0.000     .2084458    .4333302
              2012  |      .2031   .0572119     3.55   0.000     .0909325    .3152675
              2013  |   .0270555   .0439199     0.62   0.538     -.059052    .1131631
              2014  |   .1243455   .0448529     2.77   0.006     .0364087    .2122824
                    |
              _cons |  -7.354777   3.719036    -1.98   0.048    -14.64618    -.063379
--------------------+----------------------------------------------------------------
           Pair_Tal |   absorbed                                    (1861 categories)
.         test CIT_RATE + Small_HavenCIT_RATE=0

 ( 1)  CIT_RATE + Small_HavenCIT_RATE = 0

       F(  1,  3974) =    0.74
            Prob > F =    0.3909
.                 scalar p1 = r(p)
.         test CIT_RATE + Large_HavenCIT_RATE=0

 ( 1)  CIT_RATE + Large_HavenCIT_RATE = 0

       F(  1,  3974) =    1.30
            Prob > F =    0.2543
.                 scalar p2 = r(p)
.         outreg2 using OLS_Size, append ctitle("$+\theta_{ij}$ (FE)") ///
>                                                         tex(frag pretty) word label a
> lpha(0.01, 0.05, 0.1) symbol(***, **, *) ///
>                                                          nonotes addnote("All models 
> include gravity variables and intercept.", "Robust standard errors in parantheses. **
> * p<0.01, ** p<0.05, * p<0.1") ///
>                                                          addstat("$\gamma_1+\gamma^S_
> 3 =0$ (p-value)", p1,"$\gamma_1+\gamma^L_3 =0$ (p-value)", p2)  ///
>                                                          dec(3) keep(`Independent2') 
> nocons nor2 noobs          
warning: addnote ignored in appended columns
OLS_Size.tex
OLS_Size.rtf
dir : seeout
. }

.                                                          
. *************************************************************************************
> *******************
. * REGRESSION TABLE FIVE.        TYPES OF FDI INCOME 
. *************************************************************************************
> *******************
. {
. cap erase OLS_Types.rtf
. cap erase OLS_Types.tex
. cap erase OLS_Types.txt
. 
. /*
>                                 & \multicolumn{9}{c}{} \\
>                                 & \multicolumn{3}{c}{Dividends} & \multicolumn{3}{c}{
> Reinvested earnings} & \multicolumn{3}{c}{Debt income}  \\
>                         \cline{2-10}
> */
. 
. foreach var in `yy' {
  2. 
. regress `var' `Gravity' `Independent1' `Control1', robust
  3.         test CIT_RATE + HavenCIT_RATE=0
  4.                 scalar p1 = r(p)
  5.         outreg2 using OLS_Types, append ctitle("Eq. (\ref{gravity1})") ///
>                                                         tex(frag pretty) word label a
> lpha(0.01, 0.05, 0.1) symbol(***, **, *) ///
>                                                          nonotes addnote("All models 
> include $ D_{ij}$ and a constant term. Dummies are added as specified above. FE drops
>  $\zeta_i$", "Robust standard errors in parantheses. *** p<0.01, ** p<0.05, * p<0.1, 
> + p<0.15") ///
>                                                          addstat("$\gamma_1+\gamma_3 
> =0$ (p)", p1)  ///
>                                                          dec(3) keep(`Gravity' `Indep
> endent1') nocon                    
  6. 
.                                                          
. areg `var' `Gravity' `Independent1' `Control1' b2015.obsTime, absorb(COU_Tal) vce(rob
> ust)
  7.         test CIT_RATE + HavenCIT_RATE=0
  8.                         scalar p1 = r(p)
  9.         outreg2 using OLS_Types, append ctitle("$+\delta_t+\zeta_i$") ///
>                                                         tex(frag pretty) word label a
> lpha(0.01, 0.05, 0.1) symbol(***, **, *) ///
>                                                          nonotes addnote("All models 
> include $ D_{ij}$ and a constant term. Dummies are added as specified above. FE drops
>  $\zeta_i$", "Robust standard errors in parantheses. *** p<0.01, ** p<0.05, * p<0.1, 
> + p<0.15") ///
>                                                          addstat("$\gamma_1+\gamma_3 
> =0$ (p)", p1)  ///
>                                                          dec(3) keep(`Gravity' `Indep
> endent1') nocon                                                             
 10. 
. areg `var' `Gravity' `Independent1' `Control1' b2015.obsTime, absorb(Pair_Tal) vce(ro
> bust) 
 11.         test CIT_RATE + HavenCIT_RATE=0
 12.                 scalar p1 = r(p)
 13.         outreg2 using OLS_Types, append ctitle("$+\theta_{ij}$") ///
>                                                         tex(frag pretty) word label a
> lpha(0.01, 0.05, 0.1) symbol(***, **, *) ///
>                                                          nonotes addnote("All models 
> include $ D_{ij}$ and a constant term. Dummies are added as specified above. FE drops
>  $\zeta_i$", "Robust standard errors in parantheses. *** p<0.01, ** p<0.05, * p<0.1, 
> + p<0.15") ///
>                                                          addstat("$\gamma_1+\gamma_3 
> =0$ (p)", p1)  ///
>                                                          dec(3) keep(`Gravity' `Indep
> endent1') nocon                                                                     
 14. }       

Linear regression                                      Number of obs =    3652
                                                       F( 10,  3641) =  444.93
                                                       Prob > F      =  0.0000
                                                       R-squared     =  0.4920
                                                       Root MSE      =  2.1213

-------------------------------------------------------------------------------
              |               Robust
ln_FDIInc_O~s |      Coef.   Std. Err.      t    P>|t|     [95% Conf. Interval]
--------------+----------------------------------------------------------------
       ln_GDP |   1.024009   .0271424    37.73   0.000     .9707933    1.077225
     ln_GDP_j |   .8069989   .0201655    40.02   0.000     .7674621    .8465357
     ln_distw |  -.6993467   .0400762   -17.45   0.000    -.7779207   -.6207726
        Haven |   2.365592   .3783342     6.25   0.000     1.623824     3.10736
     CIT_RATE |    .055847   .0053253    10.49   0.000     .0454061    .0662878
HavenCIT_RATE |  -.0263058   .0151012    -1.74   0.082    -.0559134    .0033018
       contig |   .2869207   .1268918     2.26   0.024     .0381347    .5357067
  comlang_off |    .753595   .1421674     5.30   0.000     .4748594    1.032331
       colony |   .8114799   .1619226     5.01   0.000     .4940119    1.128948
       comcol |   2.650768   .4632541     5.72   0.000     1.742505    3.559032
        _cons |  -16.79172   .5050364   -33.25   0.000     -17.7819   -15.80153
-------------------------------------------------------------------------------

 ( 1)  CIT_RATE + HavenCIT_RATE = 0

       F(  1,  3641) =    4.20
            Prob > F =    0.0405
OLS_Types.tex
OLS_Types.rtf
dir : seeout

Linear regression, absorbing indicators           Number of obs   =       3652
                                                  F(  20,   3608) =     139.80
                                                  Prob > F        =     0.0000
                                                  R-squared       =     0.6264
                                                  Adj R-squared   =     0.6219
                                                  Root MSE        =     1.8275

-------------------------------------------------------------------------------
              |               Robust
ln_FDIInc_O~s |      Coef.   Std. Err.      t    P>|t|     [95% Conf. Interval]
--------------+----------------------------------------------------------------
       ln_GDP |   .5936634   .9186646     0.65   0.518     -1.20749    2.394817
     ln_GDP_j |   .7558326   .0190715    39.63   0.000     .7184405    .7932246
     ln_distw |  -.7267202    .033809   -21.49   0.000    -.7930068   -.6604335
        Haven |   2.421269    .368913     6.56   0.000      1.69797    3.144568
     CIT_RATE |   .0782644   .0144402     5.42   0.000     .0499525    .1065762
HavenCIT_RATE |  -.0271319   .0144953    -1.87   0.061    -.0555518    .0012879
       contig |    .562488   .1167391     4.82   0.000     .3336067    .7913693
  comlang_off |   .3484478   .1379823     2.53   0.012     .0779167    .6189789
       colony |   .5671565   .1323978     4.28   0.000     .3075745    .8267384
       comcol |   2.867864   .5443196     5.27   0.000     1.800659    3.935069
              |
      obsTime |
        2005  |   .1373493   .2150721     0.64   0.523    -.2843257    .5590243
        2006  |     .18971   .1861323     1.02   0.308     -.175225    .5546449
        2007  |   .0648244   .1926123     0.34   0.736    -.3128155    .4424643
        2008  |   .8200455   .1991225     4.12   0.000     .4296416    1.210449
        2009  |   .8843774   .1495014     5.92   0.000     .5912617    1.177493
        2010  |   .8048472   .1547549     5.20   0.000     .5014313    1.108263
        2011  |   .8281185   .1822677     4.54   0.000     .4707605    1.185477
        2012  |    .267481   .1560861     1.71   0.087    -.0385448    .5735068
        2013  |  -.0722784   .1450661    -0.50   0.618     -.356698    .2121413
        2014  |  -.0173365   .1655674    -0.10   0.917    -.3419516    .3072786
              |
        _cons |   -10.6474   12.76739    -0.83   0.404    -35.67941    14.38462
--------------+----------------------------------------------------------------
      COU_Tal |   absorbed                                      (24 categories)

 ( 1)  CIT_RATE + HavenCIT_RATE = 0

       F(  1,  3608) =    6.67
            Prob > F =    0.0098
warning: addnote ignored in appended columns
OLS_Types.tex
OLS_Types.rtf
dir : seeout
note: ln_distw omitted because of collinearity
note: Haven omitted because of collinearity
note: contig omitted because of collinearity
note: comlang_off omitted because of collinearity
note: colony omitted because of collinearity
note: comcol omitted because of collinearity

Linear regression, absorbing indicators           Number of obs   =       3652
                                                  F(  14,   2607) =      13.30
                                                  Prob > F        =     0.0000
                                                  R-squared       =     0.9130
                                                  Adj R-squared   =     0.8781
                                                  Root MSE        =     1.0375

-------------------------------------------------------------------------------
              |               Robust
ln_FDIInc_O~s |      Coef.   Std. Err.      t    P>|t|     [95% Conf. Interval]
--------------+----------------------------------------------------------------
       ln_GDP |    1.56737   .5462882     2.87   0.004     .4961679    2.638573
     ln_GDP_j |  -.0708109   .2050897    -0.35   0.730     -.472966    .3313443
     ln_distw |          0  (omitted)
        Haven |          0  (omitted)
     CIT_RATE |   .0576286    .009204     6.26   0.000     .0395807    .0756765
HavenCIT_RATE |  -.0088209   .0233004    -0.38   0.705    -.0545101    .0368683
       contig |          0  (omitted)
  comlang_off |          0  (omitted)
       colony |          0  (omitted)
       comcol |          0  (omitted)
              |
      obsTime |
        2005  |  -.3483358   .1574433    -2.21   0.027    -.6570624   -.0396092
        2006  |  -.1932585   .1408199    -1.37   0.170    -.4693885    .0828716
        2007  |  -.2820187   .1229309    -2.29   0.022    -.5230707   -.0409666
        2008  |   .3791694   .1365512     2.78   0.006     .1114097     .646929
        2009  |   .4616635     .11315     4.08   0.000     .2397905    .6835366
        2010  |    .511442   .1123286     4.55   0.000     .2911797    .7317043
        2011  |   .5980853   .1203497     4.97   0.000     .3620947     .834076
        2012  |   .3094087   .0963847     3.21   0.001     .1204104     .498407
        2013  |  -.1348715   .0915772    -1.47   0.141    -.3144428    .0446999
        2014  |   -.115493   .1011952    -1.14   0.254     -.313924    .0829381
              |
        _cons |  -18.79406   7.785277    -2.41   0.016    -34.06001   -3.528108
--------------+----------------------------------------------------------------
     Pair_Tal |   absorbed                                    (1031 categories)

 ( 1)  CIT_RATE + HavenCIT_RATE = 0

       F(  1,  2607) =    4.71
            Prob > F =    0.0301
warning: addnote ignored in appended columns
OLS_Types.tex
OLS_Types.rtf
dir : seeout

Linear regression                                      Number of obs =    3444
                                                       F( 10,  3433) =  445.59
                                                       Prob > F      =  0.0000
                                                       R-squared     =  0.5623
                                                       Root MSE      =  1.9106

-------------------------------------------------------------------------------
              |               Robust
ln_FDIInc_O~d |      Coef.   Std. Err.      t    P>|t|     [95% Conf. Interval]
--------------+----------------------------------------------------------------
       ln_GDP |   .9813573   .0250143    39.23   0.000     .9323129    1.030402
     ln_GDP_j |   .7109537   .0186411    38.14   0.000      .674405    .7475024
     ln_distw |  -.6592033   .0365008   -18.06   0.000    -.7307689   -.5876378
        Haven |   2.666057   .3932399     6.78   0.000      1.89505    3.437065
     CIT_RATE |   .0452996    .004507    10.05   0.000     .0364629    .0541363
HavenCIT_RATE |  -.0379231   .0153884    -2.46   0.014    -.0680945   -.0077517
       contig |   .3705499   .1384128     2.68   0.007     .0991702    .6419297
  comlang_off |   1.093926   .1189344     9.20   0.000     .8607365    1.327115
       colony |   .8251216   .1287673     6.41   0.000     .5726534     1.07759
       comcol |   2.724637   .3648452     7.47   0.000     2.009302    3.439973
        _cons |   -15.0144   .4557582   -32.94   0.000    -15.90799   -14.12082
-------------------------------------------------------------------------------

 ( 1)  CIT_RATE + HavenCIT_RATE = 0

       F(  1,  3433) =    0.25
            Prob > F =    0.6206
warning: addnote ignored in appended columns
OLS_Types.tex
OLS_Types.rtf
dir : seeout

Linear regression, absorbing indicators           Number of obs   =       3444
                                                  F(  20,   3399) =     120.68
                                                  Prob > F        =     0.0000
                                                  R-squared       =     0.6246
                                                  Adj R-squared   =     0.6197
                                                  Root MSE        =     1.7783

-------------------------------------------------------------------------------
              |               Robust
ln_FDIInc_O~d |      Coef.   Std. Err.      t    P>|t|     [95% Conf. Interval]
--------------+----------------------------------------------------------------
       ln_GDP |   .3893463    .709741     0.55   0.583    -1.002216    1.780909
     ln_GDP_j |   .6605623   .0184169    35.87   0.000     .6244529    .6966716
     ln_distw |  -.7175282   .0353659   -20.29   0.000    -.7868688   -.6481876
        Haven |   2.628928   .3607567     7.29   0.000     1.921606    3.336249
     CIT_RATE |   .0073088   .0152713     0.48   0.632    -.0226331    .0372507
HavenCIT_RATE |  -.0376658   .0140903    -2.67   0.008    -.0652921   -.0100395
       contig |   .5261409   .1320381     3.98   0.000     .2672589     .785023
  comlang_off |   .6563938   .1162249     5.65   0.000      .428516    .8842717
       colony |   .7034184    .121825     5.77   0.000     .4645608     .942276
       comcol |   2.649705   .4430527     5.98   0.000     1.781028    3.518382
              |
      obsTime |
        2005  |   .3146147   .2269186     1.39   0.166     -.130296    .7595253
        2006  |    .328942   .2041147     1.61   0.107     -.071258    .7291421
        2007  |   .3964791   .1897041     2.09   0.037     .0245335    .7684246
        2008  |  -.1293348   .1744275    -0.74   0.458    -.4713282    .2126587
        2009  |   .1415995   .1540984     0.92   0.358    -.1605354    .4437343
        2010  |   .2676674   .1605841     1.67   0.096    -.0471838    .5825185
        2011  |   .1678535   .1488164     1.13   0.259    -.1239252    .4596322
        2012  |   .0378938   .1372002     0.28   0.782    -.2311095    .3068971
        2013  |   .0481772   .1181205     0.41   0.683    -.1834173    .2797717
        2014  |   .1036343   .1309851     0.79   0.429    -.1531832    .3604518
              |
        _cons |  -4.856775   9.887401    -0.49   0.623    -24.24263    14.52908
--------------+----------------------------------------------------------------
      COU_Tal |   absorbed                                      (25 categories)

 ( 1)  CIT_RATE + HavenCIT_RATE = 0

       F(  1,  3399) =    2.11
            Prob > F =    0.1466
warning: addnote ignored in appended columns
OLS_Types.tex
OLS_Types.rtf
dir : seeout
note: ln_distw omitted because of collinearity
note: Haven omitted because of collinearity
note: contig omitted because of collinearity
note: comlang_off omitted because of collinearity
note: colony omitted because of collinearity
note: comcol omitted because of collinearity

Linear regression, absorbing indicators           Number of obs   =       3444
                                                  F(  14,   2217) =       3.70
                                                  Prob > F        =     0.0000
                                                  R-squared       =     0.9377
                                                  Adj R-squared   =     0.9033
                                                  Root MSE        =     0.8967

-------------------------------------------------------------------------------
              |               Robust
ln_FDIInc_O~d |      Coef.   Std. Err.      t    P>|t|     [95% Conf. Interval]
--------------+----------------------------------------------------------------
       ln_GDP |    .258817   .3967012     0.65   0.514    -.5191278    1.036762
     ln_GDP_j |   .4186581   .1912879     2.19   0.029     .0435359    .7937802
     ln_distw |          0  (omitted)
        Haven |          0  (omitted)
     CIT_RATE |  -.0148116   .0139263    -1.06   0.288    -.0421215    .0124984
HavenCIT_RATE |  -.0551836   .0193892    -2.85   0.004    -.0932065   -.0171606
       contig |          0  (omitted)
  comlang_off |          0  (omitted)
       colony |          0  (omitted)
       comcol |          0  (omitted)
              |
      obsTime |
        2005  |   .2906259   .1920104     1.51   0.130     -.085913    .6671649
        2006  |   .4139436   .1849202     2.24   0.025     .0513087    .7765786
        2007  |   .5668743   .1677583     3.38   0.001     .2378944    .8958542
        2008  |  -.1216858   .1361646    -0.89   0.372    -.3887094    .1453377
        2009  |   .1170259   .1174155     1.00   0.319      -.11323    .3472817
        2010  |   .3047276   .1113257     2.74   0.006     .0864141    .5230411
        2011  |    .247064   .0850392     2.91   0.004     .0802991    .4138289
        2012  |   .0796142   .0786424     1.01   0.311    -.0746062    .2338346
        2013  |   .0604358   .0656694     0.92   0.358    -.0683443    .1892158
        2014  |   .1057011   .0717083     1.47   0.141    -.0349214    .2463236
              |
        _cons |   -4.75932   5.960291    -0.80   0.425    -16.44766    6.929017
--------------+----------------------------------------------------------------
     Pair_Tal |   absorbed                                    (1213 categories)

 ( 1)  CIT_RATE + HavenCIT_RATE = 0

       F(  1,  2217) =   10.08
            Prob > F =    0.0015
warning: addnote ignored in appended columns
OLS_Types.tex
OLS_Types.rtf
dir : seeout

Linear regression                                      Number of obs =    2785
                                                       F( 10,  2774) =  203.94
                                                       Prob > F      =  0.0000
                                                       R-squared     =  0.4212
                                                       Root MSE      =  2.1906

-------------------------------------------------------------------------------
              |               Robust
ln_FDIInc_O~t |      Coef.   Std. Err.      t    P>|t|     [95% Conf. Interval]
--------------+----------------------------------------------------------------
       ln_GDP |   .8458295   .0327919    25.79   0.000     .7815304    .9101285
     ln_GDP_j |   .8162237   .0254494    32.07   0.000      .766322    .8661254
     ln_distw |  -.8557537   .0456793   -18.73   0.000    -.9453226   -.7661848
        Haven |   2.279895    .523913     4.35   0.000     1.252596    3.307194
     CIT_RATE |   .0470883   .0066242     7.11   0.000     .0340994    .0600772
HavenCIT_RATE |  -.0344332   .0208622    -1.65   0.099    -.0753402    .0064739
       contig |  -.0243448   .1442983    -0.17   0.866    -.3072877    .2585982
  comlang_off |    .418843   .2094009     2.00   0.046     .0082456    .8294404
       colony |   .8304171   .2309082     3.60   0.000     .3776477    1.283186
       comcol |   3.128303   .3931534     7.96   0.000       2.3574    3.899206
        _cons |  -15.04985   .6036417   -24.93   0.000    -16.23348   -13.86622
-------------------------------------------------------------------------------

 ( 1)  CIT_RATE + HavenCIT_RATE = 0

       F(  1,  2774) =    0.40
            Prob > F =    0.5294
warning: addnote ignored in appended columns
OLS_Types.tex
OLS_Types.rtf
dir : seeout

Linear regression, absorbing indicators           Number of obs   =       2785
                                                  F(  20,   2741) =      81.33
                                                  Prob > F        =     0.0000
                                                  R-squared       =     0.5917
                                                  Adj R-squared   =     0.5853
                                                  Root MSE        =     1.8508

-------------------------------------------------------------------------------
              |               Robust
ln_FDIInc_O~t |      Coef.   Std. Err.      t    P>|t|     [95% Conf. Interval]
--------------+----------------------------------------------------------------
       ln_GDP |   2.687622   1.245939     2.16   0.031     .2445473    5.130698
     ln_GDP_j |    .682681   .0241055    28.32   0.000     .6354143    .7299478
     ln_distw |  -.7765456   .0387294   -20.05   0.000    -.8524875   -.7006037
        Haven |   1.275273   .4738846     2.69   0.007     .3460656     2.20448
     CIT_RATE |   .1253757   .0968127     1.30   0.195    -.0644576     .315209
HavenCIT_RATE |   .0020507   .0186177     0.11   0.912    -.0344555    .0385568
       contig |   .4548163   .1328791     3.42   0.001      .194263    .7153697
  comlang_off |    -.14875   .1991107    -0.75   0.455    -.5391722    .2416722
       colony |   .3810531   .1815862     2.10   0.036     .0249935    .7371128
       comcol |   2.049083   .3998274     5.12   0.000     1.265089    2.833076
              |
      obsTime |
        2005  |  -.2432957   1.101374    -0.22   0.825    -2.402903    1.916311
        2006  |   -.173673   1.088447    -0.16   0.873    -2.307932    1.960586
        2007  |  -.2281862   1.057075    -0.22   0.829     -2.30093    1.844558
        2008  |   .9795369   .2526752     3.88   0.000     .4840839     1.47499
        2009  |   1.211036   .2029944     5.97   0.000     .8129986    1.609073
        2010  |   1.172798   .1697177     6.91   0.000     .8400108    1.505586
        2011  |   .3025867   .2476765     1.22   0.222    -.1830648    .7882382
        2012  |  -.1230496   .1806688    -0.68   0.496    -.4773103    .2312112
        2013  |  -.1997678   .2023648    -0.99   0.324    -.5965707    .1970352
        2014  |  -.3491782   .2187847    -1.60   0.111    -.7781778    .0798213
              |
        _cons |  -40.88382   16.78496    -2.44   0.015    -73.79627   -7.971369
--------------+----------------------------------------------------------------
      COU_Tal |   absorbed                                      (24 categories)

 ( 1)  CIT_RATE + HavenCIT_RATE = 0

       F(  1,  2741) =    1.68
            Prob > F =    0.1951
warning: addnote ignored in appended columns
OLS_Types.tex
OLS_Types.rtf
dir : seeout
note: ln_distw omitted because of collinearity
note: Haven omitted because of collinearity
note: contig omitted because of collinearity
note: comlang_off omitted because of collinearity
note: colony omitted because of collinearity
note: comcol omitted because of collinearity

Linear regression, absorbing indicators           Number of obs   =       2785
                                                  F(  14,   1867) =       5.19
                                                  Prob > F        =     0.0000
                                                  R-squared       =     0.9398
                                                  Adj R-squared   =     0.9103
                                                  Root MSE        =     0.8608

-------------------------------------------------------------------------------
              |               Robust
ln_FDIInc_O~t |      Coef.   Std. Err.      t    P>|t|     [95% Conf. Interval]
--------------+----------------------------------------------------------------
       ln_GDP |   2.261102   .6732888     3.36   0.001     .9406243     3.58158
     ln_GDP_j |   .3862824   .1942207     1.99   0.047     .0053699    .7671949
     ln_distw |          0  (omitted)
        Haven |          0  (omitted)
     CIT_RATE |   .0941547   .0556789     1.69   0.091    -.0150448    .2033542
HavenCIT_RATE |   .0735037    .054981     1.34   0.181     -.034327    .1813344
       contig |          0  (omitted)
  comlang_off |          0  (omitted)
       colony |          0  (omitted)
       comcol |          0  (omitted)
              |
      obsTime |
        2005  |  -.8362151   .6545247    -1.28   0.202    -2.119892    .4474619
        2006  |  -.9366618   .6412401    -1.46   0.144    -2.194285     .320961
        2007  |  -.8575311   .6099133    -1.41   0.160    -2.053715    .3386524
        2008  |   .1685121   .1469712     1.15   0.252    -.1197329    .4567572
        2009  |   .3382651   .1546244     2.19   0.029     .0350102      .64152
        2010  |    .381243    .119776     3.18   0.001     .1463341     .616152
        2011  |  -.0351006   .1325938    -0.26   0.791    -.2951483    .2249471
        2012  |   -.126337   .1069976    -1.18   0.238    -.3361844    .0835104
        2013  |  -.2137371   .1061374    -2.01   0.044    -.4218976   -.0055766
        2014  |  -.2412328   .1123852    -2.15   0.032    -.4616466    -.020819
              |
        _cons |  -36.76858    9.37653    -3.92   0.000    -55.15816     -18.379
--------------+----------------------------------------------------------------
     Pair_Tal |   absorbed                                     (904 categories)

 ( 1)  CIT_RATE + HavenCIT_RATE = 0

       F(  1,  1867) =    4.97
            Prob > F =    0.0260
warning: addnote ignored in appended columns
OLS_Types.tex
OLS_Types.rtf
dir : seeout
. }                                                

. *************************************************************************************
> *******************
. * REGRESSION TABLE SIX.         TAX DIFFERENTIAL
. *************************************************************************************
> *******************
. {
. regress `y' `Gravity' `Independent3' `Control1', robust

Linear regression                                      Number of obs =    5118
                                                       F( 10,  5107) =  636.58
                                                       Prob > F      =  0.0000
                                                       R-squared     =  0.5366
                                                       Root MSE      =  2.0757

-------------------------------------------------------------------------------------
                    |               Robust
ln_FDIInc_Out_Total |      Coef.   Std. Err.      t    P>|t|     [95% Conf. Interval]
--------------------+----------------------------------------------------------------
             ln_GDP |   1.058649    .020119    52.62   0.000     1.019208    1.098091
           ln_GDP_j |   .8409028   .0172928    48.63   0.000     .8070015    .8748042
           ln_distw |  -.7445974   .0328041   -22.70   0.000    -.8089075   -.6802872
              Haven |   1.833004   .1143034    16.04   0.000      1.60892    2.057088
     CIT_difference |   .0124827   .0029685     4.21   0.000     .0066633    .0183022
HavenCIT_difference |  -.0111977   .0077833    -1.44   0.150    -.0264562    .0040609
             contig |   .2321678   .1137007     2.04   0.041     .0092658    .4550698
        comlang_off |   .8763044   .0992401     8.83   0.000     .6817513    1.070857
             colony |   1.228891    .117216    10.48   0.000     .9990972    1.458684
             comcol |   2.692062   .3293371     8.17   0.000      2.04642    3.337704
              _cons |  -15.38896   .3748882   -41.05   0.000     -16.1239   -14.65402
-------------------------------------------------------------------------------------
.         test CIT_difference + HavenCIT_difference=0

 ( 1)  CIT_difference + HavenCIT_difference = 0

       F(  1,  5107) =    0.03
            Prob > F =    0.8586
.                 scalar p1 = r(p)
.         outreg2 using OLS_taxdifference, replace ctitle(" ") ///
>                                                         tex(frag pretty) word label a
> lpha(0.01, 0.05, 0.1) symbol(***, **, *) ///
>                                                          nonotes addnote("All models 
> include $ D_{ij}$ and intercept. FE drops $\zeta_i$.", "Robust standard errors in par
> antheses. *** p<0.01, ** p<0.05, * p<0.1") ///
>                                                          addstat("$\gamma_1+\gamma_3 
> =0$ (p)", p1)  ///
>                                                          dec(3) keep(`Gravity' `Indep
> endent3') nocon            
OLS_taxdifference.tex
OLS_taxdifference.rtf
dir : seeout
. 
.                                                          
. areg `y' `Gravity' `Independent3' `Control1' b2015.obsTime, absorb(COU_Tal) vce(robus
> t)

Linear regression, absorbing indicators           Number of obs   =       5118
                                                  F(  20,   5071) =     202.78
                                                  Prob > F        =     0.0000
                                                  R-squared       =     0.6349
                                                  Adj R-squared   =     0.6316
                                                  Root MSE        =     1.8488

-------------------------------------------------------------------------------------
                    |               Robust
ln_FDIInc_Out_Total |      Coef.   Std. Err.      t    P>|t|     [95% Conf. Interval]
--------------------+----------------------------------------------------------------
             ln_GDP |   1.168722    .569916     2.05   0.040     .0514407    2.286004
           ln_GDP_j |    .831881   .0174498    47.67   0.000     .7976718    .8660902
           ln_distw |   -.807075   .0299883   -26.91   0.000     -.865865   -.7482849
              Haven |   1.857138   .1070247    17.35   0.000     1.647324    2.066953
     CIT_difference |    .008151   .0036217     2.25   0.024     .0010508    .0152511
HavenCIT_difference |  -.0096487    .007404    -1.30   0.193    -.0241638    .0048664
             contig |   .3466394   .1124538     3.08   0.002     .1261814    .5670975
        comlang_off |   .7694846   .1016514     7.57   0.000      .570204    .9687653
             colony |   .9771924   .1045395     9.35   0.000     .7722498    1.182135
             comcol |    3.25813   .3903281     8.35   0.000     2.492918    4.023342
                    |
            obsTime |
              2005  |   .4484921   .1865949     2.40   0.016     .0826856    .8142987
              2006  |   .5659127   .1589584     3.56   0.000     .2542856    .8775398
              2007  |   .4879719   .1421361     3.43   0.001     .2093238      .76662
              2008  |    .131014   .1576615     0.83   0.406    -.1780707    .4400987
              2009  |   .3844326   .1476792     2.60   0.009     .0949177    .6739476
              2010  |   .4542065   .1456338     3.12   0.002     .1687014    .7397116
              2011  |   .2894428   .1342673     2.16   0.031     .0262209    .5526647
              2012  |   .1866479   .1230088     1.52   0.129    -.0545025    .4277983
              2013  |  -.0268708   .0966195    -0.28   0.781    -.2162868    .1625452
              2014  |   .0521716   .1056058     0.49   0.621    -.1548613    .2592045
                    |
              _cons |  -16.39143   7.871964    -2.08   0.037    -31.82388   -.9589819
--------------------+----------------------------------------------------------------
            COU_Tal |   absorbed                                      (27 categories)
.         test CIT_difference + HavenCIT_difference=0

 ( 1)  CIT_difference + HavenCIT_difference = 0

       F(  1,  5071) =    0.05
            Prob > F =    0.8298
.                         scalar p1 = r(p)
.         outreg2 using OLS_taxdifference, append ctitle("$+\delta_t+\zeta_i$") ///
>                                                         tex(frag pretty) word label a
> lpha(0.01, 0.05, 0.1) symbol(***, **, *) ///
>                                                          nonotes addnote("All models 
> include $ D_{ij}$ and intercept. FE drops $\zeta_i$.", "Robust standard errors in par
> antheses. *** p<0.01, ** p<0.05, * p<0.1") ///
>                                                          addstat("$\gamma_1+\gamma_3 
> =0$ (p)", p1)  ///
>                                                          dec(3) keep(`Gravity' `Indep
> endent3') nocon                                                                     
warning: addnote ignored in appended columns
OLS_taxdifference.tex
OLS_taxdifference.rtf
dir : seeout
. 
. areg `y' `Gravity' `Independent3+' `Control1' b2015.obsTime, absorb(Pair_Tal) vce(rob
> ust) 
note: ln_distw omitted because of collinearity
note: Haven omitted because of collinearity
note: contig omitted because of collinearity
note: comlang_off omitted because of collinearity
note: colony omitted because of collinearity
note: comcol omitted because of collinearity

Linear regression, absorbing indicators           Number of obs   =       5118
                                                  F(  14,   3512) =       6.84
                                                  Prob > F        =     0.0000
                                                  R-squared       =     0.9505
                                                  Adj R-squared   =     0.9279
                                                  Root MSE        =     0.8180

-------------------------------------------------------------------------------------
                    |               Robust
ln_FDIInc_Out_Total |      Coef.   Std. Err.      t    P>|t|     [95% Conf. Interval]
--------------------+----------------------------------------------------------------
             ln_GDP |   .4291496   .2472228     1.74   0.083    -.0555653    .9138645
           ln_GDP_j |   .3846922   .1508035     2.55   0.011     .0890209    .6803634
           ln_distw |          0  (omitted)
              Haven |          0  (omitted)
     CIT_difference |   .0088436   .0046291     1.91   0.056    -.0002324    .0179196
HavenCIT_difference |  -.0219499   .0158973    -1.38   0.167    -.0531188    .0092191
             contig |          0  (omitted)
        comlang_off |          0  (omitted)
             colony |          0  (omitted)
             comcol |          0  (omitted)
                    |
            obsTime |
              2005  |  -.0831663    .136461    -0.61   0.542    -.3507171    .1843845
              2006  |   .1672786    .111864     1.50   0.135    -.0520465    .3866036
              2007  |   .3271916   .0894645     3.66   0.000     .1517839    .5025992
              2008  |    .100653   .0914802     1.10   0.271    -.0787067    .2800128
              2009  |   .1990643   .0858147     2.32   0.020     .0308126     .367316
              2010  |   .3196762   .0754322     4.24   0.000     .1717808    .4675715
              2011  |   .2785656   .0596166     4.67   0.000      .161679    .3954523
              2012  |   .1840569   .0556944     3.30   0.001     .0748602    .2932536
              2013  |   .0650629   .0436212     1.49   0.136    -.0204625    .1505883
              2014  |   .1151465   .0448592     2.57   0.010     .0271938    .2030992
                    |
              _cons |  -6.742937   3.783755    -1.78   0.075    -14.16152    .6756424
--------------------+----------------------------------------------------------------
           Pair_Tal |   absorbed                                    (1592 categories)
.         test CIT_difference + HavenCIT_difference=0

 ( 1)  CIT_difference + HavenCIT_difference = 0

       F(  1,  3512) =    0.71
            Prob > F =    0.3984
.                 scalar p1 = r(p)
.         outreg2 using OLS_taxdifference, append ctitle("$+\theta_{ij}$") ///
>                                                         tex(frag pretty) word label a
> lpha(0.01, 0.05, 0.1) symbol(***, **, *) ///
>                                                          nonotes addnote("All models 
> include $ D_{ij}$ and intercept. FE drops $\zeta_i$.", "Robust standard errors in par
> antheses. *** p<0.01, ** p<0.05, * p<0.1") ///
>                                                          addstat("$\gamma_1+\gamma_3 
> =0$ (p)", p1)  ///
>                                                          dec(3) keep(`Gravity' `Indep
> endent3') nocon            
warning: addnote ignored in appended columns
OLS_taxdifference.tex
OLS_taxdifference.rtf
dir : seeout
. 
. }

. *************************************************************************************
> *******************
. * REGRESSION TABLE 7.   CFC RULES. 
. *************************************************************************************
> *******************
. {
. regress `y' `Gravity' `Independent4' `Control1', robust

Linear regression                                      Number of obs =    5850
                                                       F( 14,  5835) =  550.87
                                                       Prob > F      =  0.0000
                                                       R-squared     =  0.5499
                                                       Root MSE      =  2.1017

----------------------------------------------------------------------------------
                 |               Robust
ln_FDIInc_Out_~l |      Coef.   Std. Err.      t    P>|t|     [95% Conf. Interval]
-----------------+----------------------------------------------------------------
          ln_GDP |   .9692916   .0260344    37.23   0.000     .9182546    1.020329
        ln_GDP_j |   .8420536   .0141548    59.49   0.000     .8143049    .8698023
        ln_distw |  -.7908598   .0309777   -25.53   0.000    -.8515876    -.730132
             CFC |   3.023712   .3096748     9.76   0.000     2.416634    3.630789
           Haven |   5.058755    .877263     5.77   0.000     3.338994    6.778516
        CFCHaven |  -3.552658   .9335889    -3.81   0.000    -5.382838   -1.722478
        CIT_RATE |   .1398098   .0118289    11.82   0.000     .1166208    .1629987
     CFCCIT_RATE |  -.1287265   .0123616   -10.41   0.000    -.1529597   -.1044933
   HavenCIT_RATE |  -.1152368   .0364276    -3.16   0.002    -.1866484   -.0438251
CFCHavenCIT_RATE |   .1187332   .0384716     3.09   0.002     .0433146    .1941517
          contig |   .2761635   .1081282     2.55   0.011     .0641921    .4881349
     comlang_off |   .8461837    .102157     8.28   0.000     .6459181    1.046449
          colony |   1.250998   .1103412    11.34   0.000     1.034689    1.467308
          comcol |   2.911525    .320678     9.08   0.000     2.282877    3.540173
           _cons |  -17.10442   .4655403   -36.74   0.000    -18.01705   -16.19178
----------------------------------------------------------------------------------
.         test CIT_RATE + HavenCIT_RATE=0

 ( 1)  CIT_RATE + HavenCIT_RATE = 0

       F(  1,  5835) =    0.50
            Prob > F =    0.4805
.                         scalar p1 = r(p)
.         test CIT_RATE + HavenCIT_RATE+CFCCIT_RATE+CFCHavenCIT_RATE=0

 ( 1)  CIT_RATE + CFCCIT_RATE + HavenCIT_RATE + CFCHavenCIT_RATE = 0

       F(  1,  5835) =    1.49
            Prob > F =    0.2230
.                 scalar p2 = r(p)
.         outreg2 using OLS_CFC, replace ctitle("Eq. (\ref{gravityCFC})") ///
>                                                         tex(frag pretty) word label a
> lpha(0.01, 0.05, 0.1) symbol(***, **, *) ///
>                                                          nonotes addnote("All models 
> include gravity variables and intercept. FE drops $\zeta_i$.", "Robust standard error
> s in parantheses. *** p<0.01, ** p<0.05, * p<0.1") ///
>                                                          addstat("$\gamma_1+\gamma_3 
> =0$ (p)", p1, "$\gamma_1+\gamma_3+\iota_3+\iota_4 =0$ (p)", p2)  ///
>                                                          dec(3) keep(`Independent4') 
> nocons nor2 noobs                                  
OLS_CFC.tex
OLS_CFC.rtf
dir : seeout
. 
.                                                          
. areg `y' `Gravity' `Independent4' `Control1' b2015.obsTime, absorb(COU_Tal) vce(robus
> t)
note: CFC omitted because of collinearity

Linear regression, absorbing indicators           Number of obs   =       5850
                                                  F(  23,   5800) =     249.22
                                                  Prob > F        =     0.0000
                                                  R-squared       =     0.6411
                                                  Adj R-squared   =     0.6381
                                                  Root MSE        =     1.8825

----------------------------------------------------------------------------------
                 |               Robust
ln_FDIInc_Out_~l |      Coef.   Std. Err.      t    P>|t|     [95% Conf. Interval]
-----------------+----------------------------------------------------------------
          ln_GDP |   1.306586   .5647835     2.31   0.021     .1993996    2.413772
        ln_GDP_j |   .8207636   .0137013    59.90   0.000     .7939041    .8476232
        ln_distw |  -.8418114   .0281703   -29.88   0.000    -.8970357   -.7865872
             CFC |          0  (omitted)
           Haven |   5.126988   .7930414     6.46   0.000     3.572331    6.681645
        CFCHaven |  -3.714109   .8568341    -4.33   0.000    -5.393823   -2.034394
        CIT_RATE |   .1113266   .1271601     0.88   0.381    -.1379546    .3606078
     CFCCIT_RATE |  -.0600625   .1287191    -0.47   0.641       -.3124    .1922749
   HavenCIT_RATE |  -.1186155   .0325801    -3.64   0.000    -.1824847   -.0547464
CFCHavenCIT_RATE |   .1247601   .0348971     3.58   0.000     .0563488    .1931715
          contig |   .4293609   .1098519     3.91   0.000     .2140102    .6447117
     comlang_off |   .6693382   .0990844     6.76   0.000     .4750958    .8635805
          colony |   .9919386   .0990686    10.01   0.000     .7977273     1.18615
          comcol |   3.364321   .3906353     8.61   0.000      2.59853    4.130112
                 |
         obsTime |
           2005  |   .3420805   .1883504     1.82   0.069    -.0271565    .7113175
           2006  |    .381223   .1667823     2.29   0.022     .0542675    .7081786
           2007  |   .3148147   .1617025     1.95   0.052    -.0021826     .631812
           2008  |   .3756691   .1490152     2.52   0.012     .0835437    .6677945
           2009  |   .5180987   .1394542     3.72   0.000     .2447164     .791481
           2010  |   .5931408   .1402717     4.23   0.000      .318156    .8681256
           2011  |   .3014137   .1269392     2.37   0.018     .0525656    .5502619
           2012  |   .1723268   .1163399     1.48   0.139    -.0557428    .4003965
           2013  |  -.0877971   .0952164    -0.92   0.357    -.2744567    .0988626
           2014  |   .0530245   .1033867     0.51   0.608    -.1496521    .2557011
                 |
           _cons |  -19.60914   7.792689    -2.52   0.012    -34.88572   -4.332562
-----------------+----------------------------------------------------------------
         COU_Tal |   absorbed                                      (27 categories)
.         test CIT_RATE + HavenCIT_RATE=0

 ( 1)  CIT_RATE + HavenCIT_RATE = 0

       F(  1,  5800) =    0.00
            Prob > F =    0.9559
.                         scalar p1 = r(p)
.         test CIT_RATE + HavenCIT_RATE+CFCCIT_RATE+CFCHavenCIT_RATE=0

 ( 1)  CIT_RATE + CFCCIT_RATE + HavenCIT_RATE + CFCHavenCIT_RATE = 0

       F(  1,  5800) =   10.78
            Prob > F =    0.0010
.                 scalar p2 = r(p)
.         outreg2 using OLS_CFC, append ctitle("$+\delta_t+\zeta_i$") ///
>                                                         tex(frag pretty) word label a
> lpha(0.01, 0.05, 0.1) symbol(***, **, *) ///
>                                                          nonotes addnote("All models 
> include gravity variables and intercept. FE drops $\zeta_i$.", "Robust standard error
> s in parantheses. *** p<0.01, ** p<0.05, * p<0.1") ///
>                                                          addstat("$\gamma_1+\gamma_3 
> =0$ (p)", p1, "$\gamma_1+\gamma_3+\iota_3+\iota_4 =0$ (p)", p2)  ///
>                                                          dec(3) keep(`Independent4') 
> nocons nor2 noobs                                                          
warning: addnote ignored in appended columns
OLS_CFC.tex
OLS_CFC.rtf
dir : seeout
.                                                                          
. 
. areg `y' `Gravity' `Independent4+' `Control1' b2015.obsTime, absorb(Pair_Tal) vce(rob
> ust) 
note: ln_distw omitted because of collinearity
note: CFC omitted because of collinearity
note: Haven omitted because of collinearity
note: CFCHaven omitted because of collinearity
note: contig omitted because of collinearity
note: comlang_off omitted because of collinearity
note: colony omitted because of collinearity
note: comcol omitted because of collinearity

Linear regression, absorbing indicators           Number of obs   =       5850
                                                  F(  16,   3973) =       6.65
                                                  Prob > F        =     0.0000
                                                  R-squared       =     0.9491
                                                  Adj R-squared   =     0.9250
                                                  Root MSE        =     0.8569

----------------------------------------------------------------------------------
                 |               Robust
ln_FDIInc_Out_~l |      Coef.   Std. Err.      t    P>|t|     [95% Conf. Interval]
-----------------+----------------------------------------------------------------
          ln_GDP |   .6117813   .2478368     2.47   0.014     .1258821    1.097681
        ln_GDP_j |    .186373   .1550728     1.20   0.229    -.1176566    .4904027
        ln_distw |          0  (omitted)
             CFC |          0  (omitted)
           Haven |          0  (omitted)
        CFCHaven |          0  (omitted)
        CIT_RATE |  -.0288686   .0749156    -0.39   0.700    -.1757453     .118008
     CFCCIT_RATE |   .0538538   .0758691     0.71   0.478    -.0948923    .2025998
   HavenCIT_RATE |  -.0130669   .1045105    -0.13   0.901    -.2179662    .1918324
CFCHavenCIT_RATE |  -.0093708   .1061841    -0.09   0.930    -.2175513    .1988097
          contig |          0  (omitted)
     comlang_off |          0  (omitted)
          colony |          0  (omitted)
          comcol |          0  (omitted)
                 |
         obsTime |
           2005  |   -.111852   .1310825    -0.85   0.394    -.3688473    .1451432
           2006  |   .0848651   .1125483     0.75   0.451    -.1357927    .3055229
           2007  |   .2718445   .0948692     2.87   0.004     .0858476    .4578413
           2008  |    .219133   .0933878     2.35   0.019     .0360405    .4022256
           2009  |    .269573   .0871301     3.09   0.002      .098749     .440397
           2010  |   .4322626   .0753473     5.74   0.000     .2845397    .5799856
           2011  |   .3263562   .0578364     5.64   0.000     .2129644     .439748
           2012  |   .2057662   .0571616     3.60   0.000     .0936974    .3178351
           2013  |    .025201   .0444086     0.57   0.570    -.0618648    .1122667
           2014  |   .1220886   .0453662     2.69   0.007     .0331455    .2110318
                 |
           _cons |  -7.386957   3.724488    -1.98   0.047    -14.68904   -.0848691
-----------------+----------------------------------------------------------------
        Pair_Tal |   absorbed                                    (1861 categories)
.         test CIT_RATE + HavenCIT_RATE=0

 ( 1)  CIT_RATE + HavenCIT_RATE = 0

       F(  1,  3973) =    0.29
            Prob > F =    0.5890
.                         scalar p1 = r(p)
.         test CIT_RATE + HavenCIT_RATE+CFCCIT_RATE+CFCHavenCIT_RATE=0

 ( 1)  CIT_RATE + CFCCIT_RATE + HavenCIT_RATE + CFCHavenCIT_RATE = 0

       F(  1,  3973) =    0.02
            Prob > F =    0.8920
.                 scalar p2 = r(p)
.         outreg2 using OLS_CFC, append ctitle("$+\theta_{ij}$") ///
>                                                         tex(frag pretty) word label a
> lpha(0.01, 0.05, 0.1) symbol(***, **, *) ///
>                                                          nonotes addnote("All models 
> include gravity variables and intercept. FE drops $\zeta_i$.", "Robust standard error
> s in parantheses. *** p<0.01, ** p<0.05, * p<0.1") ///
>                                                          addstat("$\gamma_1+\gamma_3 
> =0$ (p)", p1, "$\gamma_1+\gamma_3+\iota_3+\iota_4 =0$ (p)", p2)  ///
>                                                          dec(3) keep(`Independent4') 
> nocons nor2 noobs                                                  
warning: addnote ignored in appended columns
OLS_CFC.tex
OLS_CFC.rtf
dir : seeout
. }

.                                                          
. *************************************************************************************
> ********************
.                                                                                      
>             
. log close
      name:  <unnamed>
       log:  C:\Users\rbjoe\Dropbox\Kugejl\8. semester\Public Economics\Public_economic
> s\Code\Stata output\log.txt
  log type:  text
 closed on:  29 Apr 2017, 20:45:48
---------------------------------------------------------------------------------------
