---------------------------------------------------------------------------------------
      name:  <unnamed>
       log:  C:\Users\rbjoe\Dropbox\Kugejl\8. semester\Public Economics\Public_economic
> s\Code\Stata output\log.txt
  log type:  text
 opened on:  28 Apr 2017, 20:07:36

.                                                         
. ********************************************************************************
. 
. ********************************************************************************
. *VARIABLE GROUPS
. ********************************************************************************
. local y "ln_FDIInc_Out_Total"

. local yy "ln_FDIInc_Out_Equity ln_FDIInc_Out_Dividends ln_FDIInc_Out_Reinvested ln_FD
> IInc_Out_Debt"

. local Y "FDIInc_Out_Total FDIInc_Out_Equity FDIInc_Out_Dividends FDIInc_Out_Reinveste
> d FDIInc_Out_Debt"

. local Gravity_Nlog "GDP GDP_j distw"

. local Gravity "ln_GDP ln_GDP_j ln_distw"

. local Independent1 "Haven CIT_RATE HavenCIT_RATE"

. local Independent2 "Small_Haven Large_Haven CIT_RATE Small_HavenCIT_RATE Large_HavenC
> IT_RATE"

. local Independent3 "Haven CIT_difference HavenCIT_difference"

. local Independent4 "CFC Haven CFCHaven CIT_RATE CFCCIT_RATE HavenCIT_RATE CFCHavenCIT
> _RATE"

. local Control1 "contig comlang_off colony comcol" //EXCE

. 
. ********************************************************************************
. 
. 
. ********************************************************************************
. *GENERATE VARIABLES
. ********************************************************************************
. *Interaction terms 
. *Basic interaction
. gen HavenCIT_RATE = Haven*CIT_RATE

. 
. *Based on size
. gen Small_HavenCIT_RATE = Small_Haven*CIT_RATE

. 
. gen Large_HavenCIT_RATE = Large_Haven*CIT_RATE

. 
. *Based on the tax differences variable
. gen HavenCIT_difference = Haven*CIT_difference
(9856 missing values generated)

. 
. *CFC interactions
. gen CFCHaven = Haven*CFC

. 
. gen CFCHavenCIT_RATE = Haven*CFC*CIT_RATE

. 
. gen CFCCIT_RATE = CFC*CIT_RATE

. 
. *Encode assigns numerical values to each group in a variable
. 
. encode(COU), gen(COU_Tal)

. encode(COUNTERPART_AREA), gen(COUNTERPART_AREA_Tal)

. encode(Pair), gen(Pair_Tal)

. 
. *Create necessary logged variables
. foreach var in `Y' `Gravity_Nlog' {
  2. gen ln_`var' = log(`var')
  3. }
(17848 missing values generated)
(19510 missing values generated)
(20089 missing values generated)
(20317 missing values generated)
(20962 missing values generated)
(1782 missing values generated)
(1392 missing values generated)

. 
. *Create first differenced variables
. sort Pair_Tal obsTime

. foreach var in FDIInc_Out_Total FDIInc_Inw_Total ln_FDIInc_Out_Total ln_FDIInc_Inw_To
> tal `Control_OLS1' {
  2.         cap by Pair_Tal: generate dif`var'=`var'[_n]-`var'[_n-1]
  3. }

. 
. ********************************************************************************
. 
. ********************************************************************************
. *LABELS 
. ********************************************************************************
. 
. label variable FDIInc_Out_Total                 "FDI income - Total (Outwards)"

. label variable FDIInc_Out_Dividends     "FDI income - Dividends (Outwards)"

. label variable FDIInc_Out_Equity                "FDI income - Income on Equity (Outwa
> rds)"

. label variable FDIInc_Out_Debt                  "FDI income - Interests from income o
> n debt (Outwards)"

. label variable FDIInc_Out_Reinvested    "FDI income - Reinvested earnings (Outwards)"

. label variable FDIInc_Inw_Total                 "FDI income - Total (Inwards)"

. label variable FDIInc_Inw_Dividends     "FDI income - Dividends (Inwards)"

. label variable FDIInc_Inw_Equity                "FDI income - Income on Equity (Inwar
> ds)"

. label variable FDIInc_Inw_Debt                  "FDI income - Interests from income o
> n debt (Inwards)"

. label variable FDIInc_Inw_Reinvested    "FDI income - Reinvested earnings (Inwards)"

. label variable ln_GDP                                   "$\ln\text{GDP}_{it}$"  

. label variable ln_GDP_j                                 "$\ln\text{GDP}_{jt}$"  

. label variable ln_distw                                 "$\ln\text{Distance (w)}$"

. label variable contig                                   "Common border"

. label variable colony                                   "Colony"

. label variable comcol                                   "Common colony"

. label variable comlang_off                              "Common language"

. label variable CIT_RATE                                 "$ \text{CIT}_{it}$ $(\gamma_
> 1)$"

. label variable Haven                                    "Haven $(\gamma_2)$"

. label variable HavenCIT_RATE                    "Haven$\times\text{CIT}_{it}$ $ (\gam
> ma_3)$ "

. label variable Small_HavenCIT_RATE              "Small Haven$\times\text{CIT}_{it}$"

. label variable Large_HavenCIT_RATE              "Large Haven$\times\text{CIT}_{it}$"

. label variable HavenCIT_difference              "Haven$\times\text{CIT}_{it}$ (differ
> ence)"

. label variable CFCHaven                                 "CFC$\times$Haven"

. label variable CFCHavenCIT_RATE                 "CFC.Haven$\times\text{CIT}_{it}$"

. label variable CFCCIT_RATE                      "CFC$\times\text{CIT}_{it}$ "

. ********************************************************************************
. 
. ********************************************************************************
. *ANALYSIS
. ********************************************************************************
. *Without OECD tax havens. 
. *drop if COU == "IRL" // Ireland
. 
. *Panel
. xtset Pair_Tal obsTime, yearly
       panel variable:  Pair_Tal (unbalanced)
        time variable:  obsTime, 2005 to 2015, but with gaps
                delta:  1 year

. 
. 
. *************************************************************************************
> ********************
. *************************************************************************************
> ********************
. * REGRESSION TABLE ONE. BASIC REGRESSION
. *************************************************************************************
> ********************
. *************************************************************************************
> ********************
. regress `y' `Gravity' `Independent1' `Control1', robust

Linear regression                                      Number of obs =    5850
                                                       F( 10,  5839) =  764.42
                                                       Prob > F      =  0.0000
                                                       R-squared     =  0.5400
                                                       Root MSE      =   2.124

-------------------------------------------------------------------------------
              |               Robust
ln_FDIInc_O~l |      Coef.   Std. Err.      t    P>|t|     [95% Conf. Interval]
--------------+----------------------------------------------------------------
       ln_GDP |   .9758984   .0199772    48.85   0.000     .9367357    1.015061
     ln_GDP_j |   .8373337   .0142389    58.81   0.000     .8094203    .8652472
     ln_distw |  -.7922294    .031113   -25.46   0.000    -.8532223   -.7312365
        Haven |   2.597662   .3265126     7.96   0.000     1.957577    3.237748
     CIT_RATE |   .0331154   .0040447     8.19   0.000     .0251863    .0410446
HavenCIT_RATE |  -.0300395   .0124773    -2.41   0.016    -.0544996   -.0055794
       contig |   .2119134   .1102904     1.92   0.055    -.0042966    .4281234
  comlang_off |   .7885908   .1001485     7.87   0.000     .5922627     .984919
       colony |   1.236284   .1132668    10.91   0.000     1.014239    1.458329
       comcol |   2.587183   .3194545     8.10   0.000     1.960934    3.213432
        _cons |  -14.66616   .3661631   -40.05   0.000    -15.38397   -13.94834
-------------------------------------------------------------------------------

.         test CIT_RATE + HavenCIT_RATE=0

 ( 1)  CIT_RATE + HavenCIT_RATE = 0

       F(  1,  5839) =    0.07
            Prob > F =    0.7964

.                 scalar p1 = r(p)

.         outreg2 using OLS, replace ctitle("Eq. (\ref{gravity1})") ///
>                                                         tex(frag pretty) word label a
> lpha(0.01, 0.05, 0.1, 0.15) symbol(***, **, *, +) ///
>                                                          addstat("$\gamma_1+\gamma_3 
> =0$ (p-value)", p1)  ///
>                                                          dec(3) keep(`Gravity' `Indep
> endent1' `Control1')                                                                 
>        
OLS.tex
OLS.rtf
dir : seeout

.                                                  
.                                                          
. regress `y' `Gravity' `Independent1' `Control1' b2015.obsTime, robust

Linear regression                                      Number of obs =    5850
                                                       F( 20,  5829) =  385.08
                                                       Prob > F      =  0.0000
                                                       R-squared     =  0.5417
                                                       Root MSE      =  2.1219

-------------------------------------------------------------------------------
              |               Robust
ln_FDIInc_O~l |      Coef.   Std. Err.      t    P>|t|     [95% Conf. Interval]
--------------+----------------------------------------------------------------
       ln_GDP |   .9548974   .0212678    44.90   0.000     .9132046    .9965901
     ln_GDP_j |    .837207   .0142738    58.65   0.000     .8092251    .8651889
     ln_distw |  -.7815055    .031248   -25.01   0.000    -.8427632   -.7202478
        Haven |   2.600598   .3267194     7.96   0.000     1.960107     3.24109
     CIT_RATE |   .0349367   .0042483     8.22   0.000     .0266085    .0432649
HavenCIT_RATE |  -.0301388   .0124733    -2.42   0.016    -.0545912   -.0056865
       contig |   .1828767   .1112541     1.64   0.100    -.0352227     .400976
  comlang_off |   .8055406   .0999727     8.06   0.000     .6095571    1.001524
       colony |   1.248122   .1134757    11.00   0.000     1.025667    1.470576
       comcol |     2.5567   .3169843     8.07   0.000     1.935293    3.178107
              |
      obsTime |
        2005  |   .3321679   .1320131     2.52   0.012     .0733732    .5909625
        2006  |   .3832011   .1214114     3.16   0.002     .1451897    .6212126
        2007  |   .3578983   .1235434     2.90   0.004     .1157074    .6000892
        2008  |   .2764767   .1341991     2.06   0.039     .0133966    .5395568
        2009  |   .3857825   .1320981     2.92   0.004     .1268213    .6447437
        2010  |   .3854296   .1369758     2.81   0.005     .1169062    .6539531
        2011  |   .0621814   .1194354     0.52   0.603    -.1719563    .2963192
        2012  |  -.0020751   .1129659    -0.02   0.985    -.2235302    .2193799
        2013  |  -.0360357     .08555    -0.42   0.674    -.2037454     .131674
        2014  |   .0192037    .086644     0.22   0.825    -.1506507    .1890581
              |
        _cons |  -14.55935   .3711886   -39.22   0.000    -15.28702   -13.83168
-------------------------------------------------------------------------------

.         test CIT_RATE + HavenCIT_RATE=0

 ( 1)  CIT_RATE + HavenCIT_RATE = 0

       F(  1,  5829) =    0.16
            Prob > F =    0.6885

.                         scalar p1 = r(p)

.         outreg2 using OLS, append ctitle("$+\delta_t$") ///
>                                                         tex(frag pretty) word label a
> lpha(0.01, 0.05, 0.1, 0.15) symbol(***, **, *, +) ///
>                                                          addstat("$\gamma_1+\gamma_3 
> =0$ (p-value)", p1)  ///
>                                                          dec(3) keep(`Gravity' `Indep
> endent1' `Control1')
OLS.tex
OLS.rtf
dir : seeout

. *Equivalent alternative:
. *areg `y' `Gravity' `Independent1' `Control1', absorb(obsTime) vce(robust) noomitted 
>                                                    
. 
. *regress `y' `Gravity' `Independent1' `Control1' b2015.obsTime b6.COU_Tal, robust // 
> Reference group: Germany (most observations)                                         
>                               
. areg `y' `Gravity' `Independent1' `Control1' b2015.obsTime, absorb(COU_Tal) vce(robus
> t)

Linear regression, absorbing indicators           Number of obs   =       5850
                                                  F(  20,   5803) =     280.61
                                                  Prob > F        =     0.0000
                                                  R-squared       =     0.6376
                                                  Adj R-squared   =     0.6347
                                                  Root MSE        =     1.8913

-------------------------------------------------------------------------------
              |               Robust
ln_FDIInc_O~l |      Coef.   Std. Err.      t    P>|t|     [95% Conf. Interval]
--------------+----------------------------------------------------------------
       ln_GDP |   1.434591   .5612539     2.56   0.011     .3343236    2.534858
     ln_GDP_j |   .8197255   .0137293    59.71   0.000     .7928109    .8466401
     ln_distw |  -.8401813   .0282876   -29.70   0.000    -.8956355   -.7847271
        Haven |   2.567681   .3162404     8.12   0.000     1.947732     3.18763
     CIT_RATE |   .0596435   .0137751     4.33   0.000     .0326393    .0866478
HavenCIT_RATE |   -.029198   .0121259    -2.41   0.016    -.0529693   -.0054267
       contig |    .377188   .1097616     3.44   0.001     .1620143    .5923617
  comlang_off |    .670639   .0998146     6.72   0.000     .4749651    .8663128
       colony |    .968142   .0993027     9.75   0.000     .7734716    1.162812
       comcol |   3.156365   .3847705     8.20   0.000     2.402071    3.910659
              |
      obsTime |
        2005  |   .3450687   .1884733     1.83   0.067    -.0244093    .7145467
        2006  |   .3777742   .1672893     2.26   0.024     .0498248    .7057237
        2007  |   .2935261   .1636305     1.79   0.073    -.0272507    .6143029
        2008  |    .381559   .1521433     2.51   0.012     .0833015    .6798166
        2009  |    .543105   .1422543     3.82   0.000     .2642335    .8219764
        2010  |   .6025759   .1417374     4.25   0.000     .3247177     .880434
        2011  |   .3092219   .1266953     2.44   0.015      .060852    .5575919
        2012  |   .1674478     .11751     1.42   0.154    -.0629156    .3978112
        2013  |  -.1012514   .0951952    -1.06   0.288    -.2878696    .0853667
        2014  |   .0350412   .1036855     0.34   0.735    -.1682211    .2383034
              |
        _cons |  -21.17785   7.866042    -2.69   0.007    -36.59822   -5.757473
--------------+----------------------------------------------------------------
      COU_Tal |   absorbed                                      (27 categories)

.         test CIT_RATE + HavenCIT_RATE=0

 ( 1)  CIT_RATE + HavenCIT_RATE = 0

       F(  1,  5803) =    3.05
            Prob > F =    0.0809

.                         scalar p1 = r(p)

.         outreg2 using OLS, append ctitle("$+\zeta_i$") ///
>                                                         tex(frag pretty) word label a
> lpha(0.01, 0.05, 0.1, 0.15) symbol(***, **, *, +) ///
>                                                          addstat("$\gamma_1+\gamma_3 
> =0$ (p-value)", p1)  ///
>                                                          dec(3) keep(`Gravity' `Indep
> endent1' `Control1')                                
OLS.tex
OLS.rtf
dir : seeout

. *Equivalent alternative:
. *regress `y' `Gravity' `Independent1' `Control1' b2015.obsTime b6.COU_Tal  b59.COUNTE
> RPART_AREA_Tal, robust //Reference group: Germany
. 
. areg `y' `Gravity' `Independent1' `Control1' b2015.obsTime  b6.COU_Tal, absorb(COUNTE
> RPART_AREA_Ta) vce(robust) // Reference group: Germany (most observations)           
>                                                                                
note: Haven omitted because of collinearity

Linear regression, absorbing indicators           Number of obs   =       5850
                                                  F(  45,   5601) =     173.11
                                                  Prob > F        =     0.0000
                                                  R-squared       =     0.7348
                                                  Adj R-squared   =     0.7231
                                                  Root MSE        =     1.6466

-------------------------------------------------------------------------------
              |               Robust
ln_FDIInc_O~l |      Coef.   Std. Err.      t    P>|t|     [95% Conf. Interval]
--------------+----------------------------------------------------------------
       ln_GDP |   1.409007    .493234     2.86   0.004     .4420777    2.375937
     ln_GDP_j |   .3154953   .1655039     1.91   0.057    -.0089566    .6399472
     ln_distw |  -1.091422   .0508707   -21.45   0.000    -1.191149   -.9916961
        Haven |          0  (omitted)
     CIT_RATE |   .0431969    .012321     3.51   0.000      .019043    .0673508
HavenCIT_RATE |  -.0137146   .0105639    -1.30   0.194    -.0344239    .0069947
       contig |   .1762039   .1112791     1.58   0.113    -.0419463    .3943542
  comlang_off |   .5872983   .0984322     5.97   0.000      .394333    .7802636
       colony |   1.005906   .1051935     9.56   0.000     .7996864    1.212126
       comcol |   3.529387    .406463     8.68   0.000     2.732562    4.326212
              |
      obsTime |
        2005  |    .056872   .1822738     0.31   0.755    -.3004552    .4141992
        2006  |   .1538836    .154871     0.99   0.320    -.1497236    .4574908
        2007  |   .1558551    .141416     1.10   0.270    -.1213751    .4330854
        2008  |   .2303314   .1273435     1.81   0.071    -.0193112    .4799741
        2009  |   .3853792   .1262246     3.05   0.002       .13793    .6328284
        2010  |   .5055944   .1186106     4.26   0.000     .2730716    .7381172
        2011  |   .2764937   .1075048     2.57   0.010     .0657427    .4872448
        2012  |   .1396473   .0994706     1.40   0.160    -.0553535    .3346482
        2013  |  -.0959081   .0840624    -1.14   0.254     -.260703    .0688867
        2014  |   .0410105   .0913466     0.45   0.653    -.1380641    .2200852
              |
      COU_Tal |
         AUS  |   .4537094   .5132607     0.88   0.377    -.5524804    1.459899
         AUT  |    1.07668   1.069428     1.01   0.314    -1.019813    3.173173
         BEL  |   .4301886   .9709346     0.44   0.658     -1.47322    2.333597
         CAN  |   1.138551   .4191225     2.72   0.007     .3169084    1.960194
         CZE  |  -.7300848   1.461641    -0.50   0.617    -3.595468    2.135299
         DNK  |   1.513003   1.182265     1.28   0.201    -.8046939      3.8307
         ESP  |   1.124515   .5437502     2.07   0.039     .0585543    2.190477
         EST  |   .9542848   2.485258     0.38   0.701    -3.917785    5.826354
         FRA  |   .0374104   .2359403     0.16   0.874     -.425124    .4999448
         GBR  |   .6933433   .1598674     4.34   0.000     .3799413    1.006745
         GRC  |  -.1537062   1.377668    -0.11   0.911    -2.854469    2.547057
         HUN  |   1.382528   1.647441     0.84   0.401    -1.847095    4.612152
         IRL  |   1.483418   1.365086     1.09   0.277     -1.19268    4.159515
         ISL  |   2.259011   2.683817     0.84   0.400     -3.00231    7.520332
         ITA  |  -1.220007   .3211276    -3.80   0.000    -1.849541   -.5904719
         JPN  |   .6945294   .2475746     2.81   0.005     .2091872    1.179872
         KOR  |   .1824421   .5310314     0.34   0.731    -.8585853    1.223469
         LVA  |    1.25455   2.406037     0.52   0.602    -3.462216    5.971316
         NLD  |   3.162529   .7289994     4.34   0.000     1.733407     4.59165
         NOR  |   1.183483   1.017133     1.16   0.245    -.8104928    3.177459
         NZL  |    .018118   1.483923     0.01   0.990    -2.890946    2.927182
         POL  |  -1.235267   .9838406    -1.26   0.209    -3.163976    .6934421
         SVK  |  -1.643316   1.882316    -0.87   0.383    -5.333385    2.046752
         SVN  |   .7248102   2.137032     0.34   0.734      -3.4646    4.914221
         SWE  |   1.931431     .93646     2.06   0.039     .0956068    3.767256
         USA  |  -.9546503   .8288486    -1.15   0.249    -2.579515    .6702142
              |
        _cons |  -12.47233   7.651606    -1.63   0.103    -27.47244    2.527787
--------------+----------------------------------------------------------------
COUNTERPART~l |   absorbed                                     (204 categories)

.         test CIT_RATE + HavenCIT_RATE=0

 ( 1)  CIT_RATE + HavenCIT_RATE = 0

       F(  1,  5601) =    3.66
            Prob > F =    0.0557

.                         scalar p1 = r(p)

.         outreg2 using OLS, append ctitle("$+\eta_j$") ///
>                                                         tex(frag pretty) word label a
> lpha(0.01, 0.05, 0.1, 0.15) symbol(***, **, *, +) ///
>                                                          addstat("$\gamma_1+\gamma_3 
> =0$ (p-value)", p1)  ///
>                                                          dec(3) keep(`Gravity' `Indep
> endent1' `Control1')
OLS.tex
OLS.rtf
dir : seeout

. *Equivalent alternative: 
. *regress `y' `Gravity' `Independent1' `Control1' b2015.obsTime b6.COU_Tal  b59.COUNTE
> RPART_AREA_Tal  b1017.Pair_Tal //Reference group: Germany-France (most observations, 
> large flow)
. 
. 
. areg `y' `Gravity' `Independent1' `Control1' b2015.obsTime, absorb(Pair_Tal) vce(robu
> st) 
note: ln_distw omitted because of collinearity
note: Haven omitted because of collinearity
note: contig omitted because of collinearity
note: comlang_off omitted because of collinearity
note: colony omitted because of collinearity
note: comcol omitted because of collinearity

Linear regression, absorbing indicators           Number of obs   =       5850
                                                  F(  14,   3975) =       7.37
                                                  Prob > F        =     0.0000
                                                  R-squared       =     0.9490
                                                  Adj R-squared   =     0.9250
                                                  Root MSE        =     0.8568

-------------------------------------------------------------------------------
              |               Robust
ln_FDIInc_O~l |      Coef.   Std. Err.      t    P>|t|     [95% Conf. Interval]
--------------+----------------------------------------------------------------
       ln_GDP |   .5665671    .242879     2.33   0.020     .0903881    1.042746
     ln_GDP_j |   .1807535   .1550146     1.17   0.244     -.123162     .484669
     ln_distw |          0  (omitted)
        Haven |          0  (omitted)
     CIT_RATE |   .0232355   .0083659     2.78   0.006     .0068336    .0396374
HavenCIT_RATE |  -.0221981    .019263    -1.15   0.249    -.0599645    .0155682
       contig |          0  (omitted)
  comlang_off |          0  (omitted)
       colony |          0  (omitted)
       comcol |          0  (omitted)
              |
      obsTime |
        2005  |  -.1149812   .1308494    -0.88   0.380    -.3715193     .141557
        2006  |   .0846327   .1123457     0.75   0.451    -.1356279    .3048933
        2007  |   .2787049   .0949518     2.94   0.003     .0925461    .4648638
        2008  |    .216169   .0933317     2.32   0.021     .0331866    .3991514
        2009  |   .2539433   .0852399     2.98   0.003     .0868252    .4210614
        2010  |   .4200979   .0747398     5.62   0.000     .2735659    .5666299
        2011  |   .3200204   .0573635     5.58   0.000     .2075558     .432485
        2012  |   .2034703   .0572328     3.56   0.000     .0912619    .3156787
        2013  |   .0294424   .0439836     0.67   0.503    -.0567901    .1156749
        2014  |   .1274761     .04492     2.84   0.005     .0394078    .2155445
              |
        _cons |  -7.001186   3.731284    -1.88   0.061     -14.3166    .3142236
--------------+----------------------------------------------------------------
     Pair_Tal |   absorbed                                    (1861 categories)

.         test CIT_RATE + HavenCIT_RATE=0

 ( 1)  CIT_RATE + HavenCIT_RATE = 0

       F(  1,  3975) =    0.00
            Prob > F =    0.9555

.                 scalar p1 = r(p)

.         outreg2 using OLS, append ctitle("$+\theta_{ij}$ (FE)") ///
>                                                         tex(frag pretty) word label a
> lpha(0.01, 0.05, 0.1, 0.15) symbol(***, **, *, +) ///
>                                                          addstat("$\gamma_1+\gamma_3 
> =0$ (p-value)", p1)  ///
>                                                          dec(3) keep(`Gravity' `Indep
> endent1' `Control1')
OLS.tex
OLS.rtf
dir : seeout

. 
. *Equivalent alternative 
. *xtreg `y' `Gravity' `Independent1' `Control1' b2015.obsTime, fe robust 
. 
. /*
>                         Time dummies &&X&X&X&X \\
>                         Country \textit{i} dummies &&&X&X& \\
>                         Country \textit{j} dummies &&&&X& \\
>                         Country pair dummies &&&&&X \\  
> */
. 
. *************************************************************************************
> ********************
. *************************************************************************************
> ********************
. * REGRESSION TABLE ONE. BASIC REGRESSION (CLUSTERED STD ERRORS)
. *************************************************************************************
> ********************
. *************************************************************************************
> ********************
. 
. regress `y' `Gravity' `Independent1' `Control1', robust cluster(distw)

Linear regression                                      Number of obs =    5850
                                                       F( 10,  1845) =  251.32
                                                       Prob > F      =  0.0000
                                                       R-squared     =  0.5400
                                                       Root MSE      =   2.124

                                (Std. Err. adjusted for 1846 clusters in distw)
-------------------------------------------------------------------------------
              |               Robust
ln_FDIInc_O~l |      Coef.   Std. Err.      t    P>|t|     [95% Conf. Interval]
--------------+----------------------------------------------------------------
       ln_GDP |   .9758984   .0358144    27.25   0.000     .9056574     1.04614
     ln_GDP_j |   .8373337   .0243663    34.36   0.000     .7895453    .8851221
     ln_distw |  -.7922294   .0540716   -14.65   0.000    -.8982774   -.6861815
        Haven |   2.597662   .6185175     4.20   0.000     1.384594     3.81073
     CIT_RATE |   .0331154   .0078099     4.24   0.000     .0177983    .0484325
HavenCIT_RATE |  -.0300395   .0240123    -1.25   0.211    -.0771336    .0170546
       contig |   .2119134   .2015519     1.05   0.293    -.1833803    .6072071
  comlang_off |   .7885908   .1927638     4.09   0.000     .4105327    1.166649
       colony |   1.236284   .1989558     6.21   0.000     .8460817    1.626486
       comcol |   2.587183   .6255379     4.14   0.000     1.360346    3.814019
        _cons |  -14.66616   .6674103   -21.97   0.000    -15.97512    -13.3572
-------------------------------------------------------------------------------

.         test CIT_RATE + HavenCIT_RATE=0

 ( 1)  CIT_RATE + HavenCIT_RATE = 0

       F(  1,  1845) =    0.02
            Prob > F =    0.8931

.                 scalar p1 = r(p)

.         outreg2 using OLSCluster, replace ctitle("Eq. (\ref{gravity1})") ///
>                                                         tex(frag pretty) word label a
> lpha(0.01, 0.05, 0.1, 0.15) symbol(***, **, *, +) ///
>                                                          addstat("$\gamma_1+\gamma_3 
> =0$ (p-value)", p1)  ///
>                                                          dec(3) keep(`Gravity' `Indep
> endent1' `Control1')                                                                
OLSCluster.tex
OLSCluster.rtf
dir : seeout

.                                                  
.                                                          
. regress `y' `Gravity' `Independent1' `Control1' b2015.obsTime, robust cluster(distw)

Linear regression                                      Number of obs =    5850
                                                       F( 20,  1845) =  132.12
                                                       Prob > F      =  0.0000
                                                       R-squared     =  0.5417
                                                       Root MSE      =  2.1219

                                (Std. Err. adjusted for 1846 clusters in distw)
-------------------------------------------------------------------------------
              |               Robust
ln_FDIInc_O~l |      Coef.   Std. Err.      t    P>|t|     [95% Conf. Interval]
--------------+----------------------------------------------------------------
       ln_GDP |   .9548974   .0372881    25.61   0.000      .881766    1.028029
     ln_GDP_j |    .837207   .0244105    34.30   0.000     .7893318    .8850821
     ln_distw |  -.7815055    .053972   -14.48   0.000    -.8873581    -.675653
        Haven |   2.600598   .6185992     4.20   0.000      1.38737    3.813826
     CIT_RATE |   .0349367   .0081329     4.30   0.000      .018986    .0508874
HavenCIT_RATE |  -.0301388   .0239213    -1.26   0.208    -.0770544    .0167767
       contig |   .1828767   .2031067     0.90   0.368    -.2154665    .5812198
  comlang_off |   .8055406   .1915765     4.20   0.000     .4298112     1.18127
       colony |   1.248122   .2010322     6.21   0.000     .8538472    1.642396
       comcol |     2.5567   .6191091     4.13   0.000     1.342472    3.770928
              |
      obsTime |
        2005  |   .3321679   .1335464     2.49   0.013     .0702499    .5940859
        2006  |   .3832011   .1214243     3.16   0.002     .1450576    .6213446
        2007  |   .3578983   .1223884     2.92   0.003      .117864    .5979326
        2008  |   .2764767   .1228447     2.25   0.025     .0355475     .517406
        2009  |   .3857825   .1250498     3.09   0.002     .1405285    .6310365
        2010  |   .3854296   .1302054     2.96   0.003     .1300643     .640795
        2011  |   .0621814   .1077223     0.58   0.564     -.149089    .2734519
        2012  |  -.0020751   .0975105    -0.02   0.983    -.1933177    .1891675
        2013  |  -.0360357   .0557466    -0.65   0.518    -.1453688    .0732973
        2014  |   .0192037   .0512459     0.37   0.708    -.0813024    .1197097
              |
        _cons |  -14.55935   .6662297   -21.85   0.000      -15.866   -13.25271
-------------------------------------------------------------------------------

.         test CIT_RATE + HavenCIT_RATE=0

 ( 1)  CIT_RATE + HavenCIT_RATE = 0

       F(  1,  1845) =    0.04
            Prob > F =    0.8344

.                         scalar p1 = r(p)

.         outreg2 using OLSCluster, append ctitle("$+\delta_t$") ///
>                                                         tex(frag pretty) word label a
> lpha(0.01, 0.05, 0.1, 0.15) symbol(***, **, *, +) ///
>                                                          addstat("$\gamma_1+\gamma_3 
> =0$ (p-value)", p1)  ///
>                                                          dec(3) keep(`Gravity' `Indep
> endent1' `Control1')
OLSCluster.tex
OLSCluster.rtf
dir : seeout

. *Equivalent alternative:
. *areg `y' `Gravity' `Independent1' `Control1', absorb(obsTime) vce(cluster distw) noo
> mitted                                                     
. 
. *regress `y' `Gravity' `Independent1' `Control1' b2015.obsTime b6.COU_Tal, robust // 
> Reference group: Germany (most observations)                                         
>                               
. areg `y' `Gravity' `Independent1' `Control1' b2015.obsTime, absorb(COU_Tal) vce(clust
> er distw) 

Linear regression, absorbing indicators           Number of obs   =       5850
                                                  F(  20,   1845) =      97.92
                                                  Prob > F        =     0.0000
                                                  R-squared       =     0.6376
                                                  Adj R-squared   =     0.6347
                                                  Root MSE        =     1.8913

                                (Std. Err. adjusted for 1846 clusters in distw)
-------------------------------------------------------------------------------
              |               Robust
ln_FDIInc_O~l |      Coef.   Std. Err.      t    P>|t|     [95% Conf. Interval]
--------------+----------------------------------------------------------------
       ln_GDP |   1.434591   .4075924     3.52   0.000     .6351999    2.233981
     ln_GDP_j |   .8197255   .0239777    34.19   0.000     .7726991    .8667518
     ln_distw |  -.8401813   .0503278   -16.69   0.000    -.9388867   -.7414759
        Haven |   2.567681   .6090036     4.22   0.000     1.373272     3.76209
     CIT_RATE |   .0596435   .0131709     4.53   0.000      .033812     .085475
HavenCIT_RATE |   -.029198   .0236549    -1.23   0.217    -.0755912    .0171952
       contig |    .377188   .2011112     1.88   0.061    -.0172416    .7716175
  comlang_off |    .670639   .1905667     3.52   0.000     .2968899    1.044388
       colony |    .968142    .171121     5.66   0.000     .6325309    1.303753
       comcol |   3.156365   .7536905     4.19   0.000     1.678189    4.634541
              |
      obsTime |
        2005  |   .3450687   .1486829     2.32   0.020     .0534643     .636673
        2006  |   .3777742   .1267437     2.98   0.003      .129198    .6263505
        2007  |   .2935261   .1219125     2.41   0.016     .0544251    .5326271
        2008  |    .381559    .120519     3.17   0.002     .1451911     .617927
        2009  |    .543105   .1182131     4.59   0.000     .3112595    .7749505
        2010  |   .6025759   .1140816     5.28   0.000     .3788332    .8263186
        2011  |   .3092219   .0837198     3.69   0.000     .1450263    .4734175
        2012  |   .1674478   .0761881     2.20   0.028      .018024    .3168717
        2013  |  -.1012514   .0655615    -1.54   0.123     -.229834    .0273311
        2014  |   .0350412   .0666869     0.53   0.599    -.0957485    .1658308
              |
        _cons |  -21.17785   5.773604    -3.67   0.000    -32.50133   -9.854364
--------------+----------------------------------------------------------------
      COU_Tal |   absorbed                                      (27 categories)

.         test CIT_RATE + HavenCIT_RATE=0

 ( 1)  CIT_RATE + HavenCIT_RATE = 0

       F(  1,  1845) =    1.70
            Prob > F =    0.1927

.                         scalar p1 = r(p)

.         outreg2 using OLSCluster, append ctitle("$+\zeta_i$") ///
>                                                         tex(frag pretty) word label a
> lpha(0.01, 0.05, 0.1, 0.15) symbol(***, **, *, +) ///
>                                                          addstat("$\gamma_1+\gamma_3 
> =0$ (p-value)", p1)  ///
>                                                          dec(3) keep(`Gravity' `Indep
> endent1' `Control1')                        
OLSCluster.tex
OLSCluster.rtf
dir : seeout

. *Equivalent alternative:
. *regress `y' `Gravity' `Independent1' `Control1' b2015.obsTime b6.COU_Tal  b59.COUNTE
> RPART_AREA_Tal, robust //Reference group: Germany
. 
. areg `y' `Gravity' `Independent1' `Control1' b2015.obsTime  b6.COU_Tal, absorb(COUNTE
> RPART_AREA_Ta) vce(cluster distw)  // Reference group: Germany (most observations)   
>                                                                                      
>   
note: Haven omitted because of collinearity

Linear regression, absorbing indicators           Number of obs   =       5850
                                                  F(  45,   1845) =      73.60
                                                  Prob > F        =     0.0000
                                                  R-squared       =     0.7348
                                                  Adj R-squared   =     0.7231
                                                  Root MSE        =     1.6466

                                (Std. Err. adjusted for 1846 clusters in distw)
-------------------------------------------------------------------------------
              |               Robust
ln_FDIInc_O~l |      Coef.   Std. Err.      t    P>|t|     [95% Conf. Interval]
--------------+----------------------------------------------------------------
       ln_GDP |   1.409007   .3733358     3.77   0.000     .6768024    2.141213
     ln_GDP_j |   .3154953   .2116902     1.49   0.136    -.0996822    .7306729
     ln_distw |  -1.091422   .0848754   -12.86   0.000    -1.257884   -.9249605
        Haven |          0  (omitted)
     CIT_RATE |   .0431969   .0127535     3.39   0.001     .0181841    .0682097
HavenCIT_RATE |  -.0137146   .0191586    -0.72   0.474    -.0512895    .0238603
       contig |   .1762039   .1910245     0.92   0.356     -.198443    .5508509
  comlang_off |   .5872983   .1772583     3.31   0.001     .2396504    .9349462
       colony |   1.005906   .1773226     5.67   0.000     .6581323     1.35368
       comcol |   3.529387   .7520227     4.69   0.000     2.054482    5.004292
              |
      obsTime |
        2005  |    .056872   .1696679     0.34   0.738    -.2758893    .3896332
        2006  |   .1538836   .1416626     1.09   0.278    -.1239523    .4317194
        2007  |   .1558551   .1225675     1.27   0.204    -.0845304    .3962407
        2008  |   .2303314   .1165496     1.98   0.048     .0017484    .4589145
        2009  |   .3853792   .1136832     3.39   0.001      .162418    .6083404
        2010  |   .5055944   .1003998     5.04   0.000     .3086852    .7025037
        2011  |   .2764937   .0764284     3.62   0.000     .1265984    .4263891
        2012  |   .1396473   .0681286     2.05   0.041       .00603    .2732646
        2013  |  -.0959081   .0611429    -1.57   0.117    -.2158247    .0240084
        2014  |   .0410105   .0630262     0.65   0.515    -.0825997    .1646208
              |
      COU_Tal |
         AUS  |   .4537094   .4671148     0.97   0.332    -.4624197    1.369839
         AUT  |    1.07668   .8228027     1.31   0.191    -.5370425    2.690402
         BEL  |   .4301886   .7401758     0.58   0.561    -1.021482    1.881859
         CAN  |   1.138551   .4603986     2.47   0.013     .2355939    2.041508
         CZE  |  -.7300848   1.161606    -0.63   0.530    -3.008286    1.548116
         DNK  |   1.513003   .9031744     1.68   0.094    -.2583484    3.284354
         ESP  |   1.124515   .4721011     2.38   0.017     .1986068    2.050424
         EST  |   .9542848   1.903271     0.50   0.616    -2.778506    4.687076
         FRA  |   .0374104   .2669865     0.14   0.889    -.4862171    .5610379
         GBR  |   .6933433   .1812861     3.82   0.000     .3377958    1.048891
         GRC  |  -.1537062   1.052613    -0.15   0.884    -2.218145    1.910732
         HUN  |   1.382528   1.282339     1.08   0.281     -1.13246    3.897516
         IRL  |   1.483418   1.115972     1.33   0.184    -.7052832    3.672119
         ISL  |   2.259011    2.08564     1.08   0.279    -1.831451    6.349473
         ITA  |  -1.220007   .2807269    -4.35   0.000    -1.770582   -.6694308
         JPN  |   .6945294   .2876877     2.41   0.016     .1303017    1.258757
         KOR  |   .1824421   .4760181     0.38   0.702    -.7511486    1.116033
         LVA  |    1.25455   1.873633     0.67   0.503    -2.420114    4.929215
         NLD  |   3.162529   .5610194     5.64   0.000     2.062229    4.262829
         NOR  |   1.183483   .7890482     1.50   0.134    -.3640384    2.731004
         NZL  |    .018118   1.167952     0.02   0.988    -2.272528    2.308764
         POL  |  -1.235267   .7749654    -1.59   0.111    -2.755168    .2846344
         SVK  |  -1.643316   1.475693    -1.11   0.266    -4.537521    1.250888
         SVN  |   .7248102   1.676767     0.43   0.666    -2.563749     4.01337
         SWE  |   1.931431   .7220436     2.67   0.008     .5153229     3.34754
         USA  |  -.9546503   .6772049    -1.41   0.159    -2.282819    .3735183
              |
        _cons |  -12.47233   5.957459    -2.09   0.036     -24.1564   -.7882569
--------------+----------------------------------------------------------------
COUNTERPART~l |   absorbed                                     (204 categories)

.         test CIT_RATE + HavenCIT_RATE=0

 ( 1)  CIT_RATE + HavenCIT_RATE = 0

       F(  1,  1845) =    2.07
            Prob > F =    0.1500

.                         scalar p1 = r(p)

.         outreg2 using OLSCluster, append ctitle("$+\eta_j$") ///
>                                                         tex(frag pretty) word label a
> lpha(0.01, 0.05, 0.1, 0.15) symbol(***, **, *, +) ///
>                                                          addstat("$\gamma_1+\gamma_3 
> =0$ (p-value)", p1)  ///
>                                                          dec(3) keep(`Gravity' `Indep
> endent1' `Control1')
OLSCluster.tex
OLSCluster.rtf
dir : seeout

. *Equivalent alternative: 
. *regress `y' `Gravity' `Independent1' `Control1' b2015.obsTime b6.COU_Tal  b59.COUNTE
> RPART_AREA_Tal  b1017.Pair_Tal //Reference group: Germany-France (most observations, 
> large flow)
. 
. 
. areg `y' `Gravity' `Independent1' `Control1' b2015.obsTime, absorb(Pair_Tal) vce(clus
> ter distw)  
note: ln_distw omitted because of collinearity
note: Haven omitted because of collinearity
note: contig omitted because of collinearity
note: comlang_off omitted because of collinearity
note: colony omitted because of collinearity
note: comcol omitted because of collinearity

Linear regression, absorbing indicators           Number of obs   =       5850
                                                  F(  14,   1845) =       5.98
                                                  Prob > F        =     0.0000
                                                  R-squared       =     0.9490
                                                  Adj R-squared   =     0.9250
                                                  Root MSE        =     0.8568

                                (Std. Err. adjusted for 1846 clusters in distw)
-------------------------------------------------------------------------------
              |               Robust
ln_FDIInc_O~l |      Coef.   Std. Err.      t    P>|t|     [95% Conf. Interval]
--------------+----------------------------------------------------------------
       ln_GDP |   .5665671   .3104334     1.83   0.068    -.0422706    1.175405
     ln_GDP_j |   .1807535   .2571465     0.70   0.482    -.3235753    .6850823
     ln_distw |          0  (omitted)
        Haven |          0  (omitted)
     CIT_RATE |   .0232355   .0131572     1.77   0.078    -.0025691      .04904
HavenCIT_RATE |  -.0221981   .0280812    -0.79   0.429    -.0772724    .0328761
       contig |          0  (omitted)
  comlang_off |          0  (omitted)
       colony |          0  (omitted)
       comcol |          0  (omitted)
              |
      obsTime |
        2005  |  -.1149812    .180539    -0.64   0.524    -.4690634     .239101
        2006  |   .0846327   .1560696     0.54   0.588    -.2214589    .3907243
        2007  |   .2787049    .126955     2.20   0.028     .0297144    .5276955
        2008  |    .216169   .1170596     1.85   0.065    -.0134143    .4457523
        2009  |   .2539433   .1041055     2.44   0.015     .0497663    .4581203
        2010  |   .4200979   .0907448     4.63   0.000     .2421246    .5980712
        2011  |   .3200204   .0720489     4.44   0.000     .1787145    .4613264
        2012  |   .2034703   .0660746     3.08   0.002     .0738814    .3330591
        2013  |   .0294424   .0544474     0.54   0.589    -.0773426    .1362274
        2014  |   .1274761   .0550317     2.32   0.021     .0195453     .235407
              |
        _cons |  -7.001186   4.952358    -1.41   0.158      -16.714    2.711629
--------------+----------------------------------------------------------------
     Pair_Tal |   absorbed                                    (1861 categories)

.         test CIT_RATE + HavenCIT_RATE=0

 ( 1)  CIT_RATE + HavenCIT_RATE = 0

       F(  1,  1845) =    0.00
            Prob > F =    0.9704

.                 scalar p1 = r(p)

.         outreg2 using OLSCluster, append ctitle("$+\theta_{ij}$ (FE)") ///
>                                                         tex(frag pretty) word label a
> lpha(0.01, 0.05, 0.1, 0.15) symbol(***, **, *, +) ///
>                                                          addstat("$\gamma_1+\gamma_3 
> =0$ (p-value)", p1)  ///
>                                                          dec(3) keep(`Gravity' `Indep
> endent1' `Control1')
OLSCluster.tex
OLSCluster.rtf
dir : seeout

. 
. *Equivalent alternative 
. *xtreg `y' `Gravity' `Independent1' `Control1' b2015.obsTime, fe robust              
>                                             
.                                                          
. *************************************************************************************
> ********************
. *************************************************************************************
> ********************
. *************************************************************************************
> ********************
. *************************************************************************************
> ********************
. *************************************************************************************
> ********************
.                                                  
. *FIGURE TWO. Size of havens 
. ta COUNTERPART_AREA_Tal Small_Haven // Tjek om nogen skifter status

COUNTERPAR |      Small_Haven
    T_AREA |         0          1 |     Total
-----------+----------------------+----------
       ABW |         0        102 |       102 
       AFG |        99          0 |        99 
       AGO |        99          0 |        99 
       AIA |         0         99 |        99 
       ALB |       101          0 |       101 
       AND |         0        100 |       100 
       ANT |         0         51 |        51 
       ARE |       107          0 |       107 
       ARG |       105          0 |       105 
       ARM |       100          0 |       100 
       ASM |        95          0 |        95 
       ATA |        99          0 |        99 
       ATF |        99          0 |        99 
       ATG |         0        101 |       101 
       AUS |       101          0 |       101 
       AUT |       102          0 |       102 
       AZE |       101          0 |       101 
       BDI |        99          0 |        99 
       BEL |       105          0 |       105 
       BEN |        99          0 |        99 
       BES |         0         95 |        95 
       BFA |        99          0 |        99 
       BGD |        99          0 |        99 
       BGR |       103          0 |       103 
       BHR |       102          0 |       102 
       BHS |         0        105 |       105 
       BIH |       101          0 |       101 
       BLR |       101          0 |       101 
       BLZ |         0        100 |       100 
       BMU |         0        105 |       105 
       BOL |       100          0 |       100 
       BRA |       108          0 |       108 
       BRB |         0        103 |       103 
       BRN |        99          0 |        99 
       BTN |        99          0 |        99 
       BVT |        94          0 |        94 
       BWA |        99          0 |        99 
       CAF |       100          0 |       100 
       CAN |       108          0 |       108 
       CCK |        94          0 |        94 
       CHE |       108          0 |       108 
       CHL |       106          0 |       106 
       CHN |       108          0 |       108 
       CIV |        99          0 |        99 
       CMR |        99          0 |        99 
       COD |        99          0 |        99 
       COG |        99          0 |        99 
       COK |         0         98 |        98 
       COL |       102          0 |       102 
       COM |        99          0 |        99 
       CPV |        99          0 |        99 
       CRI |       102          0 |       102 
       CUB |       101          0 |       101 
       CUW |         0        100 |       100 
       CXR |        99          0 |        99 
       CYM |         0        107 |       107 
       CYP |       103          0 |       103 
       CZE |       100          0 |       100 
       DEU |        97          0 |        97 
       DJI |        99          0 |        99 
       DMA |         0         99 |        99 
       DNK |       101          0 |       101 
       DOM |       102          0 |       102 
       DZA |       101          0 |       101 
       ECU |       101          0 |       101 
       EGY |       103          0 |       103 
       ERI |        99          0 |        99 
       ESP |       105          0 |       105 
       EST |        97          0 |        97 
       ETH |       100          0 |       100 
       FIN |       106          0 |       106 
       FJI |       103          0 |       103 
       FRA |        97          0 |        97 
       FRO |        94          0 |        94 
       FSM |        99          0 |        99 
       GAB |        99          0 |        99 
       GBR |       110          0 |       110 
       GEO |       101          0 |       101 
       GGY |         0        100 |       100 
       GHA |       102          0 |       102 
       GIB |         0        101 |       101 
       GIN |        99          0 |        99 
       GMB |        99          0 |        99 
       GNB |        99          0 |        99 
       GNQ |        99          0 |        99 
       GRC |       100          0 |       100 
       GRD |         0        101 |       101 
       GRL |        99          0 |        99 
       GTM |       101          0 |       101 
       GUM |        94          0 |        94 
       GUY |        99          0 |        99 
       HKG |       108          0 |       108 
       HMD |        94          0 |        94 
       HND |       102          0 |       102 
       HRV |       103          0 |       103 
       HTI |        99          0 |        99 
       HUN |        99          0 |        99 
       IDN |       105          0 |       105 
       IMN |         0         98 |        98 
       IND |       108          0 |       108 
       IOT |        97          0 |        97 
       IRL |       102          0 |       102 
       IRN |       101          0 |       101 
       IRQ |        99          0 |        99 
       ISL |        99          0 |        99 
       ISR |       102          0 |       102 
       ITA |       105          0 |       105 
       JAM |       100          0 |       100 
       JEY |         0         97 |        97 
       JOR |       102          0 |       102 
       JPN |       111          0 |       111 
       KAZ |       102          0 |       102 
       KEN |        99          0 |        99 
       KGZ |       100          0 |       100 
       KHM |       100          0 |       100 
       KIR |       100          0 |       100 
       KNA |         0         99 |        99 
       KOR |       105          0 |       105 
       KWT |       101          0 |       101 
       LAO |        99          0 |        99 
       LBN |       100          0 |       100 
       LBR |       103          0 |       103 
       LBY |       101          0 |       101 
       LCA |         0        101 |       101 
       LIE |         0        103 |       103 
       LKA |       102          0 |       102 
       LSO |        99          0 |        99 
       LTU |       102          0 |       102 
       LUX |       108          0 |       108 
       LVA |        99          0 |        99 
       MAC |        99          0 |        99 
       MAR |       102          0 |       102 
       MDA |       101          0 |       101 
       MDG |        99          0 |        99 
       MDV |         0        101 |       101 
       MEX |       108          0 |       108 
       MHL |         0         99 |        99 
       MKD |       101          0 |       101 
       MLI |        99          0 |        99 
       MLT |       103          0 |       103 
       MMR |       100          0 |       100 
       MNE |       101          0 |       101 
       MNG |       102          0 |       102 
       MNP |        94          0 |        94 
       MOZ |       102          0 |       102 
       MRT |        99          0 |        99 
       MSR |         0         94 |        94 
       MUS |       104          0 |       104 
       MWI |       100          0 |       100 
       MYS |       106          0 |       106 
       NAM |       101          0 |       101 
       NCL |        95          0 |        95 
       NER |        99          0 |        99 
       NFK |        94          0 |        94 
       NGA |       102          0 |       102 
       NIC |       102          0 |       102 
       NIU |         0         94 |        94 
       NLD |       105          0 |       105 
       NOR |       103          0 |       103 
       NPL |        99          0 |        99 
       NRU |         0         99 |        99 
       NZL |       105          0 |       105 
       OMN |       102          0 |       102 
       PAK |       101          0 |       101 
       PAN |       105          0 |       105 
       PCN |        99          0 |        99 
       PER |       104          0 |       104 
       PHL |       107          0 |       107 
       PLW |        99          0 |        99 
       PNG |       103          0 |       103 
       POL |       100          0 |       100 
       PRK |        99          0 |        99 
       PRT |       103          0 |       103 
       PRY |       102          0 |       102 
       PSE |        94          0 |        94 
       PYF |       100          0 |       100 
       QAT |       101          0 |       101 
       ROM |       103          0 |       103 
       RUS |       107          0 |       107 
       RWA |        99          0 |        99 
       SAU |       107          0 |       107 
       SCG |        45          0 |        45 
       SDN |        99          0 |        99 
       SEN |        99          0 |        99 
       SGP |       108          0 |       108 
       SGS |        94          0 |        94 
       SHN |        99          0 |        99 
       SLB |       103          0 |       103 
       SLE |       101          0 |       101 
       SLV |       100          0 |       100 
       SMR |       101          0 |       101 
       SOM |        99          0 |        99 
       SRB |       102          0 |       102 
       SSD |        99          0 |        99 
       STP |        99          0 |        99 
       SUR |       101          0 |       101 
       SVK |       102          0 |       102 
       SVN |        96          0 |        96 
       SWE |       105          0 |       105 
       SWZ |        99          0 |        99 
       SXM |         0         95 |        95 
       SYC |         0        101 |       101 
       SYR |       101          0 |       101 
       TCA |         0         96 |        96 
       TCD |        99          0 |        99 
       TGO |        99          0 |        99 
       THA |       108          0 |       108 
       TJK |        99          0 |        99 
       TKL |        94          0 |        94 
       TKM |        99          0 |        99 
       TLS |       100          0 |       100 
       TON |       100          0 |       100 
       TTO |       102          0 |       102 
       TUN |       101          0 |       101 
       TUR |       106          0 |       106 
       TUV |        99          0 |        99 
       TWN |       108          0 |       108 
       TZA |        99          0 |        99 
       UGA |        99          0 |        99 
       UKR |       102          0 |       102 
       UMI |        94          0 |        94 
       URY |       104          0 |       104 
       USA |       108          0 |       108 
       UZB |        99          0 |        99 
       VAT |        99          0 |        99 
       VCT |         0        100 |       100 
       VEN |       104          0 |       104 
       VGB |         0        100 |       100 
       VIR |        94          0 |        94 
       VNM |       104          0 |       104 
       VUT |         0        101 |       101 
       WLF |        94          0 |        94 
       WSM |         0        103 |       103 
       YEM |        99          0 |        99 
       ZAF |       105          0 |       105 
       ZMB |       100          0 |       100 
       ZWE |        99          0 |        99 
-----------+----------------------+----------
     Total |    20,430      3,348 |    23,778 


. 
. regress `y' `Gravity' `Independent2' `Control1', robust

Linear regression                                      Number of obs =    5850
                                                       F( 12,  5837) =  652.87
                                                       Prob > F      =  0.0000
                                                       R-squared     =  0.5418
                                                       Root MSE      =  2.1204

-------------------------------------------------------------------------------------
                    |               Robust
ln_FDIInc_Out_Total |      Coef.   Std. Err.      t    P>|t|     [95% Conf. Interval]
--------------------+----------------------------------------------------------------
             ln_GDP |   .9749961   .0199664    48.83   0.000     .9358545    1.014138
           ln_GDP_j |   .8563095    .014815    57.80   0.000     .8272665    .8853524
           ln_distw |  -.7959937   .0310084   -25.67   0.000    -.8567816   -.7352058
        Small_Haven |   3.753566   .5532327     6.78   0.000     2.669024    4.838107
        Large_Haven |   1.905314   .3874585     4.92   0.000     1.145752    2.664877
           CIT_RATE |    .032922    .004025     8.18   0.000     .0250315    .0408125
Small_HavenCIT_RATE |  -.0620487    .022863    -2.71   0.007    -.1068686   -.0172287
Large_HavenCIT_RATE |  -.0092622   .0141597    -0.65   0.513    -.0370205     .018496
             contig |   .2068847   .1101391     1.88   0.060    -.0090288    .4227982
        comlang_off |   .7941854    .098882     8.03   0.000       .60034    .9880308
             colony |   1.225623    .112738    10.87   0.000     1.004615    1.446632
             comcol |   2.602747   .3214407     8.10   0.000     1.972604     3.23289
              _cons |  -14.84762   .3727081   -39.84   0.000    -15.57827   -14.11698
-------------------------------------------------------------------------------------

.         test CIT_RATE + Small_HavenCIT_RATE=0

 ( 1)  CIT_RATE + Small_HavenCIT_RATE = 0

       F(  1,  5837) =    1.67
            Prob > F =    0.1966

.                 scalar p1 = r(p)

.         test CIT_RATE + Large_HavenCIT_RATE=0

 ( 1)  CIT_RATE + Large_HavenCIT_RATE = 0

       F(  1,  5837) =    3.01
            Prob > F =    0.0827

.                 scalar p2 = r(p)

.         outreg2 using OLS_Size, replace ctitle("Basic") ///
>                                                         tex(frag pretty) word label a
> lpha(0.01, 0.05, 0.1, 0.15) symbol(***, **, *, +) ///
>                                                          addstat("No small haven effe
> ct (p)", p1,"No large haven effect (p)", p2)  ///
>                                                          dec(3) keep(`Independent2') 
> nocons nor2 noobs ///
>                                                          addnote("Intercept, GDP, dis
> tance and common variables featured in all models")
OLS_Size.tex
OLS_Size.rtf
dir : seeout

. 
. regress `y' `Gravity' `Independent2' `Control1' b2015.obsTime, robust

Linear regression                                      Number of obs =    5850
                                                       F( 22,  5827) =  359.21
                                                       Prob > F      =  0.0000
                                                       R-squared     =  0.5435
                                                       Root MSE      =  2.1182

-------------------------------------------------------------------------------------
                    |               Robust
ln_FDIInc_Out_Total |      Coef.   Std. Err.      t    P>|t|     [95% Conf. Interval]
--------------------+----------------------------------------------------------------
             ln_GDP |    .953867   .0212452    44.90   0.000     .9122185    .9955154
           ln_GDP_j |   .8570071   .0148564    57.69   0.000      .827883    .8861312
           ln_distw |  -.7850965   .0311442   -25.21   0.000    -.8461508   -.7240423
        Small_Haven |   3.723715   .5520129     6.75   0.000     2.641565    4.805865
        Large_Haven |   1.924697    .388874     4.95   0.000      1.16236    2.687035
           CIT_RATE |   .0346698   .0042286     8.20   0.000     .0263802    .0429595
Small_HavenCIT_RATE |  -.0602163   .0228157    -2.64   0.008    -.1049435    -.015489
Large_HavenCIT_RATE |  -.0102437   .0142023    -0.72   0.471    -.0380854     .017598
             contig |   .1783866   .1110644     1.61   0.108    -.0393408    .3961141
        comlang_off |   .8098263   .0986305     8.21   0.000     .6164738    1.003179
             colony |   1.237768   .1129582    10.96   0.000     1.016328    1.459208
             comcol |    2.57329   .3190614     8.07   0.000     1.947811    3.198768
                    |
            obsTime |
              2005  |   .3375301   .1324175     2.55   0.011     .0779426    .5971175
              2006  |   .3947415   .1204496     3.28   0.001     .1586157    .6308673
              2007  |   .3663945   .1229794     2.98   0.003     .1253092    .6074798
              2008  |   .2721593   .1344235     2.02   0.043     .0086395    .5356792
              2009  |   .3883396   .1316652     2.95   0.003     .1302269    .6464524
              2010  |   .3806754   .1370566     2.78   0.005     .1119935    .6493572
              2011  |   .0669511    .118724     0.56   0.573    -.1657921    .2996942
              2012  |  -.0037377   .1126207    -0.03   0.974     -.224516    .2170407
              2013  |  -.0374919   .0855196    -0.44   0.661    -.2051421    .1301583
              2014  |   .0168419   .0864884     0.19   0.846    -.1527075    .1863912
                    |
              _cons |  -14.74834   .3777262   -39.05   0.000    -15.48882   -14.00786
-------------------------------------------------------------------------------------

.         test CIT_RATE + Small_HavenCIT_RATE=0

 ( 1)  CIT_RATE + Small_HavenCIT_RATE = 0

       F(  1,  5827) =    1.28
            Prob > F =    0.2581

.                         scalar p1 = r(p)

.         test CIT_RATE + Large_HavenCIT_RATE=0

 ( 1)  CIT_RATE + Large_HavenCIT_RATE = 0

       F(  1,  5827) =    3.19
            Prob > F =    0.0742

.                 scalar p2 = r(p)                        

.         outreg2 using OLS_Size, append ctitle("Yearly") ///
>                                                         tex(frag pretty) word label a
> lpha(0.01, 0.05, 0.1, 0.15) symbol(***, **, *, +) ///
>                                                          addstat("No small haven effe
> ct (p)", p1,"No large haven effect (p)", p2)  ///
>                                                          dec(3) keep(`Independent2') 
> nocons nor2 noobs ///
>                                                          addnote("Intercept, GDP, dis
> tance and common variables featured in all models")
warning: addnote ignored in appended columns
OLS_Size.tex
OLS_Size.rtf
dir : seeout

.                                                          
. areg `y' `Gravity' `Independent2' `Control1' b2015.obsTime, absorb(COU_Tal) vce(robus
> t)

Linear regression, absorbing indicators           Number of obs   =       5850
                                                  F(  22,   5801) =     268.14
                                                  Prob > F        =     0.0000
                                                  R-squared       =     0.6394
                                                  Adj R-squared   =     0.6364
                                                  Root MSE        =     1.8868

-------------------------------------------------------------------------------------
                    |               Robust
ln_FDIInc_Out_Total |      Coef.   Std. Err.      t    P>|t|     [95% Conf. Interval]
--------------------+----------------------------------------------------------------
             ln_GDP |   1.415091     .55903     2.53   0.011     .3191841    2.510999
           ln_GDP_j |   .8439696   .0143192    58.94   0.000     .8158987    .8720405
           ln_distw |  -.8436788   .0281647   -29.96   0.000    -.8988921   -.7884656
        Small_Haven |   3.360561   .5379598     6.25   0.000     2.305959    4.415163
        Large_Haven |   2.066073    .382223     5.41   0.000     1.316774    2.815373
           CIT_RATE |   .0592994   .0137393     4.32   0.000     .0323652    .0862336
Small_HavenCIT_RATE |  -.0430429   .0219801    -1.96   0.050     -.086132    .0000463
Large_HavenCIT_RATE |  -.0171604   .0141275    -1.21   0.225    -.0448557    .0105348
             contig |   .3802378   .1095038     3.47   0.001     .1655695    .5949061
        comlang_off |   .6648919   .0981197     6.78   0.000     .4725406    .8572431
             colony |   .9613125   .0992296     9.69   0.000     .7667854     1.15584
             comcol |   3.143134   .3876032     8.11   0.000     2.383287    3.902981
                    |
            obsTime |
              2005  |   .3530027   .1884017     1.87   0.061    -.0163349    .7223404
              2006  |   .3937168   .1664703     2.37   0.018     .0673729    .7200606
              2007  |    .307745   .1632351     1.89   0.059    -.0122568    .6277468
              2008  |   .3860694   .1517993     2.54   0.011     .0884861    .6836527
              2009  |   .5533883   .1416887     3.91   0.000     .2756256    .8311511
              2010  |   .6010396   .1416858     4.24   0.000     .3232826    .8787966
              2011  |   .3100373   .1258241     2.46   0.014     .0633752    .5566994
              2012  |   .1626942   .1169779     1.39   0.164    -.0666262    .3920146
              2013  |  -.1024701   .0946215    -1.08   0.279    -.2879636    .0830234
              2014  |   .0337014   .1029684     0.33   0.743    -.1681551    .2355579
                    |
              _cons |  -21.16246   7.835513    -2.70   0.007    -36.52299   -5.801932
--------------------+----------------------------------------------------------------
            COU_Tal |   absorbed                                      (27 categories)

.         test CIT_RATE + Small_HavenCIT_RATE=0

 ( 1)  CIT_RATE + Small_HavenCIT_RATE = 0

       F(  1,  5801) =    0.42
            Prob > F =    0.5185

.                         scalar p1 = r(p)

.         test CIT_RATE + Large_HavenCIT_RATE=0

 ( 1)  CIT_RATE + Large_HavenCIT_RATE = 0

       F(  1,  5801) =    4.98
            Prob > F =    0.0257

.                 scalar p2 = r(p)                        

.         outreg2 using OLS_Size, append ctitle("Investor") ///
>                                                         tex(frag pretty) word label a
> lpha(0.01, 0.05, 0.1, 0.15) symbol(***, **, *, +) ///
>                                                          addstat("No small haven effe
> ct (p)", p1,"No large haven effect (p)", p2)  ///
>                                                          dec(3) keep(`Independent2') 
> nocons nor2 noobs ///
>                                                          addnote("Intercept, GDP, dis
> tance and common variables featured in all models")                                 
warning: addnote ignored in appended columns
OLS_Size.tex
OLS_Size.rtf
dir : seeout

.                                                  
. areg `y' `Gravity' `Independent2' `Control1' b2015.obsTime  b6.COU_Tal, absorb(COUNTE
> RPART_AREA_Ta) vce(robust) // Reference group: Germany (most observations)           
>                                                                                
note: Small_Haven omitted because of collinearity
note: Large_Haven omitted because of collinearity

Linear regression, absorbing indicators           Number of obs   =       5850
                                                  F(  46,   5600) =     169.22
                                                  Prob > F        =     0.0000
                                                  R-squared       =     0.7349
                                                  Adj R-squared   =     0.7231
                                                  Root MSE        =     1.6466

-------------------------------------------------------------------------------------
                    |               Robust
ln_FDIInc_Out_Total |      Coef.   Std. Err.      t    P>|t|     [95% Conf. Interval]
--------------------+----------------------------------------------------------------
             ln_GDP |   1.407695   .4931329     2.85   0.004     .4409635    2.374427
           ln_GDP_j |   .3181445   .1654248     1.92   0.055    -.0061522    .6424413
           ln_distw |  -1.096137   .0510181   -21.49   0.000    -1.196152   -.9961217
        Small_Haven |          0  (omitted)
        Large_Haven |          0  (omitted)
           CIT_RATE |   .0434226   .0123551     3.51   0.000     .0192019    .0676434
Small_HavenCIT_RATE |  -.0257631    .017945    -1.44   0.151    -.0609422    .0094159
Large_HavenCIT_RATE |  -.0085169   .0127489    -0.67   0.504    -.0335096    .0164758
             contig |   .1685823   .1115549     1.51   0.131    -.0501086    .3872731
        comlang_off |   .5940702   .0986192     6.02   0.000     .4007384    .7874021
             colony |   1.004422   .1053237     9.54   0.000      .797947    1.210897
             comcol |   3.521218   .4067053     8.66   0.000     2.723918    4.318518
                    |
            obsTime |
              2005  |   .0619771   .1824663     0.34   0.734    -.2957277    .4196818
              2006  |   .1580354   .1553196     1.02   0.309    -.1464512     .462522
              2007  |   .1601703   .1417635     1.13   0.259    -.1177411    .4380817
              2008  |   .2331507   .1277122     1.83   0.068    -.0172148    .4835161
              2009  |   .3879421   .1263905     3.07   0.002     .1401677    .6357166
              2010  |   .5076655   .1186905     4.28   0.000      .274986    .7403449
              2011  |   .2767352   .1075762     2.57   0.010     .0658441    .4876262
              2012  |    .139905   .0994575     1.41   0.160    -.0550703    .3348803
              2013  |  -.0959998   .0840376    -1.14   0.253     -.260746    .0687464
              2014  |   .0409528   .0912995     0.45   0.654    -.1380297    .2199353
                    |
            COU_Tal |
               AUS  |   .4457891   .5134926     0.87   0.385    -.5608554    1.452434
               AUT  |   1.074266   1.069247     1.00   0.315    -1.021874    3.170405
               BEL  |    .421113   .9709254     0.43   0.665    -1.482277    2.324503
               CAN  |   1.138793   .4193032     2.72   0.007     .3167962     1.96079
               CZE  |   -.731274   1.461332    -0.50   0.617     -3.59605    2.133502
               DNK  |   1.511785    1.18206     1.28   0.201    -.8055109    3.829081
               ESP  |   1.114947   .5441087     2.05   0.040     .0482832    2.181611
               EST  |    .953964   2.484771     0.38   0.701     -3.91715    5.825078
               FRA  |   .0226903   .2371634     0.10   0.924    -.4422419    .4876225
               GBR  |   .6947907   .1599194     4.34   0.000     .3812866    1.008295
               GRC  |  -.1529072   1.377438    -0.11   0.912    -2.853219    2.547405
               HUN  |   1.382043    1.64709     0.84   0.401    -1.846892    4.610979
               IRL  |   1.482144   1.364199     1.09   0.277    -1.192216    4.156503
               ISL  |   2.257922   2.683278     0.84   0.400    -3.002343    7.518187
               ITA  |   -1.21654   .3211339    -3.79   0.000    -1.846087    -.586993
               JPN  |   .6979331   .2479293     2.82   0.005     .2118955    1.183971
               KOR  |   .1860187   .5310236     0.35   0.726    -.8549934    1.227031
               LVA  |    1.26527   2.405617     0.53   0.599    -3.450671    5.981212
               NLD  |   3.163235    .728917     4.34   0.000     1.734275    4.592195
               NOR  |   1.184744   1.017062     1.16   0.244    -.8090927    3.178581
               NZL  |   .0204928   1.483798     0.01   0.989    -2.888326    2.929311
               POL  |  -1.235797   .9836434    -1.26   0.209     -3.16412    .6925252
               SVK  |   -1.64595    1.88205    -0.87   0.382    -5.335498    2.043599
               SVN  |   .7211119   2.136744     0.34   0.736    -3.467734    4.909958
               SWE  |   1.932497   .9362929     2.06   0.039     .0970003    3.767995
               USA  |  -.9480755   .8288157    -1.14   0.253    -2.572876    .6767245
                    |
              _cons |  -12.44617   7.648954    -1.63   0.104    -27.44108    2.548748
--------------------+----------------------------------------------------------------
COUNTERPART_AREA_~l |   absorbed                                     (204 categories)

.         test CIT_RATE + Small_HavenCIT_RATE=0

 ( 1)  CIT_RATE + Small_HavenCIT_RATE = 0

       F(  1,  5600) =    0.71
            Prob > F =    0.3997

.                         scalar p1 = r(p)

.         test CIT_RATE + Large_HavenCIT_RATE=0

 ( 1)  CIT_RATE + Large_HavenCIT_RATE = 0

       F(  1,  5600) =    4.16
            Prob > F =    0.0415

.                 scalar p2 = r(p)                        

.         outreg2 using OLS_Size, append ctitle("Partner") ///
>                                                         tex(frag pretty) word label a
> lpha(0.01, 0.05, 0.1, 0.15) symbol(***, **, *, +) ///
>                                                          addstat("No small haven effe
> ct (p)", p1,"No large haven effect (p)", p2)  ///
>                                                          dec(3) keep(`Independent2') 
> nocons nor2 noobs ///
>                                                          addnote("Intercept, GDP, dis
> tance and common variables featured in all models")
warning: addnote ignored in appended columns
OLS_Size.tex
OLS_Size.rtf
dir : seeout

. 
. areg `y' `Gravity' `Independent2' `Control1' b2015.obsTime, absorb(Pair_Tal) vce(robu
> st) 
note: ln_distw omitted because of collinearity
note: Small_Haven omitted because of collinearity
note: Large_Haven omitted because of collinearity
note: contig omitted because of collinearity
note: comlang_off omitted because of collinearity
note: colony omitted because of collinearity
note: comcol omitted because of collinearity

Linear regression, absorbing indicators           Number of obs   =       5850
                                                  F(  15,   3974) =       7.12
                                                  Prob > F        =     0.0000
                                                  R-squared       =     0.9491
                                                  Adj R-squared   =     0.9251
                                                  Root MSE        =     0.8565

-------------------------------------------------------------------------------------
                    |               Robust
ln_FDIInc_Out_Total |      Coef.   Std. Err.      t    P>|t|     [95% Conf. Interval]
--------------------+----------------------------------------------------------------
             ln_GDP |   .5689267   .2427765     2.34   0.019     .0929485    1.044905
           ln_GDP_j |   .2091141   .1533484     1.36   0.173    -.0915347     .509763
           ln_distw |          0  (omitted)
        Small_Haven |          0  (omitted)
        Large_Haven |          0  (omitted)
           CIT_RATE |   .0229044   .0083257     2.75   0.006     .0065814    .0392274
Small_HavenCIT_RATE |  -.0540895   .0365405    -1.48   0.139    -.1257295    .0175505
Large_HavenCIT_RATE |  -.0015992   .0193772    -0.08   0.934    -.0395894     .036391
             contig |          0  (omitted)
        comlang_off |          0  (omitted)
             colony |          0  (omitted)
             comcol |          0  (omitted)
                    |
            obsTime |
              2005  |  -.0894042   .1289876    -0.69   0.488    -.3422922    .1634838
              2006  |    .103159   .1109717     0.93   0.353    -.1144078    .3207258
              2007  |   .2916054   .0939199     3.10   0.002     .1074697    .4757412
              2008  |   .2217461   .0932422     2.38   0.017     .0389391    .4045531
              2009  |   .2629267   .0847504     3.10   0.002     .0967684    .4290849
              2010  |   .4252977   .0742967     5.72   0.000     .2796344     .570961
              2011  |   .3208083   .0573572     5.59   0.000      .208356    .4332606
              2012  |   .2030315   .0572155     3.55   0.000      .090857     .315206
              2013  |   .0269397   .0439268     0.61   0.540    -.0591814    .1130609
              2014  |   .1242376   .0448529     2.77   0.006     .0363007    .2121745
                    |
              _cons |  -7.361631   3.715763    -1.98   0.048    -14.64661   -.0766501
--------------------+----------------------------------------------------------------
           Pair_Tal |   absorbed                                    (1861 categories)

.         test CIT_RATE + Small_HavenCIT_RATE=0

 ( 1)  CIT_RATE + Small_HavenCIT_RATE = 0

       F(  1,  3974) =    0.74
            Prob > F =    0.3907

.                 scalar p1 = r(p)

.         test CIT_RATE + Large_HavenCIT_RATE=0

 ( 1)  CIT_RATE + Large_HavenCIT_RATE = 0

       F(  1,  3974) =    1.30
            Prob > F =    0.2541

.                 scalar p2 = r(p)                

.         outreg2 using OLS_Size, append ctitle("Pairs") ///
>                                                         tex(frag pretty) word label a
> lpha(0.01, 0.05, 0.1, 0.15) symbol(***, **, *, +) ///
>                                                          addstat("No small haven effe
> ct (p)", p1,"No large haven effect (p)", p2)  ///
>                                                          dec(3) keep(`Independent2') 
> nocons nor2 noobs ///
>                                                          addnote("Intercept, GDP, dis
> tance and common variables featured in all models")
warning: addnote ignored in appended columns
OLS_Size.tex
OLS_Size.rtf
dir : seeout

. 
.                                                          
. *************************************************************************************
> ********************
. *************************************************************************************
> ********************
. *************************************************************************************
> ********************
. *************************************************************************************
> ********************
. *************************************************************************************
> ********************
. 
. cap erase OLS_Types.rtf

. cap erase OLS_Types.tex

. cap erase OLS_Types.txt

. 
. /*
>         & \multicolumn{2}{c}{Equity} & \multicolumn{2}{c}{Dividends} & \multicolumn{2
> }{c}{Reinvested earnings} &\multicolumn{2}{c}{Debt income}  \\
>         \cline{2-9}
> */
.                                                  
. *FIGURE THREE. TYPES OF FDI
. foreach var in `yy' {
  2. areg `var' `Gravity' `Independent1' `Control1' b2015.obsTime, absorb(COU_Tal) vce(
> robust)
  3.         test CIT_RATE + HavenCIT_RATE=0
  4.                         scalar p1 = r(p)
  5.         outreg2 using OLS_Types, append ctitle("Investor") ///
>                                                         tex(frag pretty) word label a
> lpha(0.01, 0.05, 0.1, 0.15) symbol(***, **, *, +) ///
>                                                          addstat("No haven effect (p)
> ", p1)  ///
>                                                          dec(3) keep(`Gravity' `Indep
> endent1')
  6.                                                          
. areg `var' `Gravity' `Independent1' `Control1' b2015.obsTime, absorb(Pair_Tal) vce(ro
> bust) 
  7.         test CIT_RATE + HavenCIT_RATE=0
  8.                 scalar p1 = r(p)
  9.         outreg2 using OLS_Types, append ctitle("Pairs") ///
>                                                         tex(frag pretty) word label a
> lpha(0.01, 0.05, 0.1, 0.15) symbol(***, **, *, +) ///
>                                                          addstat("No haven effect (p)
> ", p1)  ///
>                                                          dec(3) keep(`Gravity' `Indep
> endent1')
 10. 
. }

Linear regression, absorbing indicators           Number of obs   =       4226
                                                  F(  20,   4182) =     177.94
                                                  Prob > F        =     0.0000
                                                  R-squared       =     0.6313
                                                  Adj R-squared   =     0.6275
                                                  Root MSE        =     1.8554

-------------------------------------------------------------------------------
              |               Robust
ln_FDIInc_O~y |      Coef.   Std. Err.      t    P>|t|     [95% Conf. Interval]
--------------+----------------------------------------------------------------
       ln_GDP |   .7982963   .8231815     0.97   0.332    -.8155769    2.412169
     ln_GDP_j |   .7387076   .0168742    43.78   0.000     .7056251    .7717901
     ln_distw |  -.8141017   .0317076   -25.68   0.000    -.8762655   -.7519378
        Haven |    2.54975   .3384328     7.53   0.000     1.886242    3.213258
     CIT_RATE |   .0471745   .0131905     3.58   0.000     .0213141    .0730348
HavenCIT_RATE |  -.0360849   .0131735    -2.74   0.006     -.061912   -.0102578
       contig |   .5557811   .1176259     4.72   0.000     .3251718    .7863903
  comlang_off |   .5608098    .126114     4.45   0.000     .3135592    .8080603
       colony |   .8127775   .1314725     6.18   0.000     .5550214    1.070534
       comcol |   2.954526   .4091908     7.22   0.000     2.152294    3.756757
              |
      obsTime |
        2005  |   .3180925   .1968124     1.62   0.106    -.0677644    .7039494
        2006  |   .3370485   .1693461     1.99   0.047     .0050402    .6690569
        2007  |   .2835408   .1686211     1.68   0.093    -.0470463    .6141278
        2008  |   .3436211   .1830347     1.88   0.061    -.0152241    .7024663
        2009  |   .4014827   .1467014     2.74   0.006       .11387    .6890954
        2010  |   .4748177    .147544     3.22   0.001      .185553    .7640824
        2011  |   .2630187   .1779618     1.48   0.139     -.085881    .6119184
        2012  |   .0887356   .1516207     0.59   0.558    -.2085215    .3859927
        2013  |  -.1097511   .1413983    -0.78   0.438    -.3869669    .1674647
        2014  |   .0493222   .1530927     0.32   0.747    -.2508208    .3494653
              |
        _cons |  -11.32051   11.24245    -1.01   0.314    -33.36169    10.72067
--------------+----------------------------------------------------------------
      COU_Tal |   absorbed                                      (24 categories)

 ( 1)  CIT_RATE + HavenCIT_RATE = 0

       F(  1,  4182) =    0.39
            Prob > F =    0.5338
OLS_Types.tex
OLS_Types.rtf
dir : seeout
note: ln_distw omitted because of collinearity
note: Haven omitted because of collinearity
note: contig omitted because of collinearity
note: comlang_off omitted because of collinearity
note: colony omitted because of collinearity
note: comcol omitted because of collinearity

Linear regression, absorbing indicators           Number of obs   =       4226
                                                  F(  14,   2885) =       5.56
                                                  Prob > F        =     0.0000
                                                  R-squared       =     0.9452
                                                  Adj R-squared   =     0.9198
                                                  Root MSE        =     0.8611

-------------------------------------------------------------------------------
              |               Robust
ln_FDIInc_O~y |      Coef.   Std. Err.      t    P>|t|     [95% Conf. Interval]
--------------+----------------------------------------------------------------
       ln_GDP |   .6351725   .4223035     1.50   0.133    -.1928746     1.46322
     ln_GDP_j |   .2287849   .1652215     1.38   0.166    -.0951793    .5527491
     ln_distw |          0  (omitted)
        Haven |          0  (omitted)
     CIT_RATE |   .0317339   .0083882     3.78   0.000     .0152864    .0481815
HavenCIT_RATE |  -.0246576   .0190853    -1.29   0.196    -.0620798    .0127646
       contig |          0  (omitted)
  comlang_off |          0  (omitted)
       colony |          0  (omitted)
       comcol |          0  (omitted)
              |
      obsTime |
        2005  |  -.0655355   .1342359    -0.49   0.625    -.3287435    .1976725
        2006  |   .0929871   .1131506     0.82   0.411     -.128877    .3148513
        2007  |    .211892   .0996414     2.13   0.034     .0165166    .4072675
        2008  |   .2003866   .1078792     1.86   0.063    -.0111415    .4119146
        2009  |   .2481293   .0958144     2.59   0.010     .0602576    .4360009
        2010  |   .4088763   .0800532     5.11   0.000     .2519091    .5658435
        2011  |   .3489402   .0944331     3.70   0.000     .1637771    .5341033
        2012  |   .2328209   .0793704     2.93   0.003     .0771925    .3884493
        2013  |  -.0164714   .0726699    -0.23   0.821    -.1589615    .1260188
        2014  |   .0496426    .076902     0.65   0.519    -.1011458     .200431
              |
        _cons |  -8.646601   6.044467    -1.43   0.153    -20.49851    3.205308
--------------+----------------------------------------------------------------
     Pair_Tal |   absorbed                                    (1327 categories)

 ( 1)  CIT_RATE + HavenCIT_RATE = 0

       F(  1,  2885) =    0.14
            Prob > F =    0.7067
OLS_Types.tex
OLS_Types.rtf
dir : seeout

Linear regression, absorbing indicators           Number of obs   =       3652
                                                  F(  20,   3608) =     139.80
                                                  Prob > F        =     0.0000
                                                  R-squared       =     0.6264
                                                  Adj R-squared   =     0.6219
                                                  Root MSE        =     1.8276

-------------------------------------------------------------------------------
              |               Robust
ln_FDIInc_O~s |      Coef.   Std. Err.      t    P>|t|     [95% Conf. Interval]
--------------+----------------------------------------------------------------
       ln_GDP |   .5936829   .9186686     0.65   0.518    -1.207479    2.394844
     ln_GDP_j |   .7558657   .0190729    39.63   0.000     .7184709    .7932605
     ln_distw |  -.7266995   .0338085   -21.49   0.000    -.7929852   -.6604137
        Haven |   2.421256   .3689112     6.56   0.000     1.697961    3.144552
     CIT_RATE |   .0782728     .01444     5.42   0.000     .0499614    .1065841
HavenCIT_RATE |  -.0271334   .0144952    -1.87   0.061    -.0555531    .0012863
       contig |    .562571   .1167361     4.82   0.000     .3336956    .7914464
  comlang_off |   .3483612   .1379816     2.52   0.012     .0778314     .618891
       colony |   .5671992   .1324002     4.28   0.000     .3076125     .826786
       comcol |    2.86767   .5443236     5.27   0.000     1.800457    3.934882
              |
      obsTime |
        2005  |   .1369692   .2150708     0.64   0.524    -.2847033    .5586417
        2006  |   .1893291   .1861307     1.02   0.309    -.1756028     .554261
        2007  |   .0644374   .1926114     0.33   0.738    -.3132006    .4420754
        2008  |   .8197251   .1991243     4.12   0.000     .4293177    1.210132
        2009  |   .8840447   .1495025     5.91   0.000     .5909268    1.177163
        2010  |   .8044937    .154758     5.20   0.000     .5010718    1.107916
        2011  |   .8277556   .1822706     4.54   0.000     .4703918    1.185119
        2012  |   .2672485    .156087     1.71   0.087    -.0387791    .5732761
        2013  |  -.0726351   .1450679    -0.50   0.617    -.3570584    .2117882
        2014  |  -.0176231   .1655705    -0.11   0.915    -.3422442    .3069979
              |
        _cons |  -10.64807   12.76744    -0.83   0.404    -35.68019    14.38406
--------------+----------------------------------------------------------------
      COU_Tal |   absorbed                                      (24 categories)

 ( 1)  CIT_RATE + HavenCIT_RATE = 0

       F(  1,  3608) =    6.68
            Prob > F =    0.0098
OLS_Types.tex
OLS_Types.rtf
dir : seeout
note: ln_distw omitted because of collinearity
note: Haven omitted because of collinearity
note: contig omitted because of collinearity
note: comlang_off omitted because of collinearity
note: colony omitted because of collinearity
note: comcol omitted because of collinearity

Linear regression, absorbing indicators           Number of obs   =       3652
                                                  F(  14,   2607) =      13.30
                                                  Prob > F        =     0.0000
                                                  R-squared       =     0.9130
                                                  Adj R-squared   =     0.8781
                                                  Root MSE        =     1.0375

-------------------------------------------------------------------------------
              |               Robust
ln_FDIInc_O~s |      Coef.   Std. Err.      t    P>|t|     [95% Conf. Interval]
--------------+----------------------------------------------------------------
       ln_GDP |    1.56718   .5462878     2.87   0.004     .4959785    2.638382
     ln_GDP_j |  -.0699322   .2045226    -0.34   0.732    -.4709753    .3311109
     ln_distw |          0  (omitted)
        Haven |          0  (omitted)
     CIT_RATE |   .0576359    .009203     6.26   0.000       .03959    .0756818
HavenCIT_RATE |  -.0088349   .0233002    -0.38   0.705    -.0545237    .0368539
       contig |          0  (omitted)
  comlang_off |          0  (omitted)
       colony |          0  (omitted)
       comcol |          0  (omitted)
              |
      obsTime |
        2005  |  -.3478929   .1572558    -2.21   0.027    -.6562517   -.0395341
        2006  |   -.192912   .1406519    -1.37   0.170    -.4687126    .0828886
        2007  |  -.2817965    .122873    -2.29   0.022     -.522735    -.040858
        2008  |   .3793185   .1365378     2.78   0.006     .1115851    .6470519
        2009  |   .4618602    .113092     4.08   0.000     .2401011    .6836193
        2010  |   .5115566   .1123191     4.55   0.000     .2913128    .7318003
        2011  |   .5981117   .1203619     4.97   0.000     .3620972    .8341262
        2012  |   .3094098   .0963942     3.21   0.001     .1203929    .4984267
        2013  |  -.1348928   .0915913    -1.47   0.141    -.3144919    .0447063
        2014  |  -.1155291   .1012037    -1.14   0.254    -.3139769    .0829188
              |
        _cons |  -18.80226   7.783294    -2.42   0.016    -34.06432   -3.540202
--------------+----------------------------------------------------------------
     Pair_Tal |   absorbed                                    (1031 categories)

 ( 1)  CIT_RATE + HavenCIT_RATE = 0

       F(  1,  2607) =    4.71
            Prob > F =    0.0301
OLS_Types.tex
OLS_Types.rtf
dir : seeout

Linear regression, absorbing indicators           Number of obs   =       3444
                                                  F(  20,   3399) =     120.68
                                                  Prob > F        =     0.0000
                                                  R-squared       =     0.6246
                                                  Adj R-squared   =     0.6197
                                                  Root MSE        =     1.7783

-------------------------------------------------------------------------------
              |               Robust
ln_FDIInc_O~d |      Coef.   Std. Err.      t    P>|t|     [95% Conf. Interval]
--------------+----------------------------------------------------------------
       ln_GDP |   .3889426   .7097511     0.55   0.584    -1.002639    1.780525
     ln_GDP_j |   .6605762   .0184185    35.86   0.000     .6244637    .6966888
     ln_distw |  -.7175116   .0353657   -20.29   0.000    -.7868517   -.6481715
        Haven |    2.62872   .3607573     7.29   0.000     1.921397    3.336043
     CIT_RATE |   .0073011   .0152715     0.48   0.633    -.0226412    .0372434
HavenCIT_RATE |  -.0376587   .0140904    -2.67   0.008    -.0652851   -.0100322
       contig |   .5263394   .1320316     3.99   0.000     .2674701    .7852087
  comlang_off |   .6562627   .1162228     5.65   0.000     .4283891    .8841363
       colony |   .7035964   .1218189     5.78   0.000     .4647507    .9424421
       comcol |   2.648925   .4430271     5.98   0.000     1.780299    3.517552
              |
      obsTime |
        2005  |   .3143951   .2269217     1.39   0.166    -.1305217    .7593119
        2006  |   .3287412   .2041176     1.61   0.107    -.0714644    .7289468
        2007  |   .3963326   .1897057     2.09   0.037     .0243838    .7682815
        2008  |  -.1295016   .1744285    -0.74   0.458     -.471497    .2124939
        2009  |   .1413789   .1540997     0.92   0.359    -.1607585    .4435162
        2010  |    .267425   .1605855     1.67   0.096    -.0474288    .5822788
        2011  |   .1676501   .1488168     1.13   0.260    -.1241293    .4594295
        2012  |   .0378377   .1372056     0.28   0.783    -.2311762    .3068516
        2013  |   .0479803   .1181212     0.41   0.685    -.1836155    .2795761
        2014  |   .1034954   .1309862     0.79   0.430    -.1533242     .360315
              |
        _cons |  -4.851085   9.887532    -0.49   0.624     -24.2372    14.53503
--------------+----------------------------------------------------------------
      COU_Tal |   absorbed                                      (25 categories)

 ( 1)  CIT_RATE + HavenCIT_RATE = 0

       F(  1,  3399) =    2.11
            Prob > F =    0.1466
OLS_Types.tex
OLS_Types.rtf
dir : seeout
note: ln_distw omitted because of collinearity
note: Haven omitted because of collinearity
note: contig omitted because of collinearity
note: comlang_off omitted because of collinearity
note: colony omitted because of collinearity
note: comcol omitted because of collinearity

Linear regression, absorbing indicators           Number of obs   =       3444
                                                  F(  14,   2217) =       3.70
                                                  Prob > F        =     0.0000
                                                  R-squared       =     0.9377
                                                  Adj R-squared   =     0.9033
                                                  Root MSE        =     0.8967

-------------------------------------------------------------------------------
              |               Robust
ln_FDIInc_O~d |      Coef.   Std. Err.      t    P>|t|     [95% Conf. Interval]
--------------+----------------------------------------------------------------
       ln_GDP |   .2585564   .3967046     0.65   0.515    -.5193951    1.036508
     ln_GDP_j |   .4186205   .1907844     2.19   0.028     .0444856    .7927554
     ln_distw |          0  (omitted)
        Haven |          0  (omitted)
     CIT_RATE |  -.0148177   .0139262    -1.06   0.287    -.0421274     .012492
HavenCIT_RATE |  -.0551789   .0193894    -2.85   0.004    -.0932021   -.0171557
       contig |          0  (omitted)
  comlang_off |          0  (omitted)
       colony |          0  (omitted)
       comcol |          0  (omitted)
              |
      obsTime |
        2005  |   .2904385   .1918879     1.51   0.130    -.0858603    .6667374
        2006  |   .4137739   .1848319     2.24   0.025     .0513121    .7762357
        2007  |   .5667475   .1677263     3.38   0.001     .2378305    .8956645
        2008  |  -.1218343   .1361404    -0.89   0.371    -.3888104    .1451418
        2009  |   .1168694   .1173584     1.00   0.319    -.1132744    .3470133
        2010  |   .3045608   .1113257     2.74   0.006     .0862473    .5228743
        2011  |   .2469034    .085046     2.90   0.004     .0801252    .4136816
        2012  |    .079535   .0786472     1.01   0.312     -.074695    .2337649
        2013  |   .0602635   .0656825     0.92   0.359    -.0685422    .1890693
        2014  |   .1056076   .0717094     1.47   0.141    -.0350171    .2462322
              |
        _cons |  -4.754964   5.957113    -0.80   0.425    -16.43707     6.92714
--------------+----------------------------------------------------------------
     Pair_Tal |   absorbed                                    (1213 categories)

 ( 1)  CIT_RATE + HavenCIT_RATE = 0

       F(  1,  2217) =   10.08
            Prob > F =    0.0015
OLS_Types.tex
OLS_Types.rtf
dir : seeout

Linear regression, absorbing indicators           Number of obs   =       2785
                                                  F(  20,   2741) =      81.32
                                                  Prob > F        =     0.0000
                                                  R-squared       =     0.5917
                                                  Adj R-squared   =     0.5853
                                                  Root MSE        =     1.8509

-------------------------------------------------------------------------------
              |               Robust
ln_FDIInc_O~t |      Coef.   Std. Err.      t    P>|t|     [95% Conf. Interval]
--------------+----------------------------------------------------------------
       ln_GDP |   2.686863   1.245942     2.16   0.031     .2437842    5.129943
     ln_GDP_j |   .6826886   .0241086    28.32   0.000     .6354157    .7299615
     ln_distw |   -.776509   .0387289   -20.05   0.000    -.8524497   -.7005683
        Haven |   1.275352   .4738821     2.69   0.007     .3461496    2.204554
     CIT_RATE |   .1253515   .0968069     1.29   0.195    -.0644703    .3151734
HavenCIT_RATE |   .0020438   .0186176     0.11   0.913    -.0344621    .0385497
       contig |   .4550773   .1328723     3.42   0.001     .1945373    .7156172
  comlang_off |  -.1489839   .1991031    -0.75   0.454    -.5393912    .2414234
       colony |   .3811171    .181576     2.10   0.036     .0250774    .7371568
       comcol |   2.048809    .399809     5.12   0.000     1.264852    2.832767
              |
      obsTime |
        2005  |  -.2434438   1.101316    -0.22   0.825    -2.402937    1.916049
        2006  |  -.1737854    1.08839    -0.16   0.873    -2.307933    1.960362
        2007  |  -.2281861   1.057021    -0.22   0.829    -2.300824    1.844452
        2008  |   .9793328   .2526802     3.88   0.000     .4838699    1.474796
        2009  |   1.210755    .203001     5.96   0.000     .8127043    1.608805
        2010  |   1.172468   .1697233     6.91   0.000     .8396692    1.505266
        2011  |   .3022762   .2476867     1.22   0.222    -.1833953    .7879477
        2012  |   -.123229   .1806769    -0.68   0.495    -.4775057    .2310476
        2013  |  -.2000069   .2023667    -0.99   0.323    -.5968137    .1967998
        2014  |  -.3493219   .2187868    -1.60   0.110    -.7783256    .0796819
              |
        _cons |  -40.87302   16.78503    -2.44   0.015    -73.78561   -7.960437
--------------+----------------------------------------------------------------
      COU_Tal |   absorbed                                      (24 categories)

 ( 1)  CIT_RATE + HavenCIT_RATE = 0

       F(  1,  2741) =    1.68
            Prob > F =    0.1952
OLS_Types.tex
OLS_Types.rtf
dir : seeout
note: ln_distw omitted because of collinearity
note: Haven omitted because of collinearity
note: contig omitted because of collinearity
note: comlang_off omitted because of collinearity
note: colony omitted because of collinearity
note: comcol omitted because of collinearity

Linear regression, absorbing indicators           Number of obs   =       2785
                                                  F(  14,   1867) =       5.19
                                                  Prob > F        =     0.0000
                                                  R-squared       =     0.9398
                                                  Adj R-squared   =     0.9103
                                                  Root MSE        =     0.8608

-------------------------------------------------------------------------------
              |               Robust
ln_FDIInc_O~t |      Coef.   Std. Err.      t    P>|t|     [95% Conf. Interval]
--------------+----------------------------------------------------------------
       ln_GDP |   2.260953   .6733295     3.36   0.001     .9403959    3.581511
     ln_GDP_j |   .3831677   .1933771     1.98   0.048     .0039097    .7624257
     ln_distw |          0  (omitted)
        Haven |          0  (omitted)
     CIT_RATE |   .0941325   .0556633     1.69   0.091    -.0150364    .2033014
HavenCIT_RATE |   .0735056   .0549808     1.34   0.181    -.0343246    .1813359
       contig |          0  (omitted)
  comlang_off |          0  (omitted)
       colony |          0  (omitted)
       comcol |          0  (omitted)
              |
      obsTime |
        2005  |  -.8378287    .654343    -1.28   0.201    -2.121149     .445492
        2006  |  -.9378209   .6410753    -1.46   0.144    -2.195121    .3194787
        2007  |  -.8581813   .6097604    -1.41   0.159    -2.054065    .3377024
        2008  |   .1681655   .1469877     1.14   0.253    -.1201119     .456443
        2009  |   .3375731   .1546107     2.18   0.029     .0343451    .6408011
        2010  |   .3808431   .1197775     3.18   0.001     .1459313    .6157549
        2011  |  -.0351376   .1326085    -0.26   0.791    -.2952141    .2249389
        2012  |  -.1263072   .1070045    -1.18   0.238    -.3361683    .0835538
        2013  |  -.2136327   .1061403    -2.01   0.044    -.4217988   -.0054666
        2014  |  -.2410286     .11238    -2.14   0.032    -.4614322   -.0206251
              |
        _cons |  -36.72776   9.372925    -3.92   0.000    -55.11027   -18.34525
--------------+----------------------------------------------------------------
     Pair_Tal |   absorbed                                     (904 categories)

 ( 1)  CIT_RATE + HavenCIT_RATE = 0

       F(  1,  1867) =    4.97
            Prob > F =    0.0260
OLS_Types.tex
OLS_Types.rtf
dir : seeout

. 
. *************************************************************************************
> ********************
. *************************************************************************************
> ********************
. *************************************************************************************
> ********************
. *************************************************************************************
> ********************
. *************************************************************************************
> ********************
. 
. *FIGURE. TAX DIFFERENCE.  
. eststo Check: regress `y' `Gravity' `Independent3' `Control1', robust

Linear regression                                      Number of obs =    5118
                                                       F( 10,  5107) =  636.60
                                                       Prob > F      =  0.0000
                                                       R-squared     =  0.5366
                                                       Root MSE      =  2.0757

-------------------------------------------------------------------------------------
                    |               Robust
ln_FDIInc_Out_Total |      Coef.   Std. Err.      t    P>|t|     [95% Conf. Interval]
--------------------+----------------------------------------------------------------
             ln_GDP |   1.058621   .0201186    52.62   0.000      1.01918    1.098063
           ln_GDP_j |   .8409599   .0172943    48.63   0.000     .8070557    .8748641
           ln_distw |  -.7445709   .0328033   -22.70   0.000    -.8088794   -.6802625
              Haven |   1.832986   .1143044    16.04   0.000     1.608901    2.057072
     CIT_difference |   .0124924   .0029685     4.21   0.000     .0066729    .0183119
HavenCIT_difference |  -.0112033   .0077834    -1.44   0.150     -.026462    .0040555
             contig |   .2324269   .1136837     2.04   0.041     .0095581    .4552957
        comlang_off |   .8761545   .0992384     8.83   0.000     .6816046    1.070704
             colony |   1.229032   .1172095    10.49   0.000     .9992516    1.458813
             comcol |   2.691865   .3293351     8.17   0.000     2.046227    3.337503
              _cons |  -15.38939   .3748845   -41.05   0.000    -16.12433   -14.65446
-------------------------------------------------------------------------------------

.         test CIT_difference + HavenCIT_difference=0

 ( 1)  CIT_difference + HavenCIT_difference = 0

       F(  1,  5107) =    0.03
            Prob > F =    0.8581

.                 scalar p1 = r(p)

.         outreg2 using OLS_taxdifference, replace ctitle("Basic") ///
>                                                         tex(frag pretty) word label a
> lpha(0.01, 0.05, 0.1, 0.15) symbol(***, **, *, +) ///
>                                                          addstat("Adj. R-squared", e(
> r2_a),"No haven effect (p)", p1)  ///
>                                                          dec(3) keep(`Gravity' `Indep
> endent3' `Control1')
OLS_taxdifference.tex
OLS_taxdifference.rtf
dir : seeout

. 
. *areg `y' `Gravity' `Independent3' `Control1', absorb(obsTime) vce(robust) noomitted 
>                                                     
.                                                          
. regress `y' `Gravity' `Independent3' `Control1' b2015.obsTime, robust

Linear regression                                      Number of obs =    5118
                                                       F( 20,  5097) =  319.88
                                                       Prob > F      =  0.0000
                                                       R-squared     =  0.5374
                                                       Root MSE      =  2.0758

-------------------------------------------------------------------------------------
                    |               Robust
ln_FDIInc_Out_Total |      Coef.   Std. Err.      t    P>|t|     [95% Conf. Interval]
--------------------+----------------------------------------------------------------
             ln_GDP |   1.046869   .0212315    49.31   0.000     1.005246    1.088492
           ln_GDP_j |   .8421788   .0173614    48.51   0.000     .8081429    .8762146
           ln_distw |  -.7370204    .032923   -22.39   0.000    -.8015635   -.6724772
              Haven |   1.836481   .1144713    16.04   0.000     1.612068    2.060894
     CIT_difference |   .0129898   .0030227     4.30   0.000      .007064    .0189155
HavenCIT_difference |  -.0118425   .0078217    -1.51   0.130    -.0271765    .0034914
             contig |   .2137127   .1144061     1.87   0.062    -.0105723    .4379977
        comlang_off |   .8903264   .0992033     8.97   0.000     .6958453    1.084808
             colony |   1.236812   .1173444    10.54   0.000     1.006767    1.466858
             comcol |    2.67741    .328415     8.15   0.000     2.033576    3.321244
                    |
            obsTime |
              2005  |    .248196   .1438595     1.73   0.085    -.0338305    .5302225
              2006  |   .3621389   .1290958     2.81   0.005     .1090557    .6152221
              2007  |    .294393   .1306612     2.25   0.024     .0382408    .5505451
              2008  |  -.0224905   .1412457    -0.16   0.873    -.2993928    .2544118
              2009  |   .1996176   .1363683     1.46   0.143    -.0677229    .4669581
              2010  |    .208938     .13881     1.51   0.132    -.0631892    .4810652
              2011  |   .0105646   .1264707     0.08   0.933    -.2373722    .2585015
              2012  |  -.0027323    .118649    -0.02   0.982    -.2353353    .2298707
              2013  |  -.0095168   .0891397    -0.11   0.915     -.184269    .1652354
              2014  |  -.0089644   .0895306    -0.10   0.920    -.1844827     .166554
                    |
              _cons |  -15.33223   .3798369   -40.37   0.000    -16.07687   -14.58758
-------------------------------------------------------------------------------------

.         test CIT_difference + HavenCIT_difference=0

 ( 1)  CIT_difference + HavenCIT_difference = 0

       F(  1,  5097) =    0.03
            Prob > F =    0.8742

.                         scalar p1 = r(p)

.         outreg2 using OLS_taxdifference, append ctitle("Yearly") ///
>                                                         tex(frag pretty) word label a
> lpha(0.01, 0.05, 0.1, 0.15) symbol(***, **, *, +) ///
>                                                          addstat("Adj. R-squared", e(
> r2_a),"No haven effect (p)", p1)  ///
>                                                          dec(3) keep(`Gravity' `Indep
> endent3' `Control1')
OLS_taxdifference.tex
OLS_taxdifference.rtf
dir : seeout

.                                                 
. 
. *regress `y' `Gravity' `Independent3' `Control1' b2015.obsTime b6.COU_Tal, robust // 
> Reference group: Germany (most observations)                                         
>                               
. areg `y' `Gravity' `Independent3' `Control1' b2015.obsTime, absorb(COU_Tal) vce(robus
> t)

Linear regression, absorbing indicators           Number of obs   =       5118
                                                  F(  20,   5071) =     202.76
                                                  Prob > F        =     0.0000
                                                  R-squared       =     0.6349
                                                  Adj R-squared   =     0.6316
                                                  Root MSE        =     1.8489

-------------------------------------------------------------------------------------
                    |               Robust
ln_FDIInc_Out_Total |      Coef.   Std. Err.      t    P>|t|     [95% Conf. Interval]
--------------------+----------------------------------------------------------------
             ln_GDP |   1.168242   .5699165     2.05   0.040     .0509595    2.285524
           ln_GDP_j |   .8319407   .0174521    47.67   0.000     .7977271    .8661543
           ln_distw |  -.8070372    .029988   -26.91   0.000    -.8658266   -.7482479
              Haven |     1.8571   .1070258    17.35   0.000     1.647283    2.066917
     CIT_difference |   .0081632   .0036219     2.25   0.024     .0010628    .0152637
HavenCIT_difference |  -.0096551   .0074042    -1.30   0.192    -.0241705    .0048603
             contig |   .3469043   .1124463     3.09   0.002      .126461    .5673477
        comlang_off |   .7694003   .1016509     7.57   0.000     .5701206    .9686799
             colony |   .9772963    .104538     9.35   0.000     .7723566    1.182236
             comcol |   3.257626   .3903197     8.35   0.000     2.492431    4.022821
                    |
            obsTime |
              2005  |   .4480583   .1865934     2.40   0.016     .0822546    .8138619
              2006  |   .5654983   .1589571     3.56   0.000     .2538737     .877123
              2007  |   .4876109   .1421352     3.43   0.001     .2089646    .7662573
              2008  |   .1307706   .1576628     0.83   0.407    -.1783166    .4398579
              2009  |   .3841301   .1476814     2.60   0.009     .0946107    .6736494
              2010  |   .4538819   .1456365     3.12   0.002     .1683714    .7393923
              2011  |   .2891574   .1342673     2.15   0.031     .0259356    .5523792
              2012  |   .1864759   .1230118     1.52   0.130    -.0546804    .4276321
              2013  |  -.0271203   .0966199    -0.28   0.779     -.216537    .1622964
              2014  |   .0519985    .105606     0.49   0.622     -.155035    .2590319
                    |
              _cons |  -16.38553   7.871965    -2.08   0.037    -31.81798    -.953082
--------------------+----------------------------------------------------------------
            COU_Tal |   absorbed                                      (27 categories)

.         test CIT_difference + HavenCIT_difference=0

 ( 1)  CIT_difference + HavenCIT_difference = 0

       F(  1,  5071) =    0.05
            Prob > F =    0.8305

.                         scalar p1 = r(p)

.         outreg2 using OLS_taxdifference, append ctitle("Investor") ///
>                                                         tex(frag pretty) word label a
> lpha(0.01, 0.05, 0.1, 0.15) symbol(***, **, *, +) ///
>                                                          addstat("Adj. R-squared", e(
> r2_a),"No haven effect (p)", p1)  ///
>                                                          dec(3) keep(`Gravity' `Indep
> endent3' `Control1')                                                
OLS_taxdifference.tex
OLS_taxdifference.rtf
dir : seeout

.                                                  
. *regress `y' `Gravity' `Independent3' `Control1' b2015.obsTime b6.COU_Tal  b59.COUNTE
> RPART_AREA_Tal, robust //Reference group: Germany
. 
. 
. areg `y' `Gravity' `Independent3' `Control1' b2015.obsTime  b6.COU_Tal, absorb(COUNTE
> RPART_AREA_Ta) vce(robust) // Reference group: Germany (most observations)           
>                                                                                
note: Haven omitted because of collinearity

Linear regression, absorbing indicators           Number of obs   =       5118
                                                  F(  45,   4938) =     176.71
                                                  Prob > F        =     0.0000
                                                  R-squared       =     0.7316
                                                  Adj R-squared   =     0.7219
                                                  Root MSE        =     1.6063

-------------------------------------------------------------------------------------
                    |               Robust
ln_FDIInc_Out_Total |      Coef.   Std. Err.      t    P>|t|     [95% Conf. Interval]
--------------------+----------------------------------------------------------------
             ln_GDP |   1.100895   .4976071     2.21   0.027     .1253636    2.076426
           ln_GDP_j |   .3905197   .1737468     2.25   0.025     .0498987    .7311408
           ln_distw |  -1.086735   .0511364   -21.25   0.000    -1.186985   -.9864846
              Haven |          0  (omitted)
     CIT_difference |   .0021725    .005583     0.39   0.697    -.0087727    .0131177
HavenCIT_difference |  -.0145813   .0106253    -1.37   0.170    -.0354116    .0062489
             contig |   .1267643   .1128116     1.12   0.261    -.0943965    .3479251
        comlang_off |   .6724364   .1001795     6.71   0.000     .4760401    .8688327
             colony |   1.041312   .1082761     9.62   0.000     .8290428    1.253582
             comcol |   3.657852   .4086593     8.95   0.000     2.856699    4.459006
                    |
            obsTime |
              2005  |   .1574293   .1859136     0.85   0.397    -.2070439    .5219026
              2006  |   .3685071     .15064     2.45   0.014     .0731856    .6638285
              2007  |   .3964929   .1242366     3.19   0.001     .1529339    .6400518
              2008  |   .0450731   .1312951     0.34   0.731    -.2123237    .3024699
              2009  |   .2507977   .1272848     1.97   0.049     .0012629    .5003325
              2010  |   .3860913   .1191507     3.24   0.001      .152503    .6196797
              2011  |   .2618067    .113911     2.30   0.022     .0384906    .4851228
              2012  |   .1717313   .1039876     1.65   0.099    -.0321306    .3755933
              2013  |  -.0158111   .0854013    -0.19   0.853    -.1832356    .1516135
              2014  |   .0802964   .0929241     0.86   0.388     -.101876    .2624689
                    |
            COU_Tal |
               AUS  |   .4627894   .5290833     0.87   0.382    -.5744489    1.500028
               AUT  |   .5275743   1.096586     0.48   0.630    -1.622222    2.677371
               BEL  |   .2861528   1.007263     0.28   0.776    -1.688531    2.260837
               CAN  |   .6244442   .4104188     1.52   0.128    -.1801591    1.429048
               CZE  |  -1.727685    1.47833    -1.17   0.243    -4.625868    1.170499
               DNK  |   .8886598   1.208619     0.74   0.462     -1.48077     3.25809
               ESP  |    1.12688   .5607463     2.01   0.045      .027568    2.226192
               EST  |  -.6895001   2.517258    -0.27   0.784    -5.624446    4.245445
               FRA  |   .5560999    .184044     3.02   0.003     .1952919     .916908
               GBR  |   .6294281    .165123     3.81   0.000     .3057136    .9531425
               GRC  |  -.9260803   1.409877    -0.66   0.511    -3.690066    1.837906
               HUN  |   .3594348   1.667289     0.22   0.829    -2.909193    3.628062
               IRL  |   .2713496   1.363045     0.20   0.842    -2.400824    2.943523
               ISL  |   .4401048    2.71467     0.16   0.871    -4.881856    5.762065
               ITA  |  -1.002588   .3326657    -3.01   0.003    -1.654761   -.3504159
               JPN  |   .9868669   .2190376     4.51   0.000     .5574557    1.416278
               KOR  |  -.1399259   .5518092    -0.25   0.800    -1.221717    .9418654
               LVA  |  -.5069763   2.422079    -0.21   0.834    -5.255328    4.241375
               NLD  |   2.882035   .7525821     3.83   0.000     1.406639     4.35743
               NOR  |   .5903326   1.051345     0.56   0.574     -1.47077    2.651435
               NZL  |   -.740502   1.519233    -0.49   0.626    -3.718873    2.237869
               POL  |  -1.952825   .9989266    -1.95   0.051    -3.911166    .0055149
               SVK  |   -2.70551   1.909203    -1.42   0.157    -6.448397    1.037376
               SVN  |  -.8722879   2.146248    -0.41   0.684    -5.079889    3.335313
               SWE  |   1.324902   .9565254     1.39   0.166    -.5503131    3.200117
               USA  |   .2289401     .76706     0.30   0.765    -1.274839    1.732719
                    |
              _cons |  -7.714575   7.698957    -1.00   0.316    -22.80795    7.378803
--------------------+----------------------------------------------------------------
COUNTERPART_AREA_~l |   absorbed                                     (135 categories)

.         test CIT_difference + HavenCIT_difference=0

 ( 1)  CIT_difference + HavenCIT_difference = 0

       F(  1,  4938) =    1.14
            Prob > F =    0.2867

.                         scalar p1 = r(p)

.         outreg2 using OLS_taxdifference, append ctitle("Partner") ///
>                                                         tex(frag pretty) word label a
> lpha(0.01, 0.05, 0.1, 0.15) symbol(***, **, *, +) ///
>                                                          addstat("Adj. R-squared", e(
> r2_a),"No haven effect (p)", p1)  ///
>                                                          dec(3) keep(`Gravity' `Indep
> endent3' `Control1')
OLS_taxdifference.tex
OLS_taxdifference.rtf
dir : seeout

. 
. 
. *regress `y' `Gravity' `Independent3' `Control1' b2015.obsTime b6.COU_Tal  b59.COUNTE
> RPART_AREA_Tal  b1017.Pair_Tal //Reference group: Germany-France (most observations, 
> large flow)
. 
. 
. areg `y' `Gravity' `Independent3' `Control1' b2015.obsTime, absorb(Pair_Tal) vce(robu
> st) 
note: ln_distw omitted because of collinearity
note: Haven omitted because of collinearity
note: contig omitted because of collinearity
note: comlang_off omitted because of collinearity
note: colony omitted because of collinearity
note: comcol omitted because of collinearity

Linear regression, absorbing indicators           Number of obs   =       5118
                                                  F(  14,   3512) =       6.84
                                                  Prob > F        =     0.0000
                                                  R-squared       =     0.9505
                                                  Adj R-squared   =     0.9279
                                                  Root MSE        =     0.8180

-------------------------------------------------------------------------------------
                    |               Robust
ln_FDIInc_Out_Total |      Coef.   Std. Err.      t    P>|t|     [95% Conf. Interval]
--------------------+----------------------------------------------------------------
             ln_GDP |     .42888    .247227     1.73   0.083    -.0558431    .9136031
           ln_GDP_j |    .384875   .1501772     2.56   0.010     .0904317    .6793183
           ln_distw |          0  (omitted)
              Haven |          0  (omitted)
     CIT_difference |   .0088438   .0046292     1.91   0.056    -.0002324    .0179199
HavenCIT_difference |  -.0219481   .0158977    -1.38   0.167    -.0531178    .0092217
             contig |          0  (omitted)
        comlang_off |          0  (omitted)
             colony |          0  (omitted)
             comcol |          0  (omitted)
                    |
            obsTime |
              2005  |  -.0832836    .136249    -0.61   0.541    -.3504188    .1838516
              2006  |   .1671562   .1116896     1.50   0.135    -.0518268    .3861393
              2007  |   .3270775   .0894007     3.66   0.000      .151795      .50236
              2008  |   .1005385   .0914673     1.10   0.272     -.078796     .279873
              2009  |   .1989504   .0857509     2.32   0.020     .0308238    .3670769
              2010  |   .3195379   .0754129     4.24   0.000     .1716804    .4673954
              2011  |   .2784054   .0596208     4.67   0.000     .1615105    .3953002
              2012  |   .1839519   .0556985     3.30   0.001     .0747473    .2931566
              2013  |   .0649152   .0436289     1.49   0.137    -.0206253    .1504556
              2014  |   .1150416   .0448597     2.56   0.010     .0270879    .2029954
                    |
              _cons |  -6.741276   3.779813    -1.78   0.075    -14.15213    .6695763
--------------------+----------------------------------------------------------------
           Pair_Tal |   absorbed                                    (1592 categories)

.         test CIT_difference + HavenCIT_difference=0

 ( 1)  CIT_difference + HavenCIT_difference = 0

       F(  1,  3512) =    0.71
            Prob > F =    0.3985

.                 scalar p1 = r(p)

.         outreg2 using OLS_taxdifference, append ctitle("Pairs") ///
>                                                         tex(frag pretty) word label a
> lpha(0.01, 0.05, 0.1, 0.15) symbol(***, **, *, +) ///
>                                                          addstat("Adj. R-squared", e(
> r2_a),"No haven effect (p)", p1)  ///
>                                                          dec(3) keep(`Gravity' `Indep
> endent3' `Control1')
OLS_taxdifference.tex
OLS_taxdifference.rtf
dir : seeout

. 
. *************************************************************************************
> ********************
. *************************************************************************************
> ********************
. *************************************************************************************
> ********************
. *************************************************************************************
> ********************
. *************************************************************************************
> ********************                                                        
. 
. *FIGURE. CFC.  
. eststo Check: regress `y' `Gravity' `Independent4' `Control1', robust

Linear regression                                      Number of obs =    5850
                                                       F( 14,  5835) =  550.87
                                                       Prob > F      =  0.0000
                                                       R-squared     =  0.5499
                                                       Root MSE      =  2.1017

----------------------------------------------------------------------------------
                 |               Robust
ln_FDIInc_Out_~l |      Coef.   Std. Err.      t    P>|t|     [95% Conf. Interval]
-----------------+----------------------------------------------------------------
          ln_GDP |   .9692784   .0260342    37.23   0.000     .9182418    1.020315
        ln_GDP_j |   .8420875   .0141557    59.49   0.000     .8143371    .8698379
        ln_distw |  -.7908416   .0309772   -25.53   0.000    -.8515685   -.7301148
             CFC |   3.023674   .3096714     9.76   0.000     2.416604    3.630745
           Haven |   5.058691   .8772682     5.77   0.000      3.33892    6.778462
        CFCHaven |  -3.552599   .9335938    -3.81   0.000    -5.382788   -1.722409
        CIT_RATE |   .1398117   .0118287    11.82   0.000      .116623    .1630004
     CFCCIT_RATE |  -.1287268   .0123614   -10.41   0.000    -.1529597   -.1044939
   HavenCIT_RATE |  -.1152372   .0364278    -3.16   0.002    -.1866491   -.0438253
CFCHavenCIT_RATE |   .1187346   .0384717     3.09   0.002     .0433159    .1941534
          contig |   .2764022    .108116     2.56   0.011     .0644547    .4883496
     comlang_off |   .8460353   .1021559     8.28   0.000      .645772    1.046299
          colony |   1.251151   .1103378    11.34   0.000     1.034848    1.467454
          comcol |   2.911359   .3206764     9.08   0.000     2.282714    3.540003
           _cons |  -17.10472   .4655383   -36.74   0.000    -18.01734   -16.19209
----------------------------------------------------------------------------------

.         test CIT_RATE + HavenCIT_RATE=0

 ( 1)  CIT_RATE + HavenCIT_RATE = 0

       F(  1,  5835) =    0.50
            Prob > F =    0.4804

.                 scalar p1 = r(p)

.         test CIT_RATE + HavenCIT_RATE+CFCHavenCIT_RATE=0

 ( 1)  CIT_RATE + HavenCIT_RATE + CFCHavenCIT_RATE = 0

       F(  1,  5835) =   69.86
            Prob > F =    0.0000

.                 scalar p2 = r(p)

.         outreg2 using OLS_CFC, replace ctitle("Basic") ///
>                                                         tex(frag pretty) word label a
> lpha(0.01, 0.05, 0.1, 0.15) symbol(***, **, *, +) ///
>                                                          addstat("Adj. R-squared", e(
> r2_a),"No haven effect (p)", p1, ///
>                                                          "No CFC Haven effect (p)", p
> 2)  ///
>                                                          dec(3) keep(`Gravity' `Indep
> endent4' `Control1')
OLS_CFC.tex
OLS_CFC.rtf
dir : seeout

. 
. *areg `y' `Gravity' `Independent4' `Control1', absorb(obsTime) vce(robust) noomitted 
>                                                     
.                                                          
. regress `y' `Gravity' `Independent4' `Control1' b2015.obsTime, robust

Linear regression                                      Number of obs =    5850
                                                       F( 24,  5825) =  323.98
                                                       Prob > F      =  0.0000
                                                       R-squared     =  0.5521
                                                       Root MSE      =  2.0985

----------------------------------------------------------------------------------
                 |               Robust
ln_FDIInc_Out_~l |      Coef.   Std. Err.      t    P>|t|     [95% Conf. Interval]
-----------------+----------------------------------------------------------------
          ln_GDP |   .9517437   .0273964    34.74   0.000     .8980367    1.005451
        ln_GDP_j |   .8424718   .0141884    59.38   0.000     .8146573    .8702863
        ln_distw |  -.7777204   .0311284   -24.98   0.000    -.8387435   -.7166972
             CFC |   3.069584   .3150649     9.74   0.000      2.45194    3.687228
           Haven |   5.029793   .8805797     5.71   0.000     3.303529    6.756056
        CFCHaven |  -3.515062    .937057    -3.75   0.000    -5.352041   -1.678082
        CIT_RATE |   .1440753    .012013    11.99   0.000     .1205254    .1676252
     CFCCIT_RATE |  -.1327299   .0125373   -10.59   0.000    -.1573077   -.1081522
   HavenCIT_RATE |   -.114189   .0366044    -3.12   0.002    -.1859472   -.0424307
CFCHavenCIT_RATE |   .1175413   .0386441     3.04   0.002     .0417845     .193298
          contig |   .2403439   .1089599     2.21   0.027      .026742    .4539457
     comlang_off |   .8651299   .1022232     8.46   0.000     .6647346    1.065525
          colony |   1.268332   .1105268    11.48   0.000     1.051658    1.485005
          comcol |   2.871658   .3180706     9.03   0.000     2.248121    3.495194
                 |
         obsTime |
           2005  |    .452213   .1312645     3.45   0.001     .1948858    .7095402
           2006  |   .5005256   .1214813     4.12   0.000     .2623772     .738674
           2007  |   .4747007   .1236255     3.84   0.000     .2323488    .7170526
           2008  |   .2254701   .1319992     1.71   0.088    -.0332974    .4842377
           2009  |   .3640529   .1307738     2.78   0.005     .1076877     .620418
           2010  |   .3903073   .1334904     2.92   0.003     .1286167     .651998
           2011  |   .1697308    .118366     1.43   0.152    -.0623105    .4017721
           2012  |   .0961509   .1139532     0.84   0.399    -.1272397    .3195414
           2013  |   -.031543   .0847679    -0.37   0.710    -.1977196    .1346335
           2014  |   .0251066   .0856948     0.29   0.770    -.1428871    .1931002
                 |
           _cons |  -17.11703    .470981   -36.34   0.000    -18.04033   -16.19373
----------------------------------------------------------------------------------

.         test CIT_RATE + HavenCIT_RATE=0

 ( 1)  CIT_RATE + HavenCIT_RATE = 0

       F(  1,  5825) =    0.72
            Prob > F =    0.3951

.                         scalar p1 = r(p)

.         test CIT_RATE + HavenCIT_RATE+CFCHavenCIT_RATE=0

 ( 1)  CIT_RATE + HavenCIT_RATE + CFCHavenCIT_RATE = 0

       F(  1,  5825) =   73.30
            Prob > F =    0.0000

.                 scalar p2 = r(p)

.         outreg2 using OLS_CFC, append ctitle("Yearly") ///
>                                                         tex(frag pretty) word label a
> lpha(0.01, 0.05, 0.1, 0.15) symbol(***, **, *, +) ///
>                                                          addstat("Adj. R-squared", e(
> r2_a),"No haven effect (p)", p1, ///
>                                                          "No CFC Haven effect (p)", p
> 2)  ///
>                                                          dec(3) keep(`Gravity' `Indep
> endent4' `Control1')
OLS_CFC.tex
OLS_CFC.rtf
dir : seeout

.                                                 
. 
. *regress `y' `Gravity' `Independent4' `Control1' b2015.obsTime b6.COU_Tal, robust // 
> Reference group: Germany (most observations)                                         
>                               
. areg `y' `Gravity' `Independent4' `Control1' b2015.obsTime, absorb(COU_Tal) vce(robus
> t)
note: CFC omitted because of collinearity

Linear regression, absorbing indicators           Number of obs   =       5850
                                                  F(  23,   5800) =     249.21
                                                  Prob > F        =     0.0000
                                                  R-squared       =     0.6411
                                                  Adj R-squared   =     0.6381
                                                  Root MSE        =     1.8825

----------------------------------------------------------------------------------
                 |               Robust
ln_FDIInc_Out_~l |      Coef.   Std. Err.      t    P>|t|     [95% Conf. Interval]
-----------------+----------------------------------------------------------------
          ln_GDP |   1.306293   .5647831     2.31   0.021     .1991075    2.413479
        ln_GDP_j |   .8207926   .0137022    59.90   0.000     .7939311    .8476542
        ln_distw |  -.8417942   .0281701   -29.88   0.000    -.8970181   -.7865702
             CFC |          0  (omitted)
           Haven |     5.1269   .7930489     6.46   0.000     3.572228    6.681572
        CFCHaven |  -3.714042   .8568411    -4.33   0.000     -5.39377   -2.034314
        CIT_RATE |   .1112467    .127165     0.87   0.382    -.1380442    .3605376
     CFCCIT_RATE |  -.0599738   .1287241    -0.47   0.641     -.312321    .1923734
   HavenCIT_RATE |  -.1186155   .0325804    -3.64   0.000    -.1824851   -.0547458
CFCHavenCIT_RATE |   .1247613   .0348973     3.58   0.000     .0563495    .1931731
          contig |   .4295971   .1098461     3.91   0.000     .2142577    .6449365
     comlang_off |   .6692054    .099084     6.75   0.000     .4749638    .8634471
          colony |   .9920704   .0990696    10.01   0.000      .797857    1.186284
          comcol |   3.363845    .390627     8.61   0.000      2.59807     4.12962
                 |
         obsTime |
           2005  |    .341714   .1883416     1.81   0.070    -.0275058    .7109337
           2006  |   .3808725    .166773     2.28   0.022     .0539353    .7078097
           2007  |   .3145007   .1616945     1.95   0.052    -.0024809    .6314824
           2008  |   .3754478   .1490159     2.52   0.012      .083321    .6675746
           2009  |   .5178635   .1394554     3.71   0.000     .2444788    .7912481
           2010  |   .5928856   .1402739     4.23   0.000     .3178965    .8678747
           2011  |   .3011828   .1269391     2.37   0.018     .0523348    .5500309
           2012  |   .1721856   .1163424     1.48   0.139    -.0558888      .40026
           2013  |  -.0880225   .0952168    -0.92   0.355     -.274683     .098638
           2014  |   .0528627   .1033872     0.51   0.609    -.1498148    .2555403
                 |
           _cons |  -19.60492   7.792695    -2.52   0.012     -34.8815   -4.328326
-----------------+----------------------------------------------------------------
         COU_Tal |   absorbed                                      (27 categories)

.         test CIT_RATE + HavenCIT_RATE=0

 ( 1)  CIT_RATE + HavenCIT_RATE = 0

       F(  1,  5800) =    0.00
            Prob > F =    0.9554

.                         scalar p1 = r(p)

.         test CIT_RATE + HavenCIT_RATE+CFCHavenCIT_RATE=0

 ( 1)  CIT_RATE + HavenCIT_RATE + CFCHavenCIT_RATE = 0

       F(  1,  5800) =    0.84
            Prob > F =    0.3584

.                 scalar p2 = r(p)

.         outreg2 using OLS_CFC, append ctitle("Investor") ///
>                                                         tex(frag pretty) word label a
> lpha(0.01, 0.05, 0.1, 0.15) symbol(***, **, *, +) ///
>                                                          addstat("Adj. R-squared", e(
> r2_a),"No haven effect (p)", p1, ///
>                                                          "No CFC Haven effect (p)", p
> 2)  ///
>                                                          dec(3) keep(`Gravity' `Indep
> endent4' `Control1')                                                
OLS_CFC.tex
OLS_CFC.rtf
dir : seeout

.                                                  
. *regress `y' `Gravity' `Independent4' `Control1' b2015.obsTime b6.COU_Tal  b59.COUNTE
> RPART_AREA_Tal, robust //Reference group: Germany
. 
. 
. areg `y' `Gravity' `Independent4' `Control1' b2015.obsTime  b6.COU_Tal, absorb(COUNTE
> RPART_AREA_Ta) vce(robust) // Reference group: Germany (most observations)           
>                                                                                
note: 25.COU_Tal omitted because of collinearity
note: Haven omitted because of collinearity

Linear regression, absorbing indicators           Number of obs   =       5850
                                                  F(  48,   5598) =     171.09
                                                  Prob > F        =     0.0000
                                                  R-squared       =     0.7382
                                                  Adj R-squared   =     0.7265
                                                  Root MSE        =     1.6365

----------------------------------------------------------------------------------
                 |               Robust
ln_FDIInc_Out_~l |      Coef.   Std. Err.      t    P>|t|     [95% Conf. Interval]
-----------------+----------------------------------------------------------------
          ln_GDP |   1.159286   .4923964     2.35   0.019     .1939981    2.124574
        ln_GDP_j |   .3148135   .1643752     1.92   0.056    -.0074256    .6370526
        ln_distw |  -1.094239   .0507663   -21.55   0.000     -1.19376   -.9947171
             CFC |   3.405331   3.335373     1.02   0.307    -3.133295    9.943956
           Haven |          0  (omitted)
        CFCHaven |  -3.425653   .7527059    -4.55   0.000    -4.901248   -1.950057
        CIT_RATE |   .1862719    .118985     1.57   0.118    -.0469848    .4195286
     CFCCIT_RATE |  -.1560489    .120359    -1.30   0.195    -.3919992    .0799015
   HavenCIT_RATE |  -.0876124   .0286634    -3.06   0.002    -.1438038    -.031421
CFCHavenCIT_RATE |   .1085547   .0301698     3.60   0.000     .0494101    .1676992
          contig |   .2301522   .1111166     2.07   0.038     .0123205    .4479839
     comlang_off |   .6062594   .0976839     6.21   0.000     .4147611    .7977576
          colony |    1.01519   .1051331     9.66   0.000     .8090878    1.221291
          comcol |   3.708379   .4133367     8.97   0.000     2.898079    4.518679
                 |
         obsTime |
           2005  |   .0538943   .1806908     0.30   0.766    -.3003298    .4081184
           2006  |   .1623414   .1529926     1.06   0.289    -.1375835    .4622662
           2007  |   .2000284   .1372578     1.46   0.145    -.0690501     .469107
           2008  |   .2162533    .123932     1.74   0.081    -.0267016    .4592082
           2009  |   .3246847   .1208381     2.69   0.007     .0877951    .5615742
           2010  |   .4622777   .1159203     3.99   0.000      .235029    .6895264
           2011  |   .2560362   .1071512     2.39   0.017     .0459782    .4660942
           2012  |   .1370357   .0985563     1.39   0.164    -.0561728    .3302443
           2013  |  -.0716248    .084065    -0.85   0.394    -.2364249    .0931752
           2014  |   .0727513    .090834     0.80   0.423    -.1053185    .2508212
                 |
         COU_Tal |
            AUS  |   .3071383   .5128408     0.60   0.549    -.6982285    1.312505
            AUT  |  -.0243931   1.224989    -0.02   0.984    -2.425847    2.377061
            BEL  |  -1.690322   1.935245    -0.87   0.382    -5.484152    2.103509
            CAN  |   .7642349   .4182073     1.83   0.068    -.0556137    1.584083
            CZE  |  -1.262567   .7607993    -1.66   0.097    -2.754029    .2288945
            DNK  |   .9695672   1.182168     0.82   0.412     -1.34794    3.287074
            ESP  |     .98077   .5414221     1.81   0.070    -.0806274    2.042167
            EST  |  -.3818527    .553714    -0.69   0.490    -1.467347    .7036414
            FRA  |   .0828133   .2291241     0.36   0.718    -.3663588    .5319855
            GBR  |   .6624427   .1600267     4.14   0.000     .3487284    .9761571
            GRC  |  -1.610065   1.112927    -1.45   0.148    -3.791832    .5717033
            HUN  |    .743848   .5483905     1.36   0.175    -.3312101    1.818906
            IRL  |   1.820777   1.174126     1.55   0.121    -.4809655     4.12252
            ISL  |   .9514583   .6886249     1.38   0.167    -.3985136     2.30143
            ITA  |   -1.29257   .3206563    -4.03   0.000    -1.921181   -.6639598
            JPN  |   .8105465   .2450767     3.31   0.001     .3301012    1.290992
            KOR  |  -.0481181   .5317507    -0.09   0.928    -1.090556    .9943195
            LVA  |    .651454   .5778167     1.13   0.260    -.4812907    1.784199
            NLD  |   2.212232   1.498843     1.48   0.140     -.726081    5.150545
            NOR  |   .7411025   1.018006     0.73   0.467    -1.254584    2.736789
            NZL  |   -.668356   1.484043    -0.45   0.652    -3.577656    2.240944
            POL  |  -1.522705   1.173472    -1.30   0.194    -3.823164    .7777547
            SVK  |  -2.713994   .7739109    -3.51   0.000    -4.231159   -1.196828
            SVN  |          0  (omitted)
            SWE  |   1.488743   .9360267     1.59   0.112     -.346232    3.323719
            USA  |  -.4410358   .8221646    -0.54   0.592    -2.052797    1.170726
                 |
           _cons |  -11.35351    5.65803    -2.01   0.045    -22.44545   -.2615801
-----------------+----------------------------------------------------------------
COUNTERPART_AR~l |   absorbed                                     (204 categories)

.         test CIT_RATE + HavenCIT_RATE=0

 ( 1)  CIT_RATE + HavenCIT_RATE = 0

       F(  1,  5598) =    0.64
            Prob > F =    0.4234

.                         scalar p1 = r(p)

.         test CIT_RATE + HavenCIT_RATE+CFCHavenCIT_RATE=0

 ( 1)  CIT_RATE + HavenCIT_RATE + CFCHavenCIT_RATE = 0

       F(  1,  5598) =    2.99
            Prob > F =    0.0836

.                 scalar p2 = r(p)

.         outreg2 using OLS_CFC, append ctitle("Partner") ///
>                                                         tex(frag pretty) word label a
> lpha(0.01, 0.05, 0.1, 0.15) symbol(***, **, *, +) ///
>                                                          addstat("Adj. R-squared", e(
> r2_a),"No haven effect (p)", p1, ///
>                                                          "No CFC Haven effect (p)", p
> 2)  ///
>                                                          dec(3) keep(`Gravity' `Indep
> endent4' `Control1')
OLS_CFC.tex
OLS_CFC.rtf
dir : seeout

. 
. 
. *regress `y' `Gravity' `Independent4' `Control1' b2015.obsTime b6.COU_Tal  b59.COUNTE
> RPART_AREA_Tal  b1017.Pair_Tal //Reference group: Germany-France (most observations, 
> large flow)
. 
. 
. areg `y' `Gravity' `Independent4' `Control1' b2015.obsTime, absorb(Pair_Tal) vce(robu
> st) 
note: ln_distw omitted because of collinearity
note: CFC omitted because of collinearity
note: Haven omitted because of collinearity
note: CFCHaven omitted because of collinearity
note: contig omitted because of collinearity
note: comlang_off omitted because of collinearity
note: colony omitted because of collinearity
note: comcol omitted because of collinearity

Linear regression, absorbing indicators           Number of obs   =       5850
                                                  F(  16,   3973) =       6.65
                                                  Prob > F        =     0.0000
                                                  R-squared       =     0.9491
                                                  Adj R-squared   =     0.9250
                                                  Root MSE        =     0.8569

----------------------------------------------------------------------------------
                 |               Robust
ln_FDIInc_Out_~l |      Coef.   Std. Err.      t    P>|t|     [95% Conf. Interval]
-----------------+----------------------------------------------------------------
          ln_GDP |   .6116459   .2478379     2.47   0.014     .1257445    1.097547
        ln_GDP_j |   .1872765   .1545321     1.21   0.226    -.1156932    .4902462
        ln_distw |          0  (omitted)
             CFC |          0  (omitted)
           Haven |          0  (omitted)
        CFCHaven |          0  (omitted)
        CIT_RATE |  -.0289181   .0749159    -0.39   0.700    -.1757952    .1179591
     CFCCIT_RATE |   .0539147   .0758697     0.71   0.477    -.0948325    .2026619
   HavenCIT_RATE |  -.0129833   .1045107    -0.12   0.901    -.2178829    .1919163
CFCHavenCIT_RATE |   -.009465   .1061844    -0.09   0.929    -.2176461    .1987161
          contig |          0  (omitted)
     comlang_off |          0  (omitted)
          colony |          0  (omitted)
          comcol |          0  (omitted)
                 |
         obsTime |
           2005  |  -.1115139   .1309305    -0.85   0.394    -.3682112    .1451834
           2006  |   .0851153   .1124223     0.76   0.449    -.1352955     .305526
           2007  |   .2719614   .0948243     2.87   0.004     .0860526    .4578702
           2008  |   .2192064   .0933736     2.35   0.019     .0361416    .4022711
           2009  |   .2697139    .087078     3.10   0.002     .0989921    .4404356
           2010  |     .43231   .0753313     5.74   0.000     .2846183    .5800017
           2011  |   .3262895   .0578413     5.64   0.000      .212888    .4396909
           2012  |    .205702   .0571652     3.60   0.000     .0936261    .3177779
           2013  |   .0250816   .0444158     0.56   0.572    -.0619983    .1121615
           2014  |    .121972   .0453666     2.69   0.007      .033028    .2109159
                 |
           _cons |  -7.395541   3.721236    -1.99   0.047    -14.69125   -.0998299
-----------------+----------------------------------------------------------------
        Pair_Tal |   absorbed                                    (1861 categories)

.         test CIT_RATE + HavenCIT_RATE=0

 ( 1)  CIT_RATE + HavenCIT_RATE = 0

       F(  1,  3973) =    0.29
            Prob > F =    0.5893

.                 scalar p1 = r(p)

.         test CIT_RATE + HavenCIT_RATE+CFCHavenCIT_RATE=0

 ( 1)  CIT_RATE + HavenCIT_RATE + CFCHavenCIT_RATE = 0

       F(  1,  3973) =    0.44
            Prob > F =    0.5065

.                 scalar p2 = r(p)

.         outreg2 using OLS_CFC, append ctitle("Pairs") ///
>                                                         tex(frag pretty) word label a
> lpha(0.01, 0.05, 0.1, 0.15) symbol(***, **, *, +) ///
>                                                          addstat("Adj. R-squared", e(
> r2_a),"No haven effect (p)", p1, ///
>                                                          "No CFC Haven effect (p)", p
> 2)  ///
>                                                          dec(3) keep(`Gravity' `Indep
> endent4' `Control1')
OLS_CFC.tex
OLS_CFC.rtf
dir : seeout

. 
. 
. 
. 
. *************************************************************************************
> ********************
.                                                          
.                                                          
. log close
      name:  <unnamed>
       log:  C:\Users\rbjoe\Dropbox\Kugejl\8. semester\Public Economics\Public_economic
> s\Code\Stata output\log.txt
  log type:  text
 closed on:  28 Apr 2017, 20:07:47
---------------------------------------------------------------------------------------
