---------------------------------------------------------------------------------------
      name:  <unnamed>
       log:  C:\Users\rbjoe\Dropbox\Kugejl\8. semester\Public Economics\Public_economic
> s\Code\Stata output\log.txt
  log type:  text
 opened on:  15 May 2017, 18:21:28

.                                                         
. ********************************************************************************
. 
. *THE CODE APPENDIX HAS THE FOLLOWING SECTION 
. * VARIABLE GROUPS
. * GENERATE VARIABLES
. * SET LABELS 
. * DESCRIPTIVE STATISTICS TABLE
. * REGRESSION TABLE ONE.         BASIC REGRESSION
. * REGRESSION TABLE ONE.         BASIC REGRESSION (CLUSTERED STD ERRORS)
. * REGRESSION TABLE TWO.         POISSON 
. * REGRESSION TABLE THREE.       INVERSE HYPERBOLIC SINE TRANSFORMATION
. * REGRESSION TABLE FOUR.        TAX DIFFERENTIAL 
. * REGRESSION TABLE FIVE.        SIZE OF HAVENS
. * REGRESSION TABLE SIX.         TYPES OF FDI INCOME
. * REGRESSION TABLE 7.   CFC RULES. 
. 
. 
. ********************************************************************************
. * VARIABLE GROUPS
. ********************************************************************************
. {
. local y "ln_FDIInc_Out_Total"
. local y_ejlog "FDIInc_Out_Total"
. local yy "ln_FDIInc_Out_Dividends ln_FDIInc_Out_Reinvested ln_FDIInc_Out_Debt" //ln_F
> DIInc_Out_Equity 
. local yy_ejlog "FDIInc_Out_Dividends FDIInc_Out_Reinvested FDIInc_Out_Debt" //FDIInc_
> Out_Equity 
. local Gravity_ejlog "GDP GDP_j distw"
. local Gravity "ln_GDP ln_GDP_j ln_distw"
. local Independent1 "Haven NonHavenCIT_RATE HavenCIT_RATE"
. local Independent2 "Small_Haven Large_Haven NonHavenCIT_RATE Small_HavenCIT_RATE Larg
> e_HavenCIT_RATE"
. local Independent3 "Haven NonHavenCIT_difference HavenCIT_difference"
. local Independent4 "CFCNonHaven NonCFCHaven CFCHaven NonHavenNonCFCCIT_RATE NonHavenC
> FCCIT_RATE HavenNonCFCCIT_RATE CFCHavenCIT_RATE"
. local Independent5 "NonCFCHaven CFCHaven NonHavenNonCFCCIT_RATE NonHavenCFCCIT_RATE H
> avenNonCFCCIT_RATE CFCHavenCIT_RATE"
. local Control1 "contig comlang_off colony comcol" //EXCE
. }

. ********************************************************************************
. 
. ********************************************************************************
. * GENERATE VARIABLES
. ********************************************************************************
. {
. *Interaction terms 
. *Basic interaction
. gen HavenCIT_RATE = Haven*CIT_RATE
. 
. *Interaction for NonHaven
. gen NonHaven = 0
. replace NonHaven = 1 if Haven ==0
(18975 real changes made)
. 
. gen NonHavenCIT_RATE = NonHaven*CIT_RATE
. 
. *Based on size
. gen Small_HavenCIT_RATE = Small_Haven*CIT_RATE
. 
. gen Large_HavenCIT_RATE = Large_Haven*CIT_RATE
. 
. *Based on the tax differences variable
. gen HavenCIT_difference = Haven*CIT_difference
(9856 missing values generated)
. gen NonHavenCIT_difference = NonHaven*CIT_difference
(9856 missing values generated)
. 
. *CFC interactions
. gen CFCHaven = Haven*CFC
. gen CFCHavenCIT_RATE = Haven*CFC*CIT_RATE
. 
. gen NonCFC =0 
. replace NonCFC = 1 if CFC ==0
(11031 real changes made)
. 
. gen NonCFCHaven = NonCFC*Haven
. gen CFCNonHaven = NonHaven*CFC
. 
. gen NonHavenNonCFCCIT_RATE = NonCFC*NonHaven*CIT_RATE
. gen HavenNonCFCCIT_RATE = Haven*NonCFC*CIT_RATE
. 
. gen CFCCIT_RATE = CFC*CIT_RATE
. gen NonHavenCFCCIT_RATE = NonHaven*CFC*CIT_RATE
. 
. *Inverse hyperbolic sine transformation
. gen IHS_FDI = log(FDIInc_Out_Total +(FDIInc_Out_Total^2+1)^(1/2))
(4526 missing values generated)
. 
. *Create necessary logged variables
. foreach var in `y_ejlog' `yy_ejlog' `Gravity_ejlog' {
  2. gen ln_`var' = log(`var')
  3. }
(17848 missing values generated)
(20089 missing values generated)
(20317 missing values generated)
(20962 missing values generated)
(1782 missing values generated)
(1392 missing values generated)
. *Encode assigns numerical values to each group in a variable
. encode(COU)                                     , gen(COU_Tal)
. encode(COUNTERPART_AREA)        , gen(COUNTERPART_AREA_Tal)
. encode(Pair)                            , gen(Pair_Tal)
. }

. 
. ********************************************************************************
. 
. ********************************************************************************
. * SET LABELS 
. ********************************************************************************
. {
. *Dependent variabkes
. label variable FDIInc_Out_Total                 "FDI income - Total"
. label variable ln_FDIInc_Out_Total              "ln FDI income - Total"
. label variable IHS_FDI                                  "IHS FDI income - Total"
. label variable FDIInc_Out_Dividends     "FDI income - Dividends"
. label variable ln_FDIInc_Out_Dividends  "ln FDI income - Dividends"
. label variable FDIInc_Out_Equity                "FDI income - Income on Equity"
. label variable FDIInc_Out_Debt                  "FDI income - Debt income"
. label variable ln_FDIInc_Out_Debt               "ln FDI income - Debt income"
. label variable FDIInc_Out_Reinvested    "FDI income - Reinv. earnings"
. label variable ln_FDIInc_Out_Reinvested "ln FDI income - Reinv. earnings"
. label variable FDIInc_Inw_Total                 "FDI income - Total (Inwards)"
. label variable FDIInc_Inw_Dividends     "FDI income - Dividends (Inwards)"
. label variable FDIInc_Inw_Equity                "FDI income - Income on Equity (Inwar
> ds)"
. label variable FDIInc_Inw_Debt                  "FDI income - Interests from income o
> n debt (Inwards)"
. label variable FDIInc_Inw_Reinvested    "FDI income - Reinvested earnings (Inwards)"
. *Gravity
. label variable ln_GDP                                   "$\ln\text{GDP}_{it}$"  
. label variable ln_GDP_j                                 "$\ln\text{GDP}_{jt}$"  
. label variable ln_distw                                 "$\ln\text{Distance (w)}$"
. label variable contig                                   "Common border"
. label variable colony                                   "Colony"
. label variable comcol                                   "Common colony"
. label variable comlang_off                              "Common language"
. *Independent
. label variable CIT_RATE                                 "$ \text{CIT}_{it}$"
. label variable Haven                                    "$\text{Haven}_j$ $(\gamma_1)
> $"
. label variable HavenCIT_RATE                    "$\text{Haven}_j\times\text{CIT}_{it}
> $ $ (\gamma_3)$ "
. label variable NonHaven                                 "$\text{Non-haven}_j$ $(\gamm
> a_2)$"
. label variable NonHavenCIT_RATE                 "$\text{Non-haven}_j\times\text{CIT}_
> {it}$ $ (\gamma_2)$ "
. *Size
. label variable Small_HavenCIT_RATE              "Small Haven$\times\text{CIT}_{it}$"
. label variable Large_HavenCIT_RATE              "Large Haven$\times\text{CIT}_{ijt}$"
. *Difference
. label variable CIT_RATE_KPMG_j                  "$ \text{CIT}_{jt}$"
. label variable CIT_difference                   "$ \text{DCIT}_{ijt}$ $(\gamma_1)$"
. label variable HavenCIT_difference              "Haven$\times\text{DCIT}_{ijt}$ $(\ga
> mma_3)$ "
. label variable NonHavenCIT_difference   "Non-haven$\times\text{DCIT}_{ijt}$ $(\gamma_
> 3)$ "
. * CFC
. label variable CFC                                              "$\text{CFC}_i$$ (\io
> ta_1)$"
. label variable CFCNonHaven                              "$\text{CFC}_i\times\text{Non
> -haven}_j$$ (\iota_1)$"
. label variable CFCHaven                                 "$\text{CFC}_i\times\text{Hav
> en}_j$$ (\iota_2)$"
. label variable NonCFCHaven                              "$\text{Non-CFC}_i\times\text
> {Haven}_j$$ (\gamma_2)$"
. label variable CFCCIT_RATE                      "$\text{CFC}_i\times\text{CIT}_{it}$$
>  (\iota_3)$"
. label variable CFCHavenCIT_RATE                 "$\text{CFC}_i\times\text{Haven}_j\ti
> mes\text{CIT}_{it}$$ (\iota_4)$"
. label variable NonHavenCFCCIT_RATE              "$\text{CFC}_i\times\text{Non-haven}_
> j\times\text{CIT}_{it}$$ (\iota_3)$"
. label variable NonHavenNonCFCCIT_RATE   "$\text{Non-CFC}_i\times\text{Non-haven}_j\ti
> mes\text{CIT}_{it}$ $ (\gamma_2)$ "
. label variable HavenNonCFCCIT_RATE      "$\text{Non-CFC}_i\times\text{Haven}_j\times\
> text{CIT}_{it}$ $ (\gamma_3)$ "
.  
. }

. ********************************************************************************
. *format dataset as panel. 
. xtset Pair_Tal obsTime, yearly
       panel variable:  Pair_Tal (unbalanced)
        time variable:  obsTime, 2005 to 2015, but with gaps
                delta:  1 year

. 
. *************************************************************************************
> ********************
. * DESCRIPTIVE STATISTICS TABLE
. *************************************************************************************
> ********************
. {
. /*
>                 \vspace{2pt} & \begin{footnotesize}\end{footnotesize} & \begin{footno
> tesize}\end{footnotesize} & \begin{footnotesize}\end{footnotesize} & \begin{footnotes
> ize}\end{footnotesize} & \begin{footnotesize}\end{footnotesize} & \begin{footnotesize
> }\end{footnotesize} \\
> \multicolumn{7}{l}{\textbf{Dependent variables (transformations)}} \\\hline
> */
. 
. quietly outreg2 using 0_summary_gravity, sum(detail) replace label tex(frag pretty) w
> ord dec(1) ///
>                                 keep(`y_ejlog' `yy_ejlog'  `y' IHS_FDI `yy' ////
>                                 CIT_RATE  CIT_RATE_KPMG_j CIT_difference ///
>                                 Haven Small_Haven Large_Haven  CFC ///               
>            
>                                 `Gravity_ejlog' `Gravity' `Control1' ///
>                                 ) ///
>                                 sortvar(`y_ejlog' `yy_ejlog'  `y' IHS_FDI `yy' ////
>                                 CIT_RATE  CIT_RATE_KPMG_j CIT_difference ///
>                                 Haven Small_Haven Large_Haven  CFC ///               
>            
>                                 `Gravity_ejlog' `Gravity' `Control1' ///
>                                 ) /// 
>                                 eqkeep(N mean p50 sd p1  p99 ) 
 : .                         
. }                               

.                                 
. *************************************************************************************
> ********************
. * REGRESSION TABLE ONE.         BASIC REGRESSION
. *************************************************************************************
> ********************
. {
. regress `y' `Gravity' `Independent1' `Control1', robust cluster(distw)

Linear regression                                      Number of obs =    5850
                                                       F( 10,  1845) =  251.31
                                                       Prob > F      =  0.0000
                                                       R-squared     =  0.5400
                                                       Root MSE      =   2.124

                                   (Std. Err. adjusted for 1846 clusters in distw)
----------------------------------------------------------------------------------
                 |               Robust
ln_FDIInc_Out_~l |      Coef.   Std. Err.      t    P>|t|     [95% Conf. Interval]
-----------------+----------------------------------------------------------------
          ln_GDP |   .9759166   .0358148    27.25   0.000     .9056748    1.046158
        ln_GDP_j |   .8372994   .0243648    34.37   0.000     .7895139    .8850849
        ln_distw |  -.7922465   .0540732   -14.65   0.000    -.8982977   -.6861954
           Haven |   2.597725   .6185182     4.20   0.000     1.384656    3.810794
NonHavenCIT_RATE |   .0331139     .00781     4.24   0.000     .0177966    .0484312
   HavenCIT_RATE |   .0030721    .022885     0.13   0.893     -.041811    .0479553
          contig |   .2116739   .2015828     1.05   0.294    -.1836804    .6070282
     comlang_off |   .7887353   .1927667     4.09   0.000     .4106715    1.166799
          colony |   1.236134   .1989677     6.21   0.000     .8459085     1.62636
          comcol |   2.587341    .625537     4.14   0.000     1.360506    3.814175
           _cons |  -14.66591   .6674186   -21.97   0.000    -15.97488   -13.35693
----------------------------------------------------------------------------------
.         test NonHavenCIT_RATE = HavenCIT_RATE

 ( 1)  NonHavenCIT_RATE - HavenCIT_RATE = 0

       F(  1,  1845) =    1.57
            Prob > F =    0.2111
.                 scalar p1 = r(p)
.         outreg2 using 1_OLS, replace ctitle("Eq. (\ref{gravity1})") ///
>                                                         tex(frag pretty) word label a
> lpha(0.01, 0.05, 0.1) symbol(***, **, *) ///
>                                                          nonotes addnote("Dummies are
>  added as specified above. FE drops $\zeta_i+\eta_j$. Standard errors in parantheses.
> ", "Standard errors are robust and clustered by distance. *** p<0.01, ** p<0.05, * p<
> 0.1") ///
>                                                          addstat("$\gamma_2=\gamma_3 
> $ (p-value)", p1)  ///
>                                                          dec(3) keep(`Gravity' `Indep
> endent1' `Control1')                       
1_OLS.tex
1_OLS.rtf
dir : seeout
.                                                                          
.                                                  
.                                                          
. regress `y' `Gravity' `Independent1' `Control1' b2015.obsTime, robust cluster(distw)

Linear regression                                      Number of obs =    5850
                                                       F( 20,  1845) =  132.12
                                                       Prob > F      =  0.0000
                                                       R-squared     =  0.5417
                                                       Root MSE      =  2.1219

                                   (Std. Err. adjusted for 1846 clusters in distw)
----------------------------------------------------------------------------------
                 |               Robust
ln_FDIInc_Out_~l |      Coef.   Std. Err.      t    P>|t|     [95% Conf. Interval]
-----------------+----------------------------------------------------------------
          ln_GDP |   .9549059   .0372881    25.61   0.000     .8817745    1.028037
        ln_GDP_j |   .8371725    .024409    34.30   0.000     .7893004    .8850446
        ln_distw |  -.7815199   .0539734   -14.48   0.000    -.8873752   -.6756645
           Haven |   2.600662   .6185995     4.20   0.000     1.387433     3.81389
NonHavenCIT_RATE |   .0349355    .008133     4.30   0.000     .0189847    .0508864
   HavenCIT_RATE |   .0047944   .0229397     0.21   0.834    -.0401962    .0497849
          contig |   .1826273   .2031362     0.90   0.369    -.2157737    .5810283
     comlang_off |   .8056887   .1915788     4.21   0.000     .4299547    1.181423
          colony |   1.247977   .2010441     6.21   0.000     .8536788    1.642274
          comcol |   2.556835   .6191043     4.13   0.000     1.342616    3.771053
                 |
         obsTime |
           2005  |   .3324287   .1335484     2.49   0.013     .0705069    .5943506
           2006  |   .3834594   .1214274     3.16   0.002     .1453098    .6216089
           2007  |   .3581582   .1223905     2.93   0.003     .1181198    .5981966
           2008  |   .2767366   .1228447     2.25   0.024     .0358073    .5176659
           2009  |   .3860341   .1250477     3.09   0.002     .1407843    .6312839
           2010  |   .3856888   .1302027     2.96   0.003     .1303287    .6410488
           2011  |   .0624426   .1077214     0.58   0.562     -.148826    .2737113
           2012  |  -.0019189   .0975092    -0.02   0.984    -.1931588     .189321
           2013  |  -.0357681   .0557467    -0.64   0.521    -.1451012    .0735651
           2014  |   .0194056   .0512439     0.38   0.705    -.0810965    .1199076
                 |
           _cons |  -14.55918   .6662358   -21.85   0.000    -15.86583   -13.25252
----------------------------------------------------------------------------------
.         test NonHavenCIT_RATE = HavenCIT_RATE

 ( 1)  NonHavenCIT_RATE - HavenCIT_RATE = 0

       F(  1,  1845) =    1.59
            Prob > F =    0.2078
.                 scalar p1 = r(p)
.         outreg2 using 1_OLS, append ctitle("$+\delta_t$") ///
>                                                         tex(frag pretty) word label a
> lpha(0.01, 0.05, 0.1) symbol(***, **, *) ///
>                                                          nonotes addnote("Dummies are
>  added as specified above. FE drops $\zeta_i+\eta_j$. Standard errors in parantheses.
> ", "Standard errors are robust and clustered by distance. *** p<0.01, ** p<0.05, * p<
> 0.1") ///
>                                                          addstat("$\gamma_2=\gamma_3 
> $ (p-value)", p1)  ///
>                                                          dec(3) keep(`Gravity' `Indep
> endent1' `Control1')                       
warning: addnote ignored in appended columns
1_OLS.tex
1_OLS.rtf
dir : seeout
.                         
. *Equivalent alternative:
. *areg `y' `Gravity' `Independent1' `Control1', absorb(obsTime) vce(cluster distw) noo
> mitted                                                     
. 
. *regress `y' `Gravity' `Independent1' `Control1' b2015.obsTime b6.COU_Tal, robust clu
> ster(distw) // Reference group: Germany (most observations)                          
>                                               
. areg `y' `Gravity' `Independent1' `Control1' b2015.obsTime, absorb(COU_Tal) vce(clust
> er distw)

Linear regression, absorbing indicators           Number of obs   =       5850
                                                  F(  20,   1845) =      97.92
                                                  Prob > F        =     0.0000
                                                  R-squared       =     0.6376
                                                  Adj R-squared   =     0.6347
                                                  Root MSE        =     1.8913

                                   (Std. Err. adjusted for 1846 clusters in distw)
----------------------------------------------------------------------------------
                 |               Robust
ln_FDIInc_Out_~l |      Coef.   Std. Err.      t    P>|t|     [95% Conf. Interval]
-----------------+----------------------------------------------------------------
          ln_GDP |   1.434993    .407583     3.52   0.000     .6356206    2.234366
        ln_GDP_j |   .8196957   .0239761    34.19   0.000     .7726725    .8667189
        ln_distw |   -.840198   .0503284   -16.69   0.000    -.9389046   -.7414915
           Haven |   2.567766   .6090022     4.22   0.000      1.37336    3.762172
NonHavenCIT_RATE |    .059639   .0131689     4.53   0.000     .0338114    .0854666
   HavenCIT_RATE |   .0304382   .0233624     1.30   0.193    -.0153813    .0762578
          contig |   .3769516   .2011207     1.87   0.061    -.0174965    .7713997
     comlang_off |   .6707681   .1905672     3.52   0.000     .2970181    1.044518
          colony |   .9680123   .1711203     5.66   0.000     .6324024    1.303622
          comcol |   3.156827   .7536892     4.19   0.000     1.678653       4.635
                 |
         obsTime |
           2005  |   .3454323   .1486599     2.32   0.020     .0538729    .6369916
           2006  |   .3781165   .1267237     2.98   0.003     .1295795    .6266535
           2007  |   .2938167   .1218879     2.41   0.016     .0547639    .5328695
           2008  |   .3817836   .1205187     3.17   0.002     .1454162    .6181511
           2009  |    .543375   .1182123     4.60   0.000     .3115311    .7752189
           2010  |   .6028587   .1140798     5.28   0.000     .3791195    .8265978
           2011  |   .3094654   .0837205     3.70   0.000     .1452686    .4736623
           2012  |   .1675935   .0761876     2.20   0.028     .0181706    .3170165
           2013  |  -.1010361   .0655609    -1.54   0.123    -.2296174    .0275452
           2014  |   .0351899   .0666853     0.53   0.598    -.0955967    .1659764
                 |
           _cons |   -21.1831   5.773481    -3.67   0.000    -32.50634   -9.859855
-----------------+----------------------------------------------------------------
         COU_Tal |   absorbed                                      (27 categories)
.         test NonHavenCIT_RATE = HavenCIT_RATE

 ( 1)  NonHavenCIT_RATE - HavenCIT_RATE = 0

       F(  1,  1845) =    1.52
            Prob > F =    0.2172
.                 scalar p1 = r(p)
.         outreg2 using 1_OLS, append ctitle("$+\zeta_i$") ///
>                                                         tex(frag pretty) word label a
> lpha(0.01, 0.05, 0.1) symbol(***, **, *) ///
>                                                          nonotes addnote("Dummies are
>  added as specified above. FE drops $\zeta_i+\eta_j$. Standard errors in parantheses.
> ", "Standard errors are robust and clustered by distance. *** p<0.01, ** p<0.05, * p<
> 0.1") ///
>                                                          addstat("$\gamma_2=\gamma_3 
> $ (p-value)", p1)  ///
>                                                          dec(3) keep(`Gravity' `Indep
> endent1' `Control1')                       
warning: addnote ignored in appended columns
1_OLS.tex
1_OLS.rtf
dir : seeout
.                                                          
. *Equivalent alternative:
. *regress `y' `Gravity' `Independent1' `Control1' b2015.obsTime b6.COU_Tal  b59.COUNTE
> RPART_AREA_Tal, robust cluster(distw) //Reference group: Germany
. 
. areg `y' `Gravity' `Independent1' `Control1' b2015.obsTime  b6.COU_Tal, absorb(COUNTE
> RPART_AREA_Ta) vce(cluster distw) // Reference group: Germany (most observations)    
>                                                                                      
>   
note: Haven omitted because of collinearity

Linear regression, absorbing indicators           Number of obs   =       5850
                                                  F(  45,   1845) =      73.60
                                                  Prob > F        =     0.0000
                                                  R-squared       =     0.7348
                                                  Adj R-squared   =     0.7231
                                                  Root MSE        =     1.6466

                                   (Std. Err. adjusted for 1846 clusters in distw)
----------------------------------------------------------------------------------
                 |               Robust
ln_FDIInc_Out_~l |      Coef.   Std. Err.      t    P>|t|     [95% Conf. Interval]
-----------------+----------------------------------------------------------------
          ln_GDP |   1.409176   .3733249     3.77   0.000      .676992    2.141359
        ln_GDP_j |   .3145245   .2122313     1.48   0.139    -.1017143    .7307633
        ln_distw |  -1.091438   .0848757   -12.86   0.000      -1.2579   -.9249751
           Haven |          0  (omitted)
NonHavenCIT_RATE |    .043186   .0127545     3.39   0.001     .0181713    .0682008
   HavenCIT_RATE |   .0294709    .020472     1.44   0.150    -.0106799    .0696216
          contig |   .1761835   .1910291     0.92   0.356    -.1984725    .5508395
     comlang_off |   .5873037   .1772588     3.31   0.001     .2396548    .9349526
          colony |   1.005891   .1773239     5.67   0.000     .6581146    1.353668
          comcol |    3.52943   .7520188     4.69   0.000     2.054533    5.004327
                 |
         obsTime |
           2005  |   .0565649   .1698838     0.33   0.739    -.2766198    .3897497
           2006  |   .1536701   .1418253     1.08   0.279    -.1244849     .431825
           2007  |   .1557716     .12263     1.27   0.204    -.0847367    .3962798
           2008  |   .2302921   .1166009     1.98   0.048     .0016085    .4589757
           2009  |   .3852687   .1137536     3.39   0.001     .1621693     .608368
           2010  |   .5055904   .1004148     5.04   0.000     .3086518    .7025291
           2011  |   .2766068   .0764275     3.62   0.000     .1267132    .4265004
           2012  |   .1397398   .0681243     2.05   0.040      .006131    .2733485
           2013  |  -.0957511   .0611351    -1.57   0.117    -.2156523    .0241501
           2014  |   .0411565   .0630247     0.65   0.514    -.0824508    .1647638
                 |
         COU_Tal |
            AUS  |   .4540238   .4671101     0.97   0.331    -.4620962    1.370144
            AUT  |   1.077129   .8227766     1.31   0.191    -.5365421      2.6908
            BEL  |   .4307015   .7401544     0.58   0.561    -1.020927     1.88233
            CAN  |   1.138633   .4604003     2.47   0.013     .2356722    2.041593
            CZE  |  -.7295356   1.161566    -0.63   0.530    -3.007659    1.548587
            DNK  |   1.513516   .9031435     1.68   0.094    -.2577751    3.284807
            ESP  |    1.12484   .4720921     2.38   0.017     .1989493    2.050731
            EST  |   .9551722   1.903215     0.50   0.616    -2.777509    4.687854
            FRA  |   .0377197   .2669783     0.14   0.888    -.4858917    .5613311
            GBR  |   .6934544   .1812861     3.83   0.000     .3379068    1.049002
            GRC  |  -.1531327   1.052584    -0.15   0.884    -2.217513    1.911248
            HUN  |   1.383136   1.282297     1.08   0.281     -1.13177    3.898042
            IRL  |   1.483826   1.115943     1.33   0.184    -.7048182     3.67247
            ISL  |       2.26   2.085572     1.08   0.279    -1.830329    6.350328
            ITA  |  -1.219761   .2807272    -4.35   0.000    -1.770337   -.6691845
            JPN  |   .6945601   .2877201     2.41   0.016     .1302689    1.258851
            KOR  |   .1827053   .4760049     0.38   0.701    -.7508597     1.11627
            LVA  |   1.255211   1.873597     0.67   0.503    -2.419383    4.929805
            NLD  |   3.162895   .5610013     5.64   0.000     2.062631    4.263159
            NOR  |   1.183964   .7890189     1.50   0.134    -.3634998    2.731428
            NZL  |   .0187936   1.167914     0.02   0.987    -2.271778    2.309365
            POL  |  -1.234917   .7749426    -1.59   0.111    -2.754774    .2849396
            SVK  |  -1.642636   1.475647    -1.11   0.266    -4.536749    1.251477
            SVN  |   .7255491   1.676717     0.43   0.665    -2.562914    4.014012
            SWE  |   1.931825   .7220202     2.68   0.008      .515763    3.347888
            USA  |  -.9546894   .6772034    -1.41   0.159    -2.282855    .3734761
                 |
           _cons |  -12.46329   5.960351    -2.09   0.037    -24.15303   -.7735435
-----------------+----------------------------------------------------------------
COUNTERPART_AR~l |   absorbed                                     (204 categories)
.         test NonHavenCIT_RATE = HavenCIT_RATE

 ( 1)  NonHavenCIT_RATE - HavenCIT_RATE = 0

       F(  1,  1845) =    0.51
            Prob > F =    0.4742
.                 scalar p1 = r(p)
.         outreg2 using 1_OLS, append ctitle("$+\eta_j$") ///
>                                                         tex(frag pretty) word label a
> lpha(0.01, 0.05, 0.1) symbol(***, **, *) ///
>                                                          nonotes addnote("Dummies are
>  added as specified above. FE drops $\zeta_i+\eta_j$. Standard errors in parantheses.
> ", "Standard errors are robust and clustered by distance. *** p<0.01, ** p<0.05, * p<
> 0.1") ///
>                                                          addstat("$\gamma_2=\gamma_3 
> $ (p-value)", p1)  ///
>                                                          dec(3) keep(`Gravity' `Indep
> endent1' `Control1')                       
warning: addnote ignored in appended columns
1_OLS.tex
1_OLS.rtf
dir : seeout
.         
. 
. 
. areg `y' `Gravity' `Independent1' `Control1' b2015.obsTime, absorb(Pair_Tal) vce(clus
> ter distw) 
note: ln_distw omitted because of collinearity
note: Haven omitted because of collinearity
note: contig omitted because of collinearity
note: comlang_off omitted because of collinearity
note: colony omitted because of collinearity
note: comcol omitted because of collinearity

Linear regression, absorbing indicators           Number of obs   =       5850
                                                  F(  14,   1845) =       5.98
                                                  Prob > F        =     0.0000
                                                  R-squared       =     0.9490
                                                  Adj R-squared   =     0.9250
                                                  Root MSE        =     0.8568

                                   (Std. Err. adjusted for 1846 clusters in distw)
----------------------------------------------------------------------------------
                 |               Robust
ln_FDIInc_Out_~l |      Coef.   Std. Err.      t    P>|t|     [95% Conf. Interval]
-----------------+----------------------------------------------------------------
          ln_GDP |   .5667421   .3104251     1.83   0.068    -.0420793    1.175564
        ln_GDP_j |   .1798574   .2580798     0.70   0.486    -.3263018    .6860166
        ln_distw |          0  (omitted)
           Haven |          0  (omitted)
NonHavenCIT_RATE |   .0232258   .0131579     1.77   0.078    -.0025802    .0490317
   HavenCIT_RATE |   .0010375   .0279172     0.04   0.970    -.0537151    .0557901
          contig |          0  (omitted)
     comlang_off |          0  (omitted)
          colony |          0  (omitted)
          comcol |          0  (omitted)
                 |
         obsTime |
           2005  |  -.1153189   .1808764    -0.64   0.524    -.4700628     .239425
           2006  |   .0843803   .1563362     0.54   0.589    -.2222342    .3909947
           2007  |    .278579   .1270421     2.19   0.028     .0294177    .5277404
           2008  |   .2160965   .1170895     1.85   0.065    -.0135453    .4457383
           2009  |   .2538148   .1042071     2.44   0.015     .0494386     .458191
           2010  |   .4200603   .0907549     4.63   0.000     .2420671    .5980534
           2011  |   .3200905   .0720354     4.44   0.000      .178811      .46137
           2012  |   .2035349     .06607     3.08   0.002     .0739551    .3331146
           2013  |   .0295554   .0544368     0.54   0.587    -.0772088    .1363197
           2014  |    .127586   .0550346     2.32   0.021     .0196493    .2355226
                 |
           _cons |   -6.99299   4.958857    -1.41   0.159    -16.71855    2.732571
-----------------+----------------------------------------------------------------
        Pair_Tal |   absorbed                                    (1861 categories)
.         test NonHavenCIT_RATE = HavenCIT_RATE

 ( 1)  NonHavenCIT_RATE - HavenCIT_RATE = 0

       F(  1,  1845) =    0.62
            Prob > F =    0.4295
.                 scalar p1 = r(p)
.         outreg2 using 1_OLS, append ctitle("$+\theta_{ij}$ (FE)") ///
>                                                         tex(frag pretty) word label a
> lpha(0.01, 0.05, 0.1) symbol(***, **, *) ///
>                                                          nonotes addnote("Dummies are
>  added as specified above. FE drops $\zeta_i+\eta_j$. Standard errors in parantheses.
> ", "Standard errors are robust and clustered by distance. *** p<0.01, ** p<0.05, * p<
> 0.1") ///
>                                                          addstat("$\gamma_2=\gamma_3 
> $ (p-value)", p1)  ///
>                                                          dec(3) keep(`Gravity' `Indep
> endent1' `Control1')                       
warning: addnote ignored in appended columns
1_OLS.tex
1_OLS.rtf
dir : seeout
. 
. *Equivalent alternative: 
. *regress `y' `Gravity' `Independent1' `Control1' b2015.obsTime b6.COU_Tal  b59.COUNTE
> RPART_AREA_Tal  b1017.Pair_Tal //Reference group: Germany-France (most observations, 
> large flow)
. *quietly eststo eq1: regress `y' `Gravity' `Independent1' `Control1' b2015.obsTime b1
> 017.Pair_Tal, robust cluster(distw) //Reference group: Germany-France (most observati
> ons, large flow)
. *esttab eq1, se keep(`Gravity' `Independent1' `Control1')                            
>                             
.                                                          
. *Equivalent alternative 
. *xtreg `y' `Gravity' `Independent1' `Control1' b2015.obsTime, fe robust 
. }

. 
. *************************************************************************************
> *******************
. * REGRESSION TABLE TWO.         POISSON 
. *************************************************************************************
> *******************                                                 
. {
. 
. *Creates dummies manually (needed for ppml)
. quietly ta COU_Tal, gen(COU_Tal_)
. quietly ta Pair_Tal, gen(Pair_Tal_)
. quietly ta obsTime, gen(obsTime_)
. 
. *replace  FDIInc_Out_Total=0 if FDIInc_Out_Total==.
. 
. /*
> \begin{tabular}{lccc|ccc|ccc} \hline
>                         & \multicolumn{9}{c}{} \\
>                         & \multicolumn{3}{c}{OLS} & 
>                         \multicolumn{3}{c}{Poisson PML, $ FDIInc>0 $} & \multicolumn{
> 3}{c}{Poisson PML, $ FDIInc\geq0 $} \\
>                 \cline{2-10}    
> */
. 
. 
. * OLS
. regress `y' `Gravity' `Independent1' `Control1', robust cluster(distw)

Linear regression                                      Number of obs =    5850
                                                       F( 10,  1845) =  251.31
                                                       Prob > F      =  0.0000
                                                       R-squared     =  0.5400
                                                       Root MSE      =   2.124

                                   (Std. Err. adjusted for 1846 clusters in distw)
----------------------------------------------------------------------------------
                 |               Robust
ln_FDIInc_Out_~l |      Coef.   Std. Err.      t    P>|t|     [95% Conf. Interval]
-----------------+----------------------------------------------------------------
          ln_GDP |   .9759166   .0358148    27.25   0.000     .9056748    1.046158
        ln_GDP_j |   .8372994   .0243648    34.37   0.000     .7895139    .8850849
        ln_distw |  -.7922465   .0540732   -14.65   0.000    -.8982977   -.6861954
           Haven |   2.597725   .6185182     4.20   0.000     1.384656    3.810794
NonHavenCIT_RATE |   .0331139     .00781     4.24   0.000     .0177966    .0484312
   HavenCIT_RATE |   .0030721    .022885     0.13   0.893     -.041811    .0479553
          contig |   .2116739   .2015828     1.05   0.294    -.1836804    .6070282
     comlang_off |   .7887353   .1927667     4.09   0.000     .4106715    1.166799
          colony |   1.236134   .1989677     6.21   0.000     .8459085     1.62636
          comcol |   2.587341    .625537     4.14   0.000     1.360506    3.814175
           _cons |  -14.66591   .6674186   -21.97   0.000    -15.97488   -13.35693
----------------------------------------------------------------------------------
.         outreg2 using 2_Poisson, replace ctitle("Eq. (\ref{gravity1})") ///
>                                                         tex(frag pretty) word label a
> lpha(0.01, 0.05, 0.1) symbol(***, **, *) ///
>                                                          nonotes addnote("All models 
> include $ D_{ij}$ and a constant term. Dummies are added as specified above. Standard
>  errors in parantheses.", "Standard errors are robust and clustered by \textit{distw}
> . *** p<0.01, ** p<0.05, * p<0.1") ///
>                                                          dec(3) keep(`Gravity' `Indep
> endent1') nocon
2_Poisson.tex
2_Poisson.rtf
dir : seeout
. 
. areg `y' `Gravity' `Independent1' `Control1' b2015.obsTime, absorb(COU_Tal) vce(clust
> er distw)

Linear regression, absorbing indicators           Number of obs   =       5850
                                                  F(  20,   1845) =      97.92
                                                  Prob > F        =     0.0000
                                                  R-squared       =     0.6376
                                                  Adj R-squared   =     0.6347
                                                  Root MSE        =     1.8913

                                   (Std. Err. adjusted for 1846 clusters in distw)
----------------------------------------------------------------------------------
                 |               Robust
ln_FDIInc_Out_~l |      Coef.   Std. Err.      t    P>|t|     [95% Conf. Interval]
-----------------+----------------------------------------------------------------
          ln_GDP |   1.434993    .407583     3.52   0.000     .6356206    2.234366
        ln_GDP_j |   .8196957   .0239761    34.19   0.000     .7726725    .8667189
        ln_distw |   -.840198   .0503284   -16.69   0.000    -.9389046   -.7414915
           Haven |   2.567766   .6090022     4.22   0.000      1.37336    3.762172
NonHavenCIT_RATE |    .059639   .0131689     4.53   0.000     .0338114    .0854666
   HavenCIT_RATE |   .0304382   .0233624     1.30   0.193    -.0153813    .0762578
          contig |   .3769516   .2011207     1.87   0.061    -.0174965    .7713997
     comlang_off |   .6707681   .1905672     3.52   0.000     .2970181    1.044518
          colony |   .9680123   .1711203     5.66   0.000     .6324024    1.303622
          comcol |   3.156827   .7536892     4.19   0.000     1.678653       4.635
                 |
         obsTime |
           2005  |   .3454323   .1486599     2.32   0.020     .0538729    .6369916
           2006  |   .3781165   .1267237     2.98   0.003     .1295795    .6266535
           2007  |   .2938167   .1218879     2.41   0.016     .0547639    .5328695
           2008  |   .3817836   .1205187     3.17   0.002     .1454162    .6181511
           2009  |    .543375   .1182123     4.60   0.000     .3115311    .7752189
           2010  |   .6028587   .1140798     5.28   0.000     .3791195    .8265978
           2011  |   .3094654   .0837205     3.70   0.000     .1452686    .4736623
           2012  |   .1675935   .0761876     2.20   0.028     .0181706    .3170165
           2013  |  -.1010361   .0655609    -1.54   0.123    -.2296174    .0275452
           2014  |   .0351899   .0666853     0.53   0.598    -.0955967    .1659764
                 |
           _cons |   -21.1831   5.773481    -3.67   0.000    -32.50634   -9.859855
-----------------+----------------------------------------------------------------
         COU_Tal |   absorbed                                      (27 categories)
.         outreg2 using 2_Poisson, append ctitle("$+\delta_t+\zeta_i$") ///
>                                                         tex(frag pretty) word label a
> lpha(0.01, 0.05, 0.1) symbol(***, **, *) ///
>                                                          nonotes addnote("All models 
> include $ D_{ij}$ and a constant term. Dummies are added as specified above. Standard
>  errors in parantheses.", "Standard errors are robust and clustered by \textit{distw}
> . *** p<0.01, ** p<0.05, * p<0.1") ///
>                                                          dec(3) keep(`Gravity' `Indep
> endent1') nocon
warning: addnote ignored in appended columns
2_Poisson.tex
2_Poisson.rtf
dir : seeout
. *Equivalent
. *reg `y' `Gravity' `Independent1' `Control1' obsTime_* COU_Tal_*, robust cluster(dist
> w)
.                                                          
. areg `y' `Gravity' `Independent1' `Control1' b2015.obsTime, absorb(Pair_Tal) vce(clus
> ter distw) 
note: ln_distw omitted because of collinearity
note: Haven omitted because of collinearity
note: contig omitted because of collinearity
note: comlang_off omitted because of collinearity
note: colony omitted because of collinearity
note: comcol omitted because of collinearity

Linear regression, absorbing indicators           Number of obs   =       5850
                                                  F(  14,   1845) =       5.98
                                                  Prob > F        =     0.0000
                                                  R-squared       =     0.9490
                                                  Adj R-squared   =     0.9250
                                                  Root MSE        =     0.8568

                                   (Std. Err. adjusted for 1846 clusters in distw)
----------------------------------------------------------------------------------
                 |               Robust
ln_FDIInc_Out_~l |      Coef.   Std. Err.      t    P>|t|     [95% Conf. Interval]
-----------------+----------------------------------------------------------------
          ln_GDP |   .5667421   .3104251     1.83   0.068    -.0420793    1.175564
        ln_GDP_j |   .1798574   .2580798     0.70   0.486    -.3263018    .6860166
        ln_distw |          0  (omitted)
           Haven |          0  (omitted)
NonHavenCIT_RATE |   .0232258   .0131579     1.77   0.078    -.0025802    .0490317
   HavenCIT_RATE |   .0010375   .0279172     0.04   0.970    -.0537151    .0557901
          contig |          0  (omitted)
     comlang_off |          0  (omitted)
          colony |          0  (omitted)
          comcol |          0  (omitted)
                 |
         obsTime |
           2005  |  -.1153189   .1808764    -0.64   0.524    -.4700628     .239425
           2006  |   .0843803   .1563362     0.54   0.589    -.2222342    .3909947
           2007  |    .278579   .1270421     2.19   0.028     .0294177    .5277404
           2008  |   .2160965   .1170895     1.85   0.065    -.0135453    .4457383
           2009  |   .2538148   .1042071     2.44   0.015     .0494386     .458191
           2010  |   .4200603   .0907549     4.63   0.000     .2420671    .5980534
           2011  |   .3200905   .0720354     4.44   0.000      .178811      .46137
           2012  |   .2035349     .06607     3.08   0.002     .0739551    .3331146
           2013  |   .0295554   .0544368     0.54   0.587    -.0772088    .1363197
           2014  |    .127586   .0550346     2.32   0.021     .0196493    .2355226
                 |
           _cons |   -6.99299   4.958857    -1.41   0.159    -16.71855    2.732571
-----------------+----------------------------------------------------------------
        Pair_Tal |   absorbed                                    (1861 categories)
.         outreg2 using 2_Poisson, append ctitle("FE") ///
>                                                         tex(frag pretty) word label a
> lpha(0.01, 0.05, 0.1) symbol(***, **, *) ///
>                                                          nonotes addnote("All models 
> include $ D_{ij}$ and a constant term. Dummies are added as specified above. Standard
>  errors in parantheses.", "Standard errors are robust and clustered by \textit{distw}
> . *** p<0.01, ** p<0.05, * p<0.1") ///
>                                                          dec(3) keep(`Gravity' `Indep
> endent1') nocon
warning: addnote ignored in appended columns
2_Poisson.tex
2_Poisson.rtf
dir : seeout
. 
. *Poisson >0 
. ppml `y_ejlog' `Gravity' `Independent1' `Control1'  if `y_ejlog'>0, cluster(distw)

note: checking the existence of the estimates
WARNING: ln_GDP has very large values, consider rescaling  or recentering
WARNING: ln_GDP_j has very large values, consider rescaling  or recentering
WARNING: NonHavenCIT_RATE has very large values, consider rescaling  or recentering
WARNING: HavenCIT_RATE has very large values, consider rescaling  or recentering

Number of regressors excluded to ensure that the estimates exist: 0
Number of observations excluded: 0

note: starting ppml estimation
note: FDIInc_Out_Total has noninteger values

Iteration 1:   deviance =  1.15e+07
Iteration 2:   deviance =   9100840
Iteration 3:   deviance =   8858470
Iteration 4:   deviance =   8852251
Iteration 5:   deviance =   8852171
Iteration 6:   deviance =   8852171
Iteration 7:   deviance =   8852171
Iteration 8:   deviance =   8852171

Number of parameters: 11
Number of observations: 5850
Pseudo log-likelihood: -4442323.1
R-squared: .31416044
Option strict is: off
                                   (Std. Err. adjusted for 1846 clusters in distw)
----------------------------------------------------------------------------------
                 |               Robust
FDIInc_Out_Total |      Coef.   Std. Err.      z    P>|z|     [95% Conf. Interval]
-----------------+----------------------------------------------------------------
          ln_GDP |   .8604063   .0849959    10.12   0.000     .6938175    1.026995
        ln_GDP_j |   .6171531   .0485211    12.72   0.000     .5220535    .7122526
        ln_distw |  -.5360906   .0837297    -6.40   0.000    -.7001977   -.3719834
           Haven |   .5506285   .7580194     0.73   0.468    -.9350621    2.036319
NonHavenCIT_RATE |   .0100542   .0106928     0.94   0.347    -.0109033    .0310118
   HavenCIT_RATE |   .0416823   .0250077     1.67   0.096     -.007332    .0906966
          contig |  -.4794257    .287152    -1.67   0.095    -1.042233    .0833818
     comlang_off |   .6659191   .2252575     2.96   0.003     .2244225    1.107416
          colony |   .3020381   .2044936     1.48   0.140     -.098762    .7028383
          comcol |  -.0719137   .9847207    -0.07   0.942    -2.001931    1.858103
           _cons |  -9.953342   1.408134    -7.07   0.000    -12.71323   -7.193449
----------------------------------------------------------------------------------
.         outreg2 using 2_Poisson, append ctitle("Eq. (\ref{gravity1})") ///
>                                                         tex(frag pretty) word label a
> lpha(0.01, 0.05, 0.1) symbol(***, **, *) ///
>                                                          nonotes addnote("All models 
> include $ D_{ij}$ and a constant term. Dummies are added as specified above. Standard
>  errors in parantheses.", "Standard errors are robust and clustered by \textit{distw}
> . *** p<0.01, ** p<0.05, * p<0.1") ///
>                                                          dec(3) keep(`Gravity' `Indep
> endent1') nocon
warning: addnote ignored in appended columns
2_Poisson.tex
2_Poisson.rtf
dir : seeout
.                                                          
. ppml `y_ejlog' `Gravity' `Independent1' `Control1'  obsTime_* COU_Tal_*  if `y_ejlog'
> >0, cluster(distw)

note: checking the existence of the estimates
WARNING: ln_GDP has very large values, consider rescaling  or recentering
WARNING: ln_GDP_j has very large values, consider rescaling  or recentering
WARNING: NonHavenCIT_RATE has very large values, consider rescaling  or recentering
WARNING: HavenCIT_RATE has very large values, consider rescaling  or recentering

Number of regressors excluded to ensure that the estimates exist: 2
Excluded regressors:  obsTime_4 COU_Tal_19
Number of observations excluded: 0

note: starting ppml estimation
note: FDIInc_Out_Total has noninteger values

Iteration 1:   deviance =   9523014
Iteration 2:   deviance =   7264260
Iteration 3:   deviance =   6998326
Iteration 4:   deviance =   6980087
Iteration 5:   deviance =   6977833
Iteration 6:   deviance =   6977611
Iteration 7:   deviance =   6977605
Iteration 8:   deviance =   6977605
Iteration 9:   deviance =   6977605

Number of parameters: 47
Number of observations: 5850
Pseudo log-likelihood: -3505040.2
R-squared: .39342801
Option strict is: off
                                   (Std. Err. adjusted for 1846 clusters in distw)
----------------------------------------------------------------------------------
                 |               Robust
FDIInc_Out_Total |      Coef.   Std. Err.      z    P>|z|     [95% Conf. Interval]
-----------------+----------------------------------------------------------------
          ln_GDP |   .5806933    .274313     2.12   0.034     .0430497    1.118337
        ln_GDP_j |   .6288948   .0471405    13.34   0.000     .5365011    .7212885
        ln_distw |  -.5670468   .0829847    -6.83   0.000    -.7296939   -.4043998
           Haven |   .3954076   .7421876     0.53   0.594    -1.059253    1.850069
NonHavenCIT_RATE |  -.0090056    .013095    -0.69   0.492    -.0346712    .0166601
   HavenCIT_RATE |   .0290524   .0206374     1.41   0.159    -.0113962     .069501
          contig |   -.276909   .2534302    -1.09   0.275    -.7736231    .2198051
     comlang_off |   .6302524   .2454777     2.57   0.010     .1491249     1.11138
          colony |   .3138399    .211621     1.48   0.138    -.1009296    .7286093
          comcol |    .763927   .9505488     0.80   0.422    -1.099114    2.626968
       obsTime_1 |   .2665811   .1384931     1.92   0.054    -.0048603    .5380225
       obsTime_2 |   .3999572   .1380212     2.90   0.004     .1294407    .6704737
       obsTime_3 |   .3495311   .1270254     2.75   0.006     .1005659    .5984964
       obsTime_5 |   .1593251    .105861     1.51   0.132    -.0481587    .3668089
       obsTime_6 |   .3679659   .1089188     3.38   0.001     .1544889    .5814428
       obsTime_7 |    .342688    .105925     3.24   0.001     .1350788    .5502971
       obsTime_8 |   .2656842   .1023758     2.60   0.009     .0650313    .4663372
       obsTime_9 |   .2548296   .1023104     2.49   0.013     .0543049    .4553543
      obsTime_10 |   .2424409   .1030284     2.35   0.019      .040509    .4443728
      obsTime_11 |   .1344243   .1039322     1.29   0.196     -.069279    .3381276
       COU_Tal_1 |    1.97507   1.151396     1.72   0.086    -.2816242    4.231764
       COU_Tal_2 |   1.572379   .8760062     1.79   0.073    -.1445613     3.28932
       COU_Tal_3 |   1.471062   .9826628     1.50   0.134    -.4549213    3.397046
       COU_Tal_4 |   2.632722   1.211453     2.17   0.030     .2583178    5.007126
       COU_Tal_5 |   .4599603   .8630368     0.53   0.594    -1.231561    2.151481
       COU_Tal_6 |   2.075581   1.392188     1.49   0.136    -.6530565    4.804219
       COU_Tal_7 |   1.762428   .8207016     2.15   0.032     .1538828    3.370974
       COU_Tal_8 |   2.080655   1.198483     1.74   0.083    -.2683289    4.429639
       COU_Tal_9 |   .8110709   .6947188     1.17   0.243    -.5505528    2.172695
      COU_Tal_10 |   2.184345   1.361782     1.60   0.109    -.4846987     4.85339
      COU_Tal_11 |   2.395618    1.36074     1.76   0.078    -.2713836    5.062619
      COU_Tal_12 |   .9134564   .8284769     1.10   0.270    -.7103285    2.537241
      COU_Tal_13 |    2.06014   .7002833     2.94   0.003     .6876102     3.43267
      COU_Tal_14 |   2.085182   .9411869     2.22   0.027     .2404896    3.929874
      COU_Tal_15 |   .2555359   .5962084     0.43   0.668     -.913011    1.424083
      COU_Tal_16 |   1.246068   1.245366     1.00   0.317    -1.194806    3.686941
      COU_Tal_17 |   2.883967   1.478942     1.95   0.051    -.0147057    5.782639
      COU_Tal_18 |   1.335563   1.171081     1.14   0.254    -.9597133    3.630839
      COU_Tal_20 |   3.856017   1.023705     3.77   0.000     1.849593    5.862442
      COU_Tal_21 |   1.841363   .9064444     2.03   0.042     .0647647    3.617961
      COU_Tal_22 |   .5464296   .8179541     0.67   0.504    -1.056731     2.14959
      COU_Tal_23 |  -.0279776    .971279    -0.03   0.977     -1.93165    1.875694
      COU_Tal_24 |  -1.117191   .7420428    -1.51   0.132    -2.571568    .3371863
      COU_Tal_25 |  -.9195266   .5479228    -1.68   0.093    -1.993436    .1543825
      COU_Tal_26 |   2.402572   .9340153     2.57   0.010      .571936    4.233209
      COU_Tal_27 |   3.333895   1.791488     1.86   0.063    -.1773573    6.845148
           _cons |  -7.982919   2.967186    -2.69   0.007     -13.7985   -2.167342
----------------------------------------------------------------------------------
.         outreg2 using 2_Poisson, append ctitle("$+\delta_t+\zeta_i$") ///
>                                                         tex(frag pretty) word label a
> lpha(0.01, 0.05, 0.1) symbol(***, **, *) ///
>                                                          nonotes addnote("All models 
> include $ D_{ij}$ and a constant term. Dummies are added as specified above. Standard
>  errors in parantheses.", "Standard errors are robust and clustered by \textit{distw}
> . *** p<0.01, ** p<0.05, * p<0.1") ///
>                                                          dec(3) keep(`Gravity' `Indep
> endent1') nocon
warning: addnote ignored in appended columns
2_Poisson.tex
2_Poisson.rtf
dir : seeout
.                                                          
. *quietly ppml `y_ejlog' `Gravity' `Independent1' `Control1'  obsTime_* Pair_Tal_* if 
> `y_ejlog'>0
. xtpoisson `y_ejlog' `Gravity' `Independent1' `Control1' b2015.obsTime  if `y_ejlog'>0
> , fe vce(robust)
note: you are responsible for interpretation of non-count dep. variable
note: 375 groups (375 obs) dropped because of only one obs per group
note: ln_distw dropped because it is constant within group
note: Haven dropped because it is constant within group
note: contig dropped because it is constant within group
note: comlang_off dropped because it is constant within group
note: colony dropped because it is constant within group
note: comcol dropped because it is constant within group

Iteration 0:   log pseudolikelihood = -272943.96  
Iteration 1:   log pseudolikelihood = -233712.58  
Iteration 2:   log pseudolikelihood = -233533.41  
Iteration 3:   log pseudolikelihood = -233533.41  

Conditional fixed-effects Poisson regression    Number of obs      =      5475
Group variable: Pair_Tal                        Number of groups   =      1486

                                                Obs per group: min =         2
                                                               avg =       3.7
                                                               max =        11

                                                Wald chi2(14)      =    160.29
Log pseudolikelihood  = -233533.41              Prob > chi2        =    0.0000

                                   (Std. Err. adjusted for clustering on Pair_Tal)
----------------------------------------------------------------------------------
                 |               Robust
FDIInc_Out_Total |      Coef.   Std. Err.      z    P>|z|     [95% Conf. Interval]
-----------------+----------------------------------------------------------------
          ln_GDP |   .4432087   .2348494     1.89   0.059    -.0170877     .903505
        ln_GDP_j |   .9227578   .1629515     5.66   0.000     .6033788    1.242137
NonHavenCIT_RATE |   .0009548   .0095747     0.10   0.921    -.0178112    .0197209
   HavenCIT_RATE |     .00511   .0080417     0.64   0.525    -.0106514    .0208714
                 |
         obsTime |
           2005  |   .1387984   .1278967     1.09   0.278    -.1118745    .3894712
           2006  |   .2529534   .0972787     2.60   0.009     .0622906    .4436163
           2007  |   .1840656   .0828907     2.22   0.026     .0216028    .3465285
           2008  |  -.1527683   .1093814    -1.40   0.163    -.3671519    .0616153
           2009  |  -.0015783   .1040725    -0.02   0.988    -.2055566       .2024
           2010  |    .196379   .0879314     2.23   0.026     .0240366    .3687214
           2011  |   .1493011   .0483647     3.09   0.002      .054508    .2440943
           2012  |   .0935502   .0370912     2.52   0.012     .0208528    .1662475
           2013  |   .0705004   .0303337     2.32   0.020     .0110475    .1299534
           2014  |   .0543023   .0293419     1.85   0.064    -.0032068    .1118115
----------------------------------------------------------------------------------
.         outreg2 using 2_Poisson, append ctitle("FE") ///
>                                                         tex(frag pretty) word label a
> lpha(0.01, 0.05, 0.1) symbol(***, **, *) ///
>                                                          nonotes addnote("All models 
> include $ D_{ij}$ and a constant term. Dummies are added as specified above. Standard
>  errors in parantheses.", "Standard errors are robust and clustered by \textit{distw}
> . *** p<0.01, ** p<0.05, * p<0.1") ///
>                                                          dec(3) keep(`Gravity' `Indep
> endent1') nocon    noni            
warning: addnote ignored in appended columns
2_Poisson.tex
2_Poisson.rtf
dir : seeout
.                                                                                      
>                             
.                                                          
. *ppml `y' `Gravity' `Independent1' `Control1' obsTime_* Pair_Tal_*  if `y'>=0
. 
. 
. *Poisson >=0 
. ppml `y_ejlog' `Gravity' `Independent1' `Control1' if `y_ejlog'>=0, cluster(distw)

note: checking the existence of the estimates
WARNING: ln_GDP has very large values, consider rescaling  or recentering
WARNING: ln_GDP_j has very large values, consider rescaling  or recentering
WARNING: NonHavenCIT_RATE has very large values, consider rescaling  or recentering
WARNING: HavenCIT_RATE has very large values, consider rescaling  or recentering

Number of regressors excluded to ensure that the estimates exist: 0
Number of observations excluded: 0

note: starting ppml estimation
note: FDIInc_Out_Total has noninteger values

Iteration 1:   deviance =  1.52e+07
Iteration 2:   deviance =  1.05e+07
Iteration 3:   deviance =   9471377
Iteration 4:   deviance =   9364814
Iteration 5:   deviance =   9362955
Iteration 6:   deviance =   9362954
Iteration 7:   deviance =   9362954

Number of parameters: 11
Number of observations: 15764
Pseudo log-likelihood: -4697714.8
R-squared: .33545527
Option strict is: off
                                   (Std. Err. adjusted for 4402 clusters in distw)
----------------------------------------------------------------------------------
                 |               Robust
FDIInc_Out_Total |      Coef.   Std. Err.      z    P>|z|     [95% Conf. Interval]
-----------------+----------------------------------------------------------------
          ln_GDP |   .9333252   .0831396    11.23   0.000     .7703746    1.096276
        ln_GDP_j |   .6853221   .0437166    15.68   0.000     .5996392     .771005
        ln_distw |  -.6075276   .0830171    -7.32   0.000    -.7702382    -.444817
           Haven |   .6022822   .7825864     0.77   0.442     -.931559    2.136123
NonHavenCIT_RATE |   .0078675   .0106824     0.74   0.461    -.0130695    .0288046
   HavenCIT_RATE |   .0407299   .0258375     1.58   0.115    -.0099106    .0913704
          contig |  -.5825402   .2933796    -1.99   0.047    -1.157554   -.0075268
     comlang_off |   .6995105   .2273295     3.08   0.002     .2539529    1.145068
          colony |   .2917674   .2053101     1.42   0.155     -.110633    .6941677
          comcol |   .0299952    .993798     0.03   0.976    -1.917813    1.977803
           _cons |  -11.40518   1.344383    -8.48   0.000    -14.04012   -8.770239
----------------------------------------------------------------------------------
.         outreg2 using 2_Poisson, append ctitle("Eq. (\ref{gravity1})") ///
>                                                         tex(frag pretty) word label a
> lpha(0.01, 0.05, 0.1) symbol(***, **, *) ///
>                                                          nonotes addnote("All models 
> include $ D_{ij}$ and a constant term. Dummies are added as specified above. Standard
>  errors in parantheses.", "Standard errors are robust and clustered by \textit{distw}
> . *** p<0.01, ** p<0.05, * p<0.1") ///
>                                                          dec(3) keep(`Gravity' `Indep
> endent1') nocon noni
warning: addnote ignored in appended columns
2_Poisson.tex
2_Poisson.rtf
dir : seeout
.                                                          
. ppml `y_ejlog' `Gravity' `Independent1' `Control1'  obsTime_* COU_Tal_* if `y_ejlog'>
> =0, cluster(distw)

note: checking the existence of the estimates
WARNING: ln_GDP has very large values, consider rescaling  or recentering
WARNING: ln_GDP_j has very large values, consider rescaling  or recentering
WARNING: NonHavenCIT_RATE has very large values, consider rescaling  or recentering
WARNING: HavenCIT_RATE has very large values, consider rescaling  or recentering

Number of regressors excluded to ensure that the estimates exist: 0
Number of observations excluded: 0

note: obsTime_4 omitted because of collinearity
note: COU_Tal_27 omitted because of collinearity

note: starting ppml estimation
note: FDIInc_Out_Total has noninteger values

Iteration 1:   deviance =  1.36e+07
Iteration 2:   deviance =   8672648
Iteration 3:   deviance =   7570638
Iteration 4:   deviance =   7413913
Iteration 5:   deviance =   7391510
Iteration 6:   deviance =   7386787
Iteration 7:   deviance =   7386072
Iteration 8:   deviance =   7386029
Iteration 9:   deviance =   7386029
Iteration 10:  deviance =   7386029
Iteration 11:  deviance =   7386029

Number of parameters: 47
Number of observations: 15764
Pseudo log-likelihood: -3709252.2
R-squared: .41220681
Option strict is: off
                                   (Std. Err. adjusted for 4402 clusters in distw)
----------------------------------------------------------------------------------
                 |               Robust
FDIInc_Out_Total |      Coef.   Std. Err.      z    P>|z|     [95% Conf. Interval]
-----------------+----------------------------------------------------------------
          ln_GDP |   .5375298   .2709758     1.98   0.047      .006427    1.068633
        ln_GDP_j |   .6867689   .0423517    16.22   0.000      .603761    .7697768
        ln_distw |  -.6088979   .0855913    -7.11   0.000    -.7766538   -.4411419
           Haven |    .415621   .7653594     0.54   0.587    -1.084456    1.915698
NonHavenCIT_RATE |  -.0076736   .0131525    -0.58   0.560     -.033452    .0181047
   HavenCIT_RATE |   .0324101   .0213027     1.52   0.128    -.0093423    .0741626
          contig |  -.3413551   .2605724    -1.31   0.190    -.8520676    .1693574
     comlang_off |   .6706143   .2483884     2.70   0.007     .1837819    1.157447
          colony |   .3136744   .2131417     1.47   0.141    -.1040756    .7314244
          comcol |      .9604   .9862448     0.97   0.330    -.9726043    2.893404
       obsTime_1 |   .2471136   .1364927     1.81   0.070    -.0204071    .5146343
       obsTime_2 |   .3839571   .1368075     2.81   0.005     .1158193    .6520948
       obsTime_3 |    .336547   .1271471     2.65   0.008     .0873432    .5857507
       obsTime_5 |   .1620287   .1072114     1.51   0.131    -.0481018    .3721591
       obsTime_6 |   .3860052   .1056542     3.65   0.000     .1789267    .5930836
       obsTime_7 |   .3466954   .1043632     3.32   0.001     .1421473    .5512435
       obsTime_8 |   .2787644   .1015778     2.74   0.006     .0796756    .4778531
       obsTime_9 |   .2660287    .101327     2.63   0.009     .0674314    .4646261
      obsTime_10 |   .2549458   .1019852     2.50   0.012     .0550584    .4548332
      obsTime_11 |   .1461653   .1028315     1.42   0.155    -.0553807    .3477113
       COU_Tal_1 |  -1.724609   .7945591    -2.17   0.030    -3.281916   -.1673015
       COU_Tal_2 |  -2.006883   1.039819    -1.93   0.054     -4.04489    .0311243
       COU_Tal_3 |  -2.165765   1.051247    -2.06   0.039    -4.226171    -.105358
       COU_Tal_4 |  -.9088634   .6724676    -1.35   0.177    -2.226876    .4091489
       COU_Tal_5 |   -3.41182   1.310243    -2.60   0.009    -5.979849   -.8437917
       COU_Tal_6 |   -1.31897   .5027409    -2.62   0.009    -2.304324   -.3336159
       COU_Tal_7 |  -1.792371    1.08306    -1.65   0.098     -3.91513     .330388
       COU_Tal_8 |  -1.389284   .7894828    -1.76   0.078    -2.936642    .1580737
       COU_Tal_9 |  -3.271772   1.827688    -1.79   0.073    -6.853975    .3104301
      COU_Tal_10 |  -1.318642   .5482102    -2.41   0.016    -2.393114   -.2441698
      COU_Tal_11 |  -1.046252   .5323043    -1.97   0.049    -2.089549   -.0029548
      COU_Tal_12 |  -3.062051   1.228447    -2.49   0.013    -5.469762   -.6543399
      COU_Tal_13 |  -1.798894   1.359268    -1.32   0.186    -4.463011    .8652222
      COU_Tal_14 |  -1.798233    1.38051    -1.30   0.193    -4.503983    .9075161
      COU_Tal_15 |  -3.830532   1.898886    -2.02   0.044    -7.552279   -.1087844
      COU_Tal_16 |  -2.193603   .6913442    -3.17   0.002    -3.548613   -.8385933
      COU_Tal_17 |  -.5357739   .5019202    -1.07   0.286    -1.519519    .4479716
      COU_Tal_18 |  -2.239695   .7797849    -2.87   0.004    -3.768045   -.7113442
      COU_Tal_19 |  -5.025344   1.773009    -2.83   0.005    -8.500379    -1.55031
      COU_Tal_20 |    .355988   .8589199     0.41   0.679    -1.327464     2.03944
      COU_Tal_21 |  -1.720748   1.020392    -1.69   0.092     -3.72068    .2791835
      COU_Tal_22 |   -3.07737    1.28592    -2.39   0.017    -5.597727    -.557013
      COU_Tal_23 |  -3.753349   1.035276    -3.63   0.000    -5.782453   -1.724244
      COU_Tal_24 |  -5.463551   1.468665    -3.72   0.000     -8.34208   -2.585021
      COU_Tal_25 |  -5.271555   1.596563    -3.30   0.001    -8.400761    -2.14235
      COU_Tal_26 |  -1.117928   .9534985    -1.17   0.241     -2.98675    .7508951
           _cons |  -4.445521   4.569904    -0.97   0.331    -13.40237    4.511327
----------------------------------------------------------------------------------
.         outreg2 using 2_Poisson, append ctitle("$+\delta_t+\zeta_i$") ///
>                                                         tex(frag pretty) word label a
> lpha(0.01, 0.05, 0.1) symbol(***, **, *) ///
>                                                          nonotes addnote("All models 
> include $ D_{ij}$ and a constant term. Dummies are added as specified above. Standard
>  errors in parantheses.", "Standard errors are robust and clustered by \textit{distw}
> . *** p<0.01, ** p<0.05, * p<0.1") ///
>                                                          dec(3) keep(`Gravity' `Indep
> endent1') nocon
warning: addnote ignored in appended columns
2_Poisson.tex
2_Poisson.rtf
dir : seeout
. 
. *quietly ppml `y_ejlog' `Gravity' `Independent1' `Control1'  obsTime_* Pair_Tal_* if 
> `y_ejlog'>=0
. xtpoisson `y_ejlog' `Gravity' `Independent1' `Control1' b2015.obsTime  if `y_ejlog'>=
> 0, fe vce(robust)
note: you are responsible for interpretation of non-count dep. variable
note: 548 groups (548 obs) dropped because of only one obs per group
note: 2285 groups (8889 obs) dropped because of all zero outcomes
note: ln_distw dropped because it is constant within group
note: Haven dropped because it is constant within group
note: contig dropped because it is constant within group
note: comlang_off dropped because it is constant within group
note: colony dropped because it is constant within group
note: comcol dropped because it is constant within group

Iteration 0:   log pseudolikelihood = -274878.74  
Iteration 1:   log pseudolikelihood = -235478.33  
Iteration 2:   log pseudolikelihood = -235298.46  
Iteration 3:   log pseudolikelihood = -235298.46  

Conditional fixed-effects Poisson regression    Number of obs      =      6327
Group variable: Pair_Tal                        Number of groups   =      1614

                                                Obs per group: min =         2
                                                               avg =       3.9
                                                               max =        11

                                                Wald chi2(14)      =    161.02
Log pseudolikelihood  = -235298.46              Prob > chi2        =    0.0000

                                   (Std. Err. adjusted for clustering on Pair_Tal)
----------------------------------------------------------------------------------
                 |               Robust
FDIInc_Out_Total |      Coef.   Std. Err.      z    P>|z|     [95% Conf. Interval]
-----------------+----------------------------------------------------------------
          ln_GDP |    .443979   .2348327     1.89   0.059    -.0162846    .9042426
        ln_GDP_j |   .9242318   .1625825     5.68   0.000     .6055759    1.242888
NonHavenCIT_RATE |   .0008746   .0095661     0.09   0.927    -.0178746    .0196239
   HavenCIT_RATE |   .0052307   .0080361     0.65   0.515    -.0105197    .0209811
                 |
         obsTime |
           2005  |   .1385831   .1278725     1.08   0.278    -.1120424    .3892086
           2006  |   .2533976   .0972675     2.61   0.009     .0627569    .4440384
           2007  |   .1845295    .082855     2.23   0.026     .0221368    .3469222
           2008  |  -.1536737   .1093225    -1.41   0.160    -.3679418    .0605943
           2009  |  -.0013739   .1040497    -0.01   0.989    -.2053076    .2025598
           2010  |   .1967618   .0879161     2.24   0.025     .0244494    .3690742
           2011  |   .1494441   .0483592     3.09   0.002     .0546618    .2442265
           2012  |   .0937815   .0370896     2.53   0.011     .0210873    .1664757
           2013  |   .0706207   .0303266     2.33   0.020     .0111816    .1300597
           2014  |   .0543009   .0293375     1.85   0.064    -.0031996    .1118014
----------------------------------------------------------------------------------
.         outreg2 using 2_Poisson, append ctitle("FE") ///
>                                                         tex(frag pretty) word label a
> lpha(0.01, 0.05, 0.1) symbol(***, **, *) ///
>                                                          nonotes addnote("All models 
> include $ D_{ij}$ and a constant term. Dummies are added as specified above. Standard
>  errors in parantheses.", "Standard errors are robust and clustered by \textit{distw}
> . *** p<0.01, ** p<0.05, * p<0.1") ///
>                                                          dec(3) keep(`Gravity' `Indep
> endent1') nocon    noni                     
warning: addnote ignored in appended columns
2_Poisson.tex
2_Poisson.rtf
dir : seeout
.                                                  
. drop COU_Tal_*
. drop Pair_Tal_*
. drop obsTime_*
. 
. 
. }                                                

. 
. 
.                                                  
. 
.                                          
. *************************************************************************************
> *******************
. * REGRESSION TABLE THREE.       INVERSE HYPERBOLIC SINE TRANSFORMATION
. *************************************************************************************
> *******************
. {
. *replace  FDIInc_Out_Total=0 if FDIInc_Out_Total==.
. *drop IHS_FDI
. *gen IHS_FDI = log(FDIInc_Out_Total +(FDIInc_Out_Total^2+1)^(1/2))
. 
. 
. * OLS
. regress `y' `Gravity' `Independent1' `Control1', robust cluster(distw)

Linear regression                                      Number of obs =    5850
                                                       F( 10,  1845) =  251.31
                                                       Prob > F      =  0.0000
                                                       R-squared     =  0.5400
                                                       Root MSE      =   2.124

                                   (Std. Err. adjusted for 1846 clusters in distw)
----------------------------------------------------------------------------------
                 |               Robust
ln_FDIInc_Out_~l |      Coef.   Std. Err.      t    P>|t|     [95% Conf. Interval]
-----------------+----------------------------------------------------------------
          ln_GDP |   .9759166   .0358148    27.25   0.000     .9056748    1.046158
        ln_GDP_j |   .8372994   .0243648    34.37   0.000     .7895139    .8850849
        ln_distw |  -.7922465   .0540732   -14.65   0.000    -.8982977   -.6861954
           Haven |   2.597725   .6185182     4.20   0.000     1.384656    3.810794
NonHavenCIT_RATE |   .0331139     .00781     4.24   0.000     .0177966    .0484312
   HavenCIT_RATE |   .0030721    .022885     0.13   0.893     -.041811    .0479553
          contig |   .2116739   .2015828     1.05   0.294    -.1836804    .6070282
     comlang_off |   .7887353   .1927667     4.09   0.000     .4106715    1.166799
          colony |   1.236134   .1989677     6.21   0.000     .8459085     1.62636
          comcol |   2.587341    .625537     4.14   0.000     1.360506    3.814175
           _cons |  -14.66591   .6674186   -21.97   0.000    -15.97488   -13.35693
----------------------------------------------------------------------------------
.         test NonHavenCIT_RATE = HavenCIT_RATE

 ( 1)  NonHavenCIT_RATE - HavenCIT_RATE = 0

       F(  1,  1845) =    1.57
            Prob > F =    0.2111
.                 scalar p1 = r(p)
.         outreg2 using 3_IHS, replace ctitle("Eq. (\ref{gravity1})") ///
>                                                         tex(frag pretty) word label a
> lpha(0.01, 0.05, 0.1) symbol(***, **, *) ///
>                                                         nonotes addnote("Dummies are 
> added as specified above. FE drops $\zeta_i+\eta_j$. Standard errors in parantheses."
> , "Standard errors are robust and clustered by distance. *** p<0.01, ** p<0.05, * p<0
> .1") ///
>                                                         addstat("$\gamma_2=\gamma_3 $
>  (p-value)", p1)  ///
>                                                          dec(3) keep(`Gravity' `Indep
> endent1') nocon
3_IHS.tex
3_IHS.rtf
dir : seeout
. 
. areg `y' `Gravity' `Independent1' `Control1' b2015.obsTime, absorb(COU_Tal) vce(clust
> er distw)

Linear regression, absorbing indicators           Number of obs   =       5850
                                                  F(  20,   1845) =      97.92
                                                  Prob > F        =     0.0000
                                                  R-squared       =     0.6376
                                                  Adj R-squared   =     0.6347
                                                  Root MSE        =     1.8913

                                   (Std. Err. adjusted for 1846 clusters in distw)
----------------------------------------------------------------------------------
                 |               Robust
ln_FDIInc_Out_~l |      Coef.   Std. Err.      t    P>|t|     [95% Conf. Interval]
-----------------+----------------------------------------------------------------
          ln_GDP |   1.434993    .407583     3.52   0.000     .6356206    2.234366
        ln_GDP_j |   .8196957   .0239761    34.19   0.000     .7726725    .8667189
        ln_distw |   -.840198   .0503284   -16.69   0.000    -.9389046   -.7414915
           Haven |   2.567766   .6090022     4.22   0.000      1.37336    3.762172
NonHavenCIT_RATE |    .059639   .0131689     4.53   0.000     .0338114    .0854666
   HavenCIT_RATE |   .0304382   .0233624     1.30   0.193    -.0153813    .0762578
          contig |   .3769516   .2011207     1.87   0.061    -.0174965    .7713997
     comlang_off |   .6707681   .1905672     3.52   0.000     .2970181    1.044518
          colony |   .9680123   .1711203     5.66   0.000     .6324024    1.303622
          comcol |   3.156827   .7536892     4.19   0.000     1.678653       4.635
                 |
         obsTime |
           2005  |   .3454323   .1486599     2.32   0.020     .0538729    .6369916
           2006  |   .3781165   .1267237     2.98   0.003     .1295795    .6266535
           2007  |   .2938167   .1218879     2.41   0.016     .0547639    .5328695
           2008  |   .3817836   .1205187     3.17   0.002     .1454162    .6181511
           2009  |    .543375   .1182123     4.60   0.000     .3115311    .7752189
           2010  |   .6028587   .1140798     5.28   0.000     .3791195    .8265978
           2011  |   .3094654   .0837205     3.70   0.000     .1452686    .4736623
           2012  |   .1675935   .0761876     2.20   0.028     .0181706    .3170165
           2013  |  -.1010361   .0655609    -1.54   0.123    -.2296174    .0275452
           2014  |   .0351899   .0666853     0.53   0.598    -.0955967    .1659764
                 |
           _cons |   -21.1831   5.773481    -3.67   0.000    -32.50634   -9.859855
-----------------+----------------------------------------------------------------
         COU_Tal |   absorbed                                      (27 categories)
.         test NonHavenCIT_RATE = HavenCIT_RATE

 ( 1)  NonHavenCIT_RATE - HavenCIT_RATE = 0

       F(  1,  1845) =    1.52
            Prob > F =    0.2172
.                 scalar p1 = r(p)
.         outreg2 using 3_IHS, append ctitle("$+\delta_t+\zeta_i$") ///
>                                                         tex(frag pretty) word label a
> lpha(0.01, 0.05, 0.1) symbol(***, **, *) ///
>                                                         nonotes addnote("Dummies are 
> added as specified above. FE drops $\zeta_i+\eta_j$. Standard errors in parantheses."
> , "Standard errors are robust and clustered by distance. *** p<0.01, ** p<0.05, * p<0
> .1") ///
>                                                         addstat("$\gamma_2=\gamma_3 $
>  (p-value)", p1)  ///
>                                                          dec(3) keep(`Gravity' `Indep
> endent1') nocon
warning: addnote ignored in appended columns
3_IHS.tex
3_IHS.rtf
dir : seeout
. 
.                                                          
. areg `y' `Gravity' `Independent1' `Control1' b2015.obsTime, absorb(Pair_Tal) vce(clus
> ter distw) 
note: ln_distw omitted because of collinearity
note: Haven omitted because of collinearity
note: contig omitted because of collinearity
note: comlang_off omitted because of collinearity
note: colony omitted because of collinearity
note: comcol omitted because of collinearity

Linear regression, absorbing indicators           Number of obs   =       5850
                                                  F(  14,   1845) =       5.98
                                                  Prob > F        =     0.0000
                                                  R-squared       =     0.9490
                                                  Adj R-squared   =     0.9250
                                                  Root MSE        =     0.8568

                                   (Std. Err. adjusted for 1846 clusters in distw)
----------------------------------------------------------------------------------
                 |               Robust
ln_FDIInc_Out_~l |      Coef.   Std. Err.      t    P>|t|     [95% Conf. Interval]
-----------------+----------------------------------------------------------------
          ln_GDP |   .5667421   .3104251     1.83   0.068    -.0420793    1.175564
        ln_GDP_j |   .1798574   .2580798     0.70   0.486    -.3263018    .6860166
        ln_distw |          0  (omitted)
           Haven |          0  (omitted)
NonHavenCIT_RATE |   .0232258   .0131579     1.77   0.078    -.0025802    .0490317
   HavenCIT_RATE |   .0010375   .0279172     0.04   0.970    -.0537151    .0557901
          contig |          0  (omitted)
     comlang_off |          0  (omitted)
          colony |          0  (omitted)
          comcol |          0  (omitted)
                 |
         obsTime |
           2005  |  -.1153189   .1808764    -0.64   0.524    -.4700628     .239425
           2006  |   .0843803   .1563362     0.54   0.589    -.2222342    .3909947
           2007  |    .278579   .1270421     2.19   0.028     .0294177    .5277404
           2008  |   .2160965   .1170895     1.85   0.065    -.0135453    .4457383
           2009  |   .2538148   .1042071     2.44   0.015     .0494386     .458191
           2010  |   .4200603   .0907549     4.63   0.000     .2420671    .5980534
           2011  |   .3200905   .0720354     4.44   0.000      .178811      .46137
           2012  |   .2035349     .06607     3.08   0.002     .0739551    .3331146
           2013  |   .0295554   .0544368     0.54   0.587    -.0772088    .1363197
           2014  |    .127586   .0550346     2.32   0.021     .0196493    .2355226
                 |
           _cons |   -6.99299   4.958857    -1.41   0.159    -16.71855    2.732571
-----------------+----------------------------------------------------------------
        Pair_Tal |   absorbed                                    (1861 categories)
.         test NonHavenCIT_RATE = HavenCIT_RATE

 ( 1)  NonHavenCIT_RATE - HavenCIT_RATE = 0

       F(  1,  1845) =    0.62
            Prob > F =    0.4295
.                 scalar p1 = r(p)
.         outreg2 using 3_IHS, append ctitle("FE") ///
>                                                         tex(frag pretty) word label a
> lpha(0.01, 0.05, 0.1) symbol(***, **, *) ///
>                                                         nonotes addnote("Dummies are 
> added as specified above. FE drops $\zeta_i+\eta_j$. Standard errors in parantheses."
> , "Standard errors are robust and clustered by distance. *** p<0.01, ** p<0.05, * p<0
> .1") ///
>                                                         addstat("$\gamma_2=\gamma_3 $
>  (p-value)", p1)  ///
>                                                          dec(3) keep(`Gravity' `Indep
> endent1') nocon
warning: addnote ignored in appended columns
3_IHS.tex
3_IHS.rtf
dir : seeout
. 
.                                                          
. *IHS >0 
. regress IHS_FDI `Gravity' `Independent1' `Control1' if FDIInc_Out_Total>0, robust clu
> ster(distw)

Linear regression                                      Number of obs =    5850
                                                       F( 10,  1845) =  274.64
                                                       Prob > F      =  0.0000
                                                       R-squared     =  0.5677
                                                       Root MSE      =  1.8426

                                   (Std. Err. adjusted for 1846 clusters in distw)
----------------------------------------------------------------------------------
                 |               Robust
         IHS_FDI |      Coef.   Std. Err.      t    P>|t|     [95% Conf. Interval]
-----------------+----------------------------------------------------------------
          ln_GDP |   .8781182   .0318273    27.59   0.000     .8156969    .9405395
        ln_GDP_j |   .7760211   .0219272    35.39   0.000     .7330163    .8190259
        ln_distw |  -.7000331    .050205   -13.94   0.000    -.7984978   -.6015685
           Haven |    2.36335    .578973     4.08   0.000     1.227838    3.498861
NonHavenCIT_RATE |   .0297266   .0073669     4.04   0.000     .0152783    .0441749
   HavenCIT_RATE |    .005357   .0215949     0.25   0.804     -.036996      .04771
          contig |   .3082655   .1940783     1.59   0.112    -.0723707    .6889017
     comlang_off |   .7249918   .1858845     3.90   0.000     .3604256    1.089558
          colony |   1.128958   .1939348     5.82   0.000     .7486029    1.509312
          comcol |   2.148734   .5883522     3.65   0.000     .9948282    3.302641
           _cons |  -12.35748   .6056071   -20.41   0.000    -13.54523   -11.16973
----------------------------------------------------------------------------------
.         test NonHavenCIT_RATE = HavenCIT_RATE

 ( 1)  NonHavenCIT_RATE - HavenCIT_RATE = 0

       F(  1,  1845) =    1.15
            Prob > F =    0.2836
.                 scalar p1 = r(p)
.         outreg2 using 3_IHS, append ctitle("Eq. (\ref{gravity1})") ///
>                                                         tex(frag pretty) word label a
> lpha(0.01, 0.05, 0.1) symbol(***, **, *) ///
>                                                         nonotes addnote("Dummies are 
> added as specified above. FE drops $\zeta_i+\eta_j$. Standard errors in parantheses."
> , "Standard errors are robust and clustered by distance. *** p<0.01, ** p<0.05, * p<0
> .1") ///
>                                                         addstat("$\gamma_2=\gamma_3 $
>  (p-value)", p1)  ///
>                                                          dec(3) keep(`Gravity' `Indep
> endent1') nocon
warning: addnote ignored in appended columns
3_IHS.tex
3_IHS.rtf
dir : seeout
. 
. 
. areg IHS_FDI `Gravity' `Independent1' `Control1' b2015.obsTime if FDIInc_Out_Total>0,
>  absorb(COU_Tal) vce(cluster distw)

Linear regression, absorbing indicators           Number of obs   =       5850
                                                  F(  20,   1845) =     101.60
                                                  Prob > F        =     0.0000
                                                  R-squared       =     0.6559
                                                  Adj R-squared   =     0.6531
                                                  Root MSE        =     1.6491

                                   (Std. Err. adjusted for 1846 clusters in distw)
----------------------------------------------------------------------------------
                 |               Robust
         IHS_FDI |      Coef.   Std. Err.      t    P>|t|     [95% Conf. Interval]
-----------------+----------------------------------------------------------------
          ln_GDP |   1.019444   .3665851     2.78   0.005     .3004788    1.738409
        ln_GDP_j |    .758758   .0219975    34.49   0.000     .7156153    .8019006
        ln_distw |  -.7365905    .046514   -15.84   0.000    -.8278161    -.645365
           Haven |   2.342741   .5705445     4.11   0.000      1.22376    3.461721
NonHavenCIT_RATE |   .0426441   .0122877     3.47   0.001     .0185448    .0667434
   HavenCIT_RATE |   .0182132   .0220264     0.83   0.408     -.024986    .0614124
          contig |   .4434805   .1895492     2.34   0.019     .0717271    .8152339
     comlang_off |   .6601007   .1881131     3.51   0.000     .2911637    1.029038
          colony |   .8685532   .1688803     5.14   0.000     .5373366     1.19977
          comcol |   2.685299   .6765728     3.97   0.000      1.35837    4.012228
                 |
         obsTime |
           2005  |   .2065282   .1400017     1.48   0.140    -.0680503    .4811067
           2006  |    .259078   .1186055     2.18   0.029      .026463    .4916931
           2007  |   .2329275   .1154865     2.02   0.044     .0064295    .4594255
           2008  |   .2281712   .1074467     2.12   0.034     .0174413     .438901
           2009  |   .3335969   .1051585     3.17   0.002     .1273546    .5398391
           2010  |   .4034429   .1002146     4.03   0.000     .2068969    .5999888
           2011  |    .227161   .0734093     3.09   0.002     .0831869     .371135
           2012  |   .1582085    .062701     2.52   0.012     .0352361     .281181
           2013  |  -.0851801   .0552495    -1.54   0.123    -.1935382     .023178
           2014  |   .0500109   .0573087     0.87   0.383    -.0623858    .1624076
                 |
           _cons |  -14.19124   5.182609    -2.74   0.006    -24.35564   -4.026849
-----------------+----------------------------------------------------------------
         COU_Tal |   absorbed                                      (27 categories)
.         test NonHavenCIT_RATE = HavenCIT_RATE

 ( 1)  NonHavenCIT_RATE - HavenCIT_RATE = 0

       F(  1,  1845) =    1.18
            Prob > F =    0.2768
.                 scalar p1 = r(p)
.         outreg2 using 3_IHS, append ctitle("$+\delta_t+\zeta_i$") ///
>                                                         tex(frag pretty) word label a
> lpha(0.01, 0.05, 0.1) symbol(***, **, *) ///
>                                                         nonotes addnote("Dummies are 
> added as specified above. FE drops $\zeta_i+\eta_j$. Standard errors in parantheses."
> , "Standard errors are robust and clustered by distance. *** p<0.01, ** p<0.05, * p<0
> .1") ///
>                                                         addstat("$\gamma_2=\gamma_3 $
>  (p-value)", p1)  ///
>                                                          dec(3) keep(`Gravity' `Indep
> endent1') nocon
warning: addnote ignored in appended columns
3_IHS.tex
3_IHS.rtf
dir : seeout
. 
.                                                          
. areg IHS_FDI `Gravity' `Independent1' `Control1' b2015.obsTime if FDIInc_Out_Total>0,
>  absorb(Pair_Tal) vce(cluster distw) 
note: ln_distw omitted because of collinearity
note: Haven omitted because of collinearity
note: contig omitted because of collinearity
note: comlang_off omitted because of collinearity
note: colony omitted because of collinearity
note: comcol omitted because of collinearity

Linear regression, absorbing indicators           Number of obs   =       5850
                                                  F(  14,   1845) =       6.16
                                                  Prob > F        =     0.0000
                                                  R-squared       =     0.9576
                                                  Adj R-squared   =     0.9376
                                                  Root MSE        =     0.6994

                                   (Std. Err. adjusted for 1846 clusters in distw)
----------------------------------------------------------------------------------
                 |               Robust
         IHS_FDI |      Coef.   Std. Err.      t    P>|t|     [95% Conf. Interval]
-----------------+----------------------------------------------------------------
          ln_GDP |   .3539314   .2604479     1.36   0.174    -.1568723     .864735
        ln_GDP_j |   .3354992   .2237284     1.50   0.134    -.1032883    .7742867
        ln_distw |          0  (omitted)
           Haven |          0  (omitted)
NonHavenCIT_RATE |   .0187623   .0124098     1.51   0.131    -.0055765     .043101
   HavenCIT_RATE |  -.0069347   .0256964    -0.27   0.787    -.0573318    .0434623
          contig |          0  (omitted)
     comlang_off |          0  (omitted)
          colony |          0  (omitted)
          comcol |          0  (omitted)
                 |
         obsTime |
           2005  |  -.1274818   .1714108    -0.74   0.457    -.4636613    .2086977
           2006  |   .0585465   .1496965     0.39   0.696    -.2350459    .3521388
           2007  |   .2220669   .1197662     1.85   0.064    -.0128246    .4569584
           2008  |   .1176251   .1012136     1.16   0.245    -.0808802    .3161304
           2009  |   .1621837   .0947299     1.71   0.087    -.0236054    .3479729
           2010  |   .3213639   .0798814     4.02   0.000     .1646964    .4780315
           2011  |   .2559679    .058542     4.37   0.000     .1411524    .3707834
           2012  |   .1656207   .0522377     3.17   0.002     .0631695    .2680719
           2013  |   .0116507   .0441701     0.26   0.792     -.074978    .0982795
           2014  |   .1009481   .0463389     2.18   0.029     .0100659    .1918304
                 |
           _cons |  -4.825186   4.328023    -1.11   0.265    -13.31352    3.663152
-----------------+----------------------------------------------------------------
        Pair_Tal |   absorbed                                    (1861 categories)
.         test NonHavenCIT_RATE = HavenCIT_RATE

 ( 1)  NonHavenCIT_RATE - HavenCIT_RATE = 0

       F(  1,  1845) =    1.00
            Prob > F =    0.3177
.                 scalar p1 = r(p)
.         outreg2 using 3_IHS, append ctitle("FE") ///
>                                                         tex(frag pretty) word label a
> lpha(0.01, 0.05, 0.1) symbol(***, **, *) ///
>                                                         nonotes addnote("Dummies are 
> added as specified above. FE drops $\zeta_i+\eta_j$. Standard errors in parantheses."
> , "Standard errors are robust and clustered by distance. *** p<0.01, ** p<0.05, * p<0
> .1") ///
>                                                         addstat("$\gamma_2=\gamma_3 $
>  (p-value)", p1)  ///
>                                                          dec(3) keep(`Gravity' `Indep
> endent1') nocon
warning: addnote ignored in appended columns
3_IHS.tex
3_IHS.rtf
dir : seeout
.                          
. 
. *IHS 
. regress IHS_FDI `Gravity' `Independent1' `Control1', robust cluster(distw)

Linear regression                                      Number of obs =   17108
                                                       F( 10,  4536) =  142.37
                                                       Prob > F      =  0.0000
                                                       R-squared     =  0.3451
                                                       Root MSE      =   2.378

                                   (Std. Err. adjusted for 4537 clusters in distw)
----------------------------------------------------------------------------------
                 |               Robust
         IHS_FDI |      Coef.   Std. Err.      t    P>|t|     [95% Conf. Interval]
-----------------+----------------------------------------------------------------
          ln_GDP |   .4960762   .0238396    20.81   0.000     .4493389    .5428135
        ln_GDP_j |   .4615538   .0176382    26.17   0.000     .4269743    .4961333
        ln_distw |   -.342886   .0567733    -6.04   0.000    -.4541892   -.2315827
           Haven |   1.472625   .3421125     4.30   0.000     .8019176    2.143332
NonHavenCIT_RATE |   .0194773   .0082029     2.37   0.018     .0033956    .0355591
   HavenCIT_RATE |  -.0071824   .0135237    -0.53   0.595    -.0336955    .0193307
          contig |   1.956519   .3923551     4.99   0.000     1.187312    2.725726
     comlang_off |   .4599483   .1566075     2.94   0.003     .1529213    .7669752
          colony |   1.244097     .28552     4.36   0.000     .6843388    1.803855
          comcol |   .9927406   .3523844     2.82   0.005     .3018955    1.683586
           _cons |  -7.586736   .6366117   -11.92   0.000    -8.834805   -6.338667
----------------------------------------------------------------------------------
.         test NonHavenCIT_RATE = HavenCIT_RATE

 ( 1)  NonHavenCIT_RATE - HavenCIT_RATE = 0

       F(  1,  4536) =    3.07
            Prob > F =    0.0796
.                 scalar p1 = r(p)
.         outreg2 using 3_IHS, append ctitle("Eq. (\ref{gravity1})") ///
>                                                         tex(frag pretty) word label a
> lpha(0.01, 0.05, 0.1) symbol(***, **, *) ///
>                                                         nonotes addnote("Dummies are 
> added as specified above. FE drops $\zeta_i+\eta_j$. Standard errors in parantheses."
> , "Standard errors are robust and clustered by distance. *** p<0.01, ** p<0.05, * p<0
> .1") ///
>                                                         addstat("$\gamma_2=\gamma_3 $
>  (p-value)", p1)  ///
>                                                          dec(3) keep(`Gravity' `Indep
> endent1') nocon
warning: addnote ignored in appended columns
3_IHS.tex
3_IHS.rtf
dir : seeout
. 
. 
. areg IHS_FDI `Gravity' `Independent1' `Control1' b2015.obsTime, absorb(COU_Tal) vce(c
> luster distw)

Linear regression, absorbing indicators           Number of obs   =      17108
                                                  F(  20,   4536) =      58.19
                                                  Prob > F        =     0.0000
                                                  R-squared       =     0.4007
                                                  Adj R-squared   =     0.3991
                                                  Root MSE        =     2.2772

                                   (Std. Err. adjusted for 4537 clusters in distw)
----------------------------------------------------------------------------------
                 |               Robust
         IHS_FDI |      Coef.   Std. Err.      t    P>|t|     [95% Conf. Interval]
-----------------+----------------------------------------------------------------
          ln_GDP |  -.6803531   .2207569    -3.08   0.002    -1.113144   -.2475621
        ln_GDP_j |   .4522981   .0175679    25.75   0.000     .4178565    .4867397
        ln_distw |  -.2849954    .055819    -5.11   0.000    -.3944278   -.1755629
           Haven |   1.451579   .3422934     4.24   0.000     .7805177    2.122641
NonHavenCIT_RATE |   .1046676     .01836     5.70   0.000      .068673    .1406622
   HavenCIT_RATE |   .0768547   .0203936     3.77   0.000     .0368734     .116836
          contig |   2.069504   .3700965     5.59   0.000     1.343935    2.795074
     comlang_off |   .7746706   .1786977     4.34   0.000      .424336    1.125005
          colony |   .5084122   .2944708     1.73   0.084     -.068894    1.085718
          comcol |   .7056294   .3609847     1.95   0.051    -.0020764    1.413335
                 |
         obsTime |
           2005  |  -.8609537   .2059953    -4.18   0.000    -1.264805   -.4571026
           2006  |  -.7731374    .204412    -3.78   0.000    -1.173884   -.3723903
           2007  |  -.5542476   .1952042    -2.84   0.005     -.936943   -.1715523
           2008  |  -.4514518   .1882878    -2.40   0.017    -.8205876    -.082316
           2009  |  -.1163633   .0915721    -1.27   0.204    -.2958893    .0631627
           2010  |   .0206028   .0829752     0.25   0.804     -.142069    .1832747
           2011  |   .0104761   .0650849     0.16   0.872     -.117122    .1380741
           2012  |    .110764   .0530036     2.09   0.037     .0068512    .2146768
           2013  |    .038725   .0388935     1.00   0.319    -.0375252    .1149751
           2014  |   .1512173   .0404104     3.74   0.000     .0719933    .2304414
                 |
           _cons |   5.350391   2.791674     1.92   0.055    -.1226502    10.82343
-----------------+----------------------------------------------------------------
         COU_Tal |   absorbed                                      (27 categories)
.         test NonHavenCIT_RATE = HavenCIT_RATE

 ( 1)  NonHavenCIT_RATE - HavenCIT_RATE = 0

       F(  1,  4536) =    3.36
            Prob > F =    0.0668
.                 scalar p1 = r(p)
.         outreg2 using 3_IHS, append ctitle("$+\delta_t+\zeta_i$") ///
>                                                         tex(frag pretty) word label a
> lpha(0.01, 0.05, 0.1) symbol(***, **, *) ///
>                                                         nonotes addnote("Dummies are 
> added as specified above. FE drops $\zeta_i+\eta_j$. Standard errors in parantheses."
> , "Standard errors are robust and clustered by distance. *** p<0.01, ** p<0.05, * p<0
> .1") ///
>                                                         addstat("$\gamma_2=\gamma_3 $
>  (p-value)", p1)  ///
>                                                          dec(3) keep(`Gravity' `Indep
> endent1') nocon
warning: addnote ignored in appended columns
3_IHS.tex
3_IHS.rtf
dir : seeout
. 
.                                                          
. eststo check: areg IHS_FDI `Gravity' `Independent1' `Control1' b2015.obsTime, absorb(
> Pair_Tal) vce(cluster distw) 
note: ln_distw omitted because of collinearity
note: Haven omitted because of collinearity
note: contig omitted because of collinearity
note: comlang_off omitted because of collinearity
note: colony omitted because of collinearity
note: comcol omitted because of collinearity

Linear regression, absorbing indicators           Number of obs   =      17108
                                                  F(  14,   4536) =       2.25
                                                  Prob > F        =     0.0048
                                                  R-squared       =     0.8219
                                                  Adj R-squared   =     0.7565
                                                  Root MSE        =     1.4494

                                   (Std. Err. adjusted for 4537 clusters in distw)
----------------------------------------------------------------------------------
                 |               Robust
         IHS_FDI |      Coef.   Std. Err.      t    P>|t|     [95% Conf. Interval]
-----------------+----------------------------------------------------------------
          ln_GDP |  -.2585048   .2282802    -1.13   0.258    -.7060451    .1890356
        ln_GDP_j |   .4366829   .2682619     1.63   0.104    -.0892411     .962607
        ln_distw |          0  (omitted)
           Haven |          0  (omitted)
NonHavenCIT_RATE |  -.0043065   .0199778    -0.22   0.829    -.0434728    .0348598
   HavenCIT_RATE |   .0175537   .0256471     0.68   0.494    -.0327271    .0678345
          contig |          0  (omitted)
     comlang_off |          0  (omitted)
          colony |          0  (omitted)
          comcol |          0  (omitted)
                 |
         obsTime |
           2005  |   .3021166   .2754811     1.10   0.273    -.2379606    .8421937
           2006  |   .3854641    .256811     1.50   0.133    -.1180106    .8889387
           2007  |   .5194057   .2335933     2.22   0.026      .061449    .9773623
           2008  |  -.1241154   .2374642    -0.52   0.601    -.5896609    .3414302
           2009  |   .1876635   .1318348     1.42   0.155    -.0707969    .4461239
           2010  |   .1489353    .101056     1.47   0.141    -.0491837    .3470544
           2011  |   .1552253    .073042     2.13   0.034     .0120275    .2984231
           2012  |   .1149876   .0593771     1.94   0.053    -.0014205    .2313957
           2013  |   .0451067   .0412172     1.09   0.274    -.0356991    .1259124
           2014  |    .103607   .0455524     2.27   0.023     .0143022    .1929118
                 |
           _cons |   .2004266   4.047172     0.05   0.961    -7.734001    8.134854
-----------------+----------------------------------------------------------------
        Pair_Tal |   absorbed                                    (4583 categories)
.         test NonHavenCIT_RATE = HavenCIT_RATE

 ( 1)  NonHavenCIT_RATE - HavenCIT_RATE = 0

       F(  1,  4536) =    0.62
            Prob > F =    0.4310
.                 scalar p1 = r(p)
.         outreg2 using 3_IHS, append ctitle("FE") ///
>                                                         tex(frag pretty) word label a
> lpha(0.01, 0.05, 0.1) symbol(***, **, *) ///
>                                                         nonotes addnote("Dummies are 
> added as specified above. FE drops $\zeta_i+\eta_j$. Standard errors in parantheses."
> , "Standard errors are robust and clustered by distance. *** p<0.01, ** p<0.05, * p<0
> .1") ///
>                                                         addstat("$\gamma_2=\gamma_3 $
>  (p-value)", p1)  ///
>                                                          dec(3) keep(`Gravity' `Indep
> endent1') nocon
warning: addnote ignored in appended columns
3_IHS.tex
3_IHS.rtf
dir : seeout
.                                          
. }

.                                                          
. *************************************************************************************
> *******************
. * REGRESSION TABLE FOUR.        TAX DIFFERENTIAL
. *************************************************************************************
> *******************
. {
. regress `y' `Gravity' `Independent3' `Control1', robust cluster(distw)

Linear regression                                      Number of obs =    5118
                                                       F( 10,  1576) =  200.97
                                                       Prob > F      =  0.0000
                                                       R-squared     =  0.5366
                                                       Root MSE      =  2.0757

                                       (Std. Err. adjusted for 1577 clusters in distw)
--------------------------------------------------------------------------------------
                     |               Robust
 ln_FDIInc_Out_Total |      Coef.   Std. Err.      t    P>|t|     [95% Conf. Interval]
---------------------+----------------------------------------------------------------
              ln_GDP |   1.058649   .0356571    29.69   0.000      .988709     1.12859
            ln_GDP_j |   .8409028   .0302875    27.76   0.000     .7814947     .900311
            ln_distw |  -.7445974   .0565074   -13.18   0.000    -.8554349   -.6337598
               Haven |   1.833004    .206759     8.87   0.000     1.427452    2.238556
NonHavenCIT_differ~e |   .0124827   .0050781     2.46   0.014     .0025222    .0224433
 HavenCIT_difference |   .0012851   .0133727     0.10   0.923    -.0249452    .0275153
              contig |   .2321678   .2060265     1.13   0.260     -.171947    .6362826
         comlang_off |   .8763044   .1955556     4.48   0.000     .4927279    1.259881
              colony |   1.228891   .2034989     6.04   0.000     .8297337    1.628048
              comcol |   2.692062   .6439986     4.18   0.000     1.428878    3.955246
               _cons |  -15.38896   .6820749   -22.56   0.000    -16.72683   -14.05109
--------------------------------------------------------------------------------------
.         test NonHavenCIT_difference=HavenCIT_difference

 ( 1)  NonHavenCIT_difference - HavenCIT_difference = 0

       F(  1,  1576) =    0.61
            Prob > F =    0.4340
.                 scalar p1 = r(p)
.         outreg2 using 4_DCIT, replace ctitle(" ") ///
>                                                         tex(frag pretty) word label a
> lpha(0.01, 0.05, 0.1) symbol(***, **, *) ///
>                                                          nonotes addnote("All models 
> include $ D_{ij}$ and intercept. FE drops $\zeta_i$. S.e. in parantheses.", "S.e. are
>  robust and clustered by distance. *** p<0.01, ** p<0.05, * p<0.1") ///
>                                                          addstat("$\gamma_2=\gamma_3 
> $ (p-value)", p1)  ///
>                                                          dec(3) keep(`Gravity' `Indep
> endent3') nocon            
4_DCIT.tex
4_DCIT.rtf
dir : seeout
. 
.                                                          
. areg `y' `Gravity' `Independent3' `Control1' b2015.obsTime, absorb(COU_Tal) vce(clust
> er distw)

Linear regression, absorbing indicators           Number of obs   =       5118
                                                  F(  20,   1576) =      66.43
                                                  Prob > F        =     0.0000
                                                  R-squared       =     0.6349
                                                  Adj R-squared   =     0.6316
                                                  Root MSE        =     1.8488

                                       (Std. Err. adjusted for 1577 clusters in distw)
--------------------------------------------------------------------------------------
                     |               Robust
 ln_FDIInc_Out_Total |      Coef.   Std. Err.      t    P>|t|     [95% Conf. Interval]
---------------------+----------------------------------------------------------------
              ln_GDP |   1.168722   .3889291     3.00   0.003     .4058494    1.931595
            ln_GDP_j |    .831881   .0309386    26.89   0.000     .7711958    .8925662
            ln_distw |   -.807075   .0530761   -15.21   0.000    -.9111822   -.7029677
               Haven |   1.857138   .1949697     9.53   0.000     1.474711    2.239565
NonHavenCIT_differ~e |    .008151   .0059385     1.37   0.170    -.0034973    .0197992
 HavenCIT_difference |  -.0014977   .0130205    -0.12   0.908     -.027037    .0240416
              contig |   .3466394   .2048002     1.69   0.091    -.0550702     .748349
         comlang_off |   .7694846   .1974398     3.90   0.000     .3822122    1.156757
              colony |   .9771924   .1807957     5.40   0.000      .622567    1.331818
              comcol |    3.25813   .7674498     4.25   0.000       1.7528     4.76346
                     |
             obsTime |
               2005  |   .4484921   .1645226     2.73   0.006     .1257858    .7711984
               2006  |   .5659127   .1366201     4.14   0.000     .2979365    .8338889
               2007  |   .4879719   .1162829     4.20   0.000     .2598865    .7160574
               2008  |    .131014   .1179711     1.11   0.267    -.1003827    .3624107
               2009  |   .3844326   .1158354     3.32   0.001     .1572248    .6116404
               2010  |   .4542065   .1124959     4.04   0.000     .2335491    .6748639
               2011  |   .2894428   .0864556     3.35   0.001     .1198627    .4590229
               2012  |   .1866479   .0778023     2.40   0.017     .0340411    .3392547
               2013  |  -.0268708   .0621131    -0.43   0.665    -.1487039    .0949623
               2014  |   .0521716   .0635582     0.82   0.412     -.072496    .1768391
                     |
               _cons |  -16.39143    5.36806    -3.05   0.002    -26.92072   -5.862141
---------------------+----------------------------------------------------------------
             COU_Tal |   absorbed                                      (27 categories)
.         test NonHavenCIT_difference=HavenCIT_difference

 ( 1)  NonHavenCIT_difference - HavenCIT_difference = 0

       F(  1,  1576) =    0.50
            Prob > F =    0.4781
.                 scalar p1 = r(p)
.         outreg2 using 4_DCIT, append ctitle("$+\delta_t+\zeta_i$") ///
>                                                         tex(frag pretty) word label a
> lpha(0.01, 0.05, 0.1) symbol(***, **, *) ///
>                                                          nonotes addnote("All models 
> include $ D_{ij}$ and intercept. FE drops $\zeta_i$. S.e. in parantheses.", "S.e. are
>  robust and clustered by distance. *** p<0.01, ** p<0.05, * p<0.1") ///
>                                                          addstat("$\gamma_2=\gamma_3 
> $ (p-value)", p1)  ///
>                                                          dec(3) keep(`Gravity' `Indep
> endent3') nocon                                                                      
>        
warning: addnote ignored in appended columns
4_DCIT.tex
4_DCIT.rtf
dir : seeout
. 
. areg `y' `Gravity' `Independent3+' `Control1' b2015.obsTime, absorb(Pair_Tal) vce(clu
> ster distw) 
note: ln_distw omitted because of collinearity
note: Haven omitted because of collinearity
note: contig omitted because of collinearity
note: comlang_off omitted because of collinearity
note: colony omitted because of collinearity
note: comcol omitted because of collinearity

Linear regression, absorbing indicators           Number of obs   =       5118
                                                  F(  14,   1576) =       5.82
                                                  Prob > F        =     0.0000
                                                  R-squared       =     0.9505
                                                  Adj R-squared   =     0.9279
                                                  Root MSE        =     0.8180

                                       (Std. Err. adjusted for 1577 clusters in distw)
--------------------------------------------------------------------------------------
                     |               Robust
 ln_FDIInc_Out_Total |      Coef.   Std. Err.      t    P>|t|     [95% Conf. Interval]
---------------------+----------------------------------------------------------------
              ln_GDP |   .4291496   .3128408     1.37   0.170    -.1844784    1.042778
            ln_GDP_j |   .3846922   .2548743     1.51   0.131    -.1152363    .8846206
            ln_distw |          0  (omitted)
               Haven |          0  (omitted)
NonHavenCIT_differ~e |   .0088436   .0067829     1.30   0.192    -.0044609    .0221481
 HavenCIT_difference |  -.0131063   .0225664    -0.58   0.561    -.0573697    .0311571
              contig |          0  (omitted)
         comlang_off |          0  (omitted)
              colony |          0  (omitted)
              comcol |          0  (omitted)
                     |
             obsTime |
               2005  |  -.0831663   .1865807    -0.45   0.656    -.4491389    .2828063
               2006  |   .1672786   .1534351     1.09   0.276    -.1336798    .4682369
               2007  |   .3271916   .1127923     2.90   0.004     .1059529    .5484302
               2008  |    .100653   .1136153     0.89   0.376    -.1221999     .323506
               2009  |   .1990643   .1017299     1.96   0.051    -.0004758    .3986044
               2010  |   .3196762   .0917553     3.48   0.001     .1397008    .4996516
               2011  |   .2785656   .0751495     3.71   0.000     .1311622    .4259691
               2012  |   .1840569   .0662291     2.78   0.006     .0541505    .3139633
               2013  |   .0650629   .0539722     1.21   0.228     -.040802    .1709278
               2014  |   .1151465   .0550683     2.09   0.037     .0071316    .2231614
                     |
               _cons |  -6.742937    5.05343    -1.33   0.182    -16.65509    3.169215
---------------------+----------------------------------------------------------------
            Pair_Tal |   absorbed                                    (1592 categories)
.         test NonHavenCIT_difference=HavenCIT_difference

 ( 1)  NonHavenCIT_difference - HavenCIT_difference = 0

       F(  1,  1576) =    0.90
            Prob > F =    0.3427
.                 scalar p1 = r(p)
.         outreg2 using 4_DCIT, append ctitle("$+\theta_{ij}$") ///
>                                                         tex(frag pretty) word label a
> lpha(0.01, 0.05, 0.1) symbol(***, **, *) ///
>                                                          nonotes addnote("All models 
> include $ D_{ij}$ and intercept. FE drops $\zeta_i$. S.e. in parantheses.", "S.e. are
>  robust and clustered by distance. *** p<0.01, ** p<0.05, * p<0.1") ///
>                                                          addstat("$\gamma_2=\gamma_3 
> $ (p-value)", p1)  ///
>                                                          dec(3) keep(`Gravity' `Indep
> endent3') nocon    
warning: addnote ignored in appended columns
4_DCIT.tex
4_DCIT.rtf
dir : seeout
. 
. }       

. 
. *************************************************************************************
> *******************
. * REGRESSION TABLE FIVE.        SIZE OF HAVENS
. *************************************************************************************
> *******************
. {
. regress `y' `Gravity' `Independent2' `Control1', robust cluster(distw)

Linear regression                                      Number of obs =    5850
                                                       F( 12,  1845) =  216.04
                                                       Prob > F      =  0.0000
                                                       R-squared     =  0.5418
                                                       Root MSE      =  2.1204

                                      (Std. Err. adjusted for 1846 clusters in distw)
-------------------------------------------------------------------------------------
                    |               Robust
ln_FDIInc_Out_Total |      Coef.   Std. Err.      t    P>|t|     [95% Conf. Interval]
--------------------+----------------------------------------------------------------
             ln_GDP |   .9750139   .0359813    27.10   0.000     .9044456    1.045582
           ln_GDP_j |   .8562668   .0254787    33.61   0.000     .8062967    .9062369
           ln_distw |  -.7960105   .0541673   -14.70   0.000    -.9022461   -.6897749
        Small_Haven |   3.753609   1.006488     3.73   0.000     1.779634    5.727585
        Large_Haven |   1.905403   .7658617     2.49   0.013      .403356    3.407449
   NonHavenCIT_RATE |   .0329205   .0077474     4.25   0.000     .0177258    .0481152
Small_HavenCIT_RATE |  -.0291349   .0413515    -0.70   0.481    -.1102356    .0519658
Large_HavenCIT_RATE |   .0236571   .0275224     0.86   0.390    -.0303212    .0776354
             contig |   .2066365   .2003407     1.03   0.302    -.1862818    .5995549
        comlang_off |   .7943416   .1894575     4.19   0.000      .422768    1.165915
             colony |   1.225471   .1974806     6.21   0.000     .8381616     1.61278
             comcol |   2.602899   .6292559     4.14   0.000      1.36877    3.837027
              _cons |  -14.84727   .6780013   -21.90   0.000      -16.177   -13.51754
-------------------------------------------------------------------------------------
.         test NonHavenCIT_RATE = Small_HavenCIT_RATE

 ( 1)  NonHavenCIT_RATE - Small_HavenCIT_RATE = 0

       F(  1,  1845) =    2.17
            Prob > F =    0.1412
.                 scalar p1 = r(p)
.         test NonHavenCIT_RATE = Large_HavenCIT_RATE

 ( 1)  NonHavenCIT_RATE - Large_HavenCIT_RATE = 0

       F(  1,  1845) =    0.11
            Prob > F =    0.7446
.                 scalar p2 = r(p)
.         outreg2 using 5_Size, replace ctitle("Eq. (\ref{gravitysize})") ///
>                                                         tex(frag pretty) word label a
> lpha(0.01, 0.05, 0.1) symbol(***, **, *) ///
>                                                         nonotes addnote("All models i
> nclude $ D_{ij}$ and intercept. FE drops $\zeta_i$. S.e. in parantheses.", "S.e. are 
> robust and clustered by distance. *** p<0.01, ** p<0.05, * p<0.1") ///
>                                                          addstat("$\gamma_2=\gamma^S_
> 3$ (p-value)", p1,"$\gamma_2=\gamma^L_3 $ (p-value)", p2)  ///
>                                                          dec(3) keep(`Independent2') 
> nocons nor2 noobs                                                                    
>                
5_Size.tex
5_Size.rtf
dir : seeout
.                                                                                      
>                     
. areg `y' `Gravity' `Independent2' `Control1' b2015.obsTime, absorb(COU_Tal) vce(clust
> er distw)

Linear regression, absorbing indicators           Number of obs   =       5850
                                                  F(  22,   1845) =      94.24
                                                  Prob > F        =     0.0000
                                                  R-squared       =     0.6394
                                                  Adj R-squared   =     0.6364
                                                  Root MSE        =     1.8868

                                      (Std. Err. adjusted for 1846 clusters in distw)
-------------------------------------------------------------------------------------
                    |               Robust
ln_FDIInc_Out_Total |      Coef.   Std. Err.      t    P>|t|     [95% Conf. Interval]
--------------------+----------------------------------------------------------------
             ln_GDP |   1.415511   .4066035     3.48   0.001     .6180594    2.212962
           ln_GDP_j |    .843931   .0252268    33.45   0.000     .7944548    .8934071
           ln_distw |  -.8436954   .0503991   -16.74   0.000    -.9425407   -.7448502
        Small_Haven |   3.360578   .9930854     3.38   0.001     1.412888    5.308267
        Large_Haven |   2.066211    .762192     2.71   0.007     .5713612     3.56106
   NonHavenCIT_RATE |   .0592948   .0132088     4.49   0.000     .0333891    .0852006
Small_HavenCIT_RATE |   .0162471   .0406712     0.40   0.690    -.0635193    .0960134
Large_HavenCIT_RATE |   .0421315   .0283834     1.48   0.138    -.0135353    .0977984
             contig |   .3799938   .1991168     1.91   0.056    -.0105241    .7705117
        comlang_off |   .6650294   .1854234     3.59   0.000     .3013676    1.028691
             colony |   .9611795   .1704278     5.64   0.000     .6269278    1.295431
             comcol |   3.143605    .760824     4.13   0.000     1.651438    4.635771
                    |
            obsTime |
              2005  |   .3533763    .147839     2.39   0.017      .063427    .6433257
              2006  |   .3940662   .1262609     3.12   0.002      .146437    .6416955
              2007  |   .3080419   .1216194     2.53   0.011     .0695158     .546568
              2008  |   .3863009   .1186457     3.26   0.001     .1536069    .6189949
              2009  |   .5536646   .1177097     4.70   0.000     .3228065    .7845228
              2010  |   .6013324   .1144162     5.26   0.000     .3769335    .8257313
              2011  |    .310288   .0832722     3.73   0.000     .1469704    .4736056
              2012  |   .1628455   .0761185     2.14   0.033      .013558     .312133
              2013  |  -.1022479   .0653581    -1.56   0.118    -.2304314    .0259357
              2014  |   .0338552   .0663971     0.51   0.610    -.0963661    .1640765
                    |
              _cons |  -21.16785   5.762687    -3.67   0.000    -32.46992   -9.865775
--------------------+----------------------------------------------------------------
            COU_Tal |   absorbed                                      (27 categories)
.         test NonHavenCIT_RATE = Small_HavenCIT_RATE

 ( 1)  NonHavenCIT_RATE - Small_HavenCIT_RATE = 0

       F(  1,  1845) =    1.10
            Prob > F =    0.2934
.                 scalar p1 = r(p)
.         test NonHavenCIT_RATE = Large_HavenCIT_RATE

 ( 1)  NonHavenCIT_RATE - Large_HavenCIT_RATE = 0

       F(  1,  1845) =    0.36
            Prob > F =    0.5483
.                 scalar p2 = r(p)
.         outreg2 using 5_Size, append ctitle("$+\delta_t+\zeta_i$") ///
>                                                         tex(frag pretty) word label a
> lpha(0.01, 0.05, 0.1) symbol(***, **, *) ///
>                                                         nonotes addnote("All models i
> nclude $ D_{ij}$ and intercept. FE drops $\zeta_i$. S.e. in parantheses.", "S.e. are 
> robust and clustered by distance. *** p<0.01, ** p<0.05, * p<0.1") ///
>                                                          addstat("$\gamma_2=\gamma^S_
> 3$ (p-value)", p1,"$\gamma_2=\gamma^L_3 $ (p-value)", p2)  ///
>                                                          dec(3) keep(`Independent2') 
> nocons nor2 noobs                                           
warning: addnote ignored in appended columns
5_Size.tex
5_Size.rtf
dir : seeout
. 
. areg `y' `Gravity' `Independent2' `Control1' b2015.obsTime, absorb(Pair_Tal) vce(clus
> ter distw) 
note: ln_distw omitted because of collinearity
note: Small_Haven omitted because of collinearity
note: Large_Haven omitted because of collinearity
note: contig omitted because of collinearity
note: comlang_off omitted because of collinearity
note: colony omitted because of collinearity
note: comcol omitted because of collinearity

Linear regression, absorbing indicators           Number of obs   =       5850
                                                  F(  15,   1845) =       5.77
                                                  Prob > F        =     0.0000
                                                  R-squared       =     0.9491
                                                  Adj R-squared   =     0.9251
                                                  Root MSE        =     0.8565

                                      (Std. Err. adjusted for 1846 clusters in distw)
-------------------------------------------------------------------------------------
                    |               Robust
ln_FDIInc_Out_Total |      Coef.   Std. Err.      t    P>|t|     [95% Conf. Interval]
--------------------+----------------------------------------------------------------
             ln_GDP |   .5691065   .3101186     1.84   0.067    -.0391138    1.177327
           ln_GDP_j |   .2083244   .2557491     0.81   0.415    -.2932637    .7099125
           ln_distw |          0  (omitted)
        Small_Haven |          0  (omitted)
        Large_Haven |          0  (omitted)
   NonHavenCIT_RATE |   .0228958   .0130202     1.76   0.079    -.0026401    .0484317
Small_HavenCIT_RATE |  -.0311728   .0536658    -0.58   0.561    -.1364248    .0740792
Large_HavenCIT_RATE |   .0212966   .0268572     0.79   0.428    -.0313771    .0739702
             contig |          0  (omitted)
        comlang_off |          0  (omitted)
             colony |          0  (omitted)
             comcol |          0  (omitted)
                    |
            obsTime |
              2005  |  -.0896801   .1753597    -0.51   0.609    -.4336045    .2542442
              2006  |   .1029583    .151435     0.68   0.497    -.1940438    .3999604
              2007  |    .291513   .1246258     2.34   0.019     .0470905    .5359355
              2008  |   .2216978   .1164103     1.90   0.057    -.0066121    .4500076
              2009  |   .2628296   .1040907     2.53   0.012     .0586817    .4669775
              2010  |   .4252817   .0897901     4.74   0.000     .2491807    .6013827
              2011  |    .320888   .0718674     4.46   0.000      .179938     .461838
              2012  |      .2031   .0660915     3.07   0.002      .073478     .332722
              2013  |   .0270555   .0542606     0.50   0.618    -.0793631    .1334741
              2014  |   .1243455   .0548133     2.27   0.023     .0168429    .2318481
                    |
              _cons |  -7.354777   4.918356    -1.50   0.135    -17.00091    2.291351
--------------------+----------------------------------------------------------------
           Pair_Tal |   absorbed                                    (1861 categories)
.         test NonHavenCIT_RATE = Small_HavenCIT_RATE

 ( 1)  NonHavenCIT_RATE - Small_HavenCIT_RATE = 0

       F(  1,  1845) =    1.01
            Prob > F =    0.3139
.                 scalar p1 = r(p)
.         test NonHavenCIT_RATE = Large_HavenCIT_RATE

 ( 1)  NonHavenCIT_RATE - Large_HavenCIT_RATE = 0

       F(  1,  1845) =    0.00
            Prob > F =    0.9527
.                 scalar p2 = r(p)
.         outreg2 using 5_Size, append ctitle("$+\theta_{ij}$ (FE)") ///
>                                                         tex(frag pretty) word label a
> lpha(0.01, 0.05, 0.1) symbol(***, **, *) ///
>                                                         nonotes addnote("All models i
> nclude $ D_{ij}$ and intercept. FE drops $\zeta_i$. S.e. in parantheses.", "S.e. are 
> robust and clustered by distance. *** p<0.01, ** p<0.05, * p<0.1") ///
>                                                          addstat("$\gamma_2=\gamma^S_
> 3$ (p-value)", p1,"$\gamma_2=\gamma^L_3 $ (p-value)", p2)  ///
>                                                          dec(3) keep(`Independent2') 
> nocons nor2 noobs          
warning: addnote ignored in appended columns
5_Size.tex
5_Size.rtf
dir : seeout
. }

.                                                          
. *************************************************************************************
> *******************
. * REGRESSION TABLE SIX.         TYPES OF FDI INCOME 
. *************************************************************************************
> *******************
. {
. cap erase OLS_Types.rtf
. cap erase OLS_Types.tex
. cap erase OLS_Types.txt
. 
. /*
>                                 & \multicolumn{9}{c}{} \\
>                                 & \multicolumn{3}{c}{Dividends} & \multicolumn{3}{c}{
> Reinvested earnings} & \multicolumn{3}{c}{Debt income}  \\
>                         \cline{2-10}
> */
. 
. foreach var in `yy' {
  2. 
. regress `var' `Gravity' `Independent1' `Control1', robust cluster(distw)
  3.         test NonHavenCIT_RATE = HavenCIT_RATE
  4.                 scalar p1 = r(p)
  5.         outreg2 using 6_Types, append ctitle("Eq. (\ref{gravity1})") ///
>                                                         tex(frag pretty) word label a
> lpha(0.01, 0.05, 0.1) symbol(***, **, *) ///
>                                                          nonotes addnote("All models 
> include $ D_{ij}$ and a constant term. Dummies are added as specified above. FE drops
>  $\zeta_i$. Robust standard errors in parantheses.", "Standard errors are robust and 
> clustered by distance. *** p<0.01, ** p<0.05, * p<0.1, + p<0.15") ///
>                                                          addstat("$\gamma_2=\gamma_3$
>  (p)", p1)  ///
>                                                          dec(3) keep(`Gravity' `Indep
> endent1') nocon                    
  6. 
.                                                          
. areg `var' `Gravity' `Independent1' `Control1' b2015.obsTime, absorb(COU_Tal) vce(clu
> ster distw) 
  7.         test NonHavenCIT_RATE = HavenCIT_RATE
  8.                 scalar p1 = r(p)
  9.         outreg2 using 6_Types, append ctitle("$+\delta_t+\zeta_i$") ///
>                                                         tex(frag pretty) word label a
> lpha(0.01, 0.05, 0.1) symbol(***, **, *) ///
>                                                          nonotes addnote("All models 
> include $ D_{ij}$ and a constant term. Dummies are added as specified above. FE drops
>  $\zeta_i$. Robust standard errors in parantheses.", "Standard errors are robust and 
> clustered by distance. *** p<0.01, ** p<0.05, * p<0.1, + p<0.15") ///
>                                                          addstat("$\gamma_2=\gamma_3$
>  (p)", p1)  ///
>                                                          dec(3) keep(`Gravity' `Indep
> endent1') nocon                                                                     
 10. 
. areg `var' `Gravity' `Independent1' `Control1' b2015.obsTime, absorb(Pair_Tal) vce(cl
> uster distw) 
 11.         test NonHavenCIT_RATE = HavenCIT_RATE
 12.                 scalar p1 = r(p)
 13.         outreg2 using 6_Types, append ctitle("$+\theta_{ij}$") ///
>                                                         tex(frag pretty) word label a
> lpha(0.01, 0.05, 0.1) symbol(***, **, *) ///
>                                                          nonotes addnote("All models 
> include $ D_{ij}$ and a constant term. Dummies are added as specified above. FE drops
>  $\zeta_i$. Robust standard errors in parantheses.", "Standard errors are robust and 
> clustered by distance. *** p<0.01, ** p<0.05, * p<0.1, + p<0.15") ///
>                                                          addstat("$\gamma_2=\gamma_3$
>  (p)", p1)  ///
>                                                          dec(3) keep(`Gravity' `Indep
> endent1') nocon                                                                     
 14. }       

Linear regression                                      Number of obs =    3652
                                                       F( 10,  1023) =  131.54
                                                       Prob > F      =  0.0000
                                                       R-squared     =  0.4920
                                                       Root MSE      =  2.1213

                                   (Std. Err. adjusted for 1024 clusters in distw)
----------------------------------------------------------------------------------
                 |               Robust
ln_FDIInc_Out_~s |      Coef.   Std. Err.      t    P>|t|     [95% Conf. Interval]
-----------------+----------------------------------------------------------------
          ln_GDP |   1.024009   .0490451    20.88   0.000     .9277686     1.12025
        ln_GDP_j |   .8069989   .0351851    22.94   0.000     .7379557     .876042
        ln_distw |  -.6993467   .0717717    -9.74   0.000    -.8401833     -.55851
           Haven |   2.365592   .7376567     3.21   0.001     .9180986    3.813085
NonHavenCIT_RATE |    .055847    .010313     5.42   0.000     .0356099     .076084
   HavenCIT_RATE |   .0295411   .0277836     1.06   0.288    -.0249782    .0840605
          contig |   .2869207   .2391115     1.20   0.230    -.1822844    .7561258
     comlang_off |    .753595   .2682867     2.81   0.005     .2271397     1.28005
          colony |   .8114799   .2639517     3.07   0.002     .2935314    1.329428
          comcol |   2.650768   .8704527     3.05   0.002     .9426916    4.358845
           _cons |  -16.79172   .9326071   -18.01   0.000    -18.62176   -14.96167
----------------------------------------------------------------------------------

 ( 1)  NonHavenCIT_RATE - HavenCIT_RATE = 0

       F(  1,  1023) =    0.81
            Prob > F =    0.3688
warning: addnote ignored in appended columns
6_Types.tex
6_Types.rtf
dir : seeout

Linear regression, absorbing indicators           Number of obs   =       3652
                                                  F(  20,   1023) =      44.52
                                                  Prob > F        =     0.0000
                                                  R-squared       =     0.6264
                                                  Adj R-squared   =     0.6219
                                                  Root MSE        =     1.8275

                                   (Std. Err. adjusted for 1024 clusters in distw)
----------------------------------------------------------------------------------
                 |               Robust
ln_FDIInc_Out_~s |      Coef.   Std. Err.      t    P>|t|     [95% Conf. Interval]
-----------------+----------------------------------------------------------------
          ln_GDP |   .5936635   .7830639     0.76   0.449    -.9429315    2.130258
        ln_GDP_j |   .7558326   .0350677    21.55   0.000     .6870197    .8246455
        ln_distw |  -.7267201   .0632862   -11.48   0.000    -.8509058   -.6025345
           Haven |   2.421269   .7237809     3.35   0.001     1.001004    3.841534
NonHavenCIT_RATE |   .0782644   .0125158     6.25   0.000     .0537048     .102824
   HavenCIT_RATE |   .0511325   .0272874     1.87   0.061    -.0024131     .104678
          contig |    .562488   .2204084     2.55   0.011     .1299838    .9949922
     comlang_off |   .3484478   .2542601     1.37   0.171    -.1504831    .8473787
          colony |   .5671565   .2109557     2.69   0.007     .1532012    .9811118
          comcol |   2.867864   .9879338     2.90   0.004     .9292558    4.806473
                 |
         obsTime |
           2005  |   .1373493   .1717359     0.80   0.424    -.1996456    .4743443
           2006  |     .18971   .1414311     1.34   0.180    -.0878182    .4672382
           2007  |   .0648244   .1356634     0.48   0.633    -.2013859    .3310347
           2008  |   .8200455   .1662652     4.93   0.000     .4937857    1.146305
           2009  |   .8843774   .1358445     6.51   0.000     .6178118    1.150943
           2010  |   .8048472   .1365579     5.89   0.000     .5368815    1.072813
           2011  |   .8281185   .1483468     5.58   0.000     .5370197    1.119217
           2012  |    .267481   .1134562     2.36   0.019     .0448474    .4901146
           2013  |  -.0722784   .1145577    -0.63   0.528    -.2970734    .1525167
           2014  |  -.0173365   .1304604    -0.13   0.894    -.2733371    .2386641
                 |
           _cons |   -10.6474    10.8762    -0.98   0.328    -31.98961    10.69482
-----------------+----------------------------------------------------------------
         COU_Tal |   absorbed                                      (24 categories)

 ( 1)  NonHavenCIT_RATE - HavenCIT_RATE = 0

       F(  1,  1023) =    0.93
            Prob > F =    0.3359
warning: addnote ignored in appended columns
6_Types.tex
6_Types.rtf
dir : seeout
note: ln_distw omitted because of collinearity
note: Haven omitted because of collinearity
note: contig omitted because of collinearity
note: comlang_off omitted because of collinearity
note: colony omitted because of collinearity
note: comcol omitted because of collinearity

Linear regression, absorbing indicators           Number of obs   =       3652
                                                  F(  14,   1023) =       8.68
                                                  Prob > F        =     0.0000
                                                  R-squared       =     0.9130
                                                  Adj R-squared   =     0.8781
                                                  Root MSE        =     1.0375

                                   (Std. Err. adjusted for 1024 clusters in distw)
----------------------------------------------------------------------------------
                 |               Robust
ln_FDIInc_Out_~s |      Coef.   Std. Err.      t    P>|t|     [95% Conf. Interval]
-----------------+----------------------------------------------------------------
          ln_GDP |    1.56737   .6853009     2.29   0.022     .2226143    2.912126
        ln_GDP_j |  -.0708109   .3378626    -0.21   0.834    -.7337938    .5921721
        ln_distw |          0  (omitted)
           Haven |          0  (omitted)
NonHavenCIT_RATE |   .0576286   .0134761     4.28   0.000     .0311846    .0840726
   HavenCIT_RATE |   .0488077   .0336746     1.45   0.148    -.0172714    .1148868
          contig |          0  (omitted)
     comlang_off |          0  (omitted)
          colony |          0  (omitted)
          comcol |          0  (omitted)
                 |
         obsTime |
           2005  |  -.3483358     .21963    -1.59   0.113    -.7793125    .0826409
           2006  |  -.1932585   .1859428    -1.04   0.299    -.5581314    .1716145
           2007  |  -.2820187    .151322    -1.86   0.063    -.5789556    .0149183
           2008  |   .3791694   .1728297     2.19   0.028      .040028    .7183107
           2009  |   .4616636    .149192     3.09   0.002     .1689063    .7544208
           2010  |    .511442   .1432358     3.57   0.000     .2303724    .7925116
           2011  |   .5980853   .1525118     3.92   0.000     .2988135    .8973571
           2012  |   .3094087   .1121449     2.76   0.006     .0893484     .529469
           2013  |  -.1348715   .1097719    -1.23   0.219    -.3502753    .0805323
           2014  |   -.115493   .1187223    -0.97   0.331      -.34846    .1174741
                 |
           _cons |  -18.79406   9.920355    -1.89   0.058    -38.26063    .6725111
-----------------+----------------------------------------------------------------
        Pair_Tal |   absorbed                                    (1031 categories)

 ( 1)  NonHavenCIT_RATE - HavenCIT_RATE = 0

       F(  1,  1023) =    0.06
            Prob > F =    0.7999
warning: addnote ignored in appended columns
6_Types.tex
6_Types.rtf
dir : seeout

Linear regression                                      Number of obs =    3444
                                                       F( 10,  1205) =  159.67
                                                       Prob > F      =  0.0000
                                                       R-squared     =  0.5623
                                                       Root MSE      =  1.9106

                                   (Std. Err. adjusted for 1206 clusters in distw)
----------------------------------------------------------------------------------
                 |               Robust
ln_FDIInc_Out_~d |      Coef.   Std. Err.      t    P>|t|     [95% Conf. Interval]
-----------------+----------------------------------------------------------------
          ln_GDP |   .9813573   .0417915    23.48   0.000     .8993652    1.063349
        ln_GDP_j |   .7109537   .0292576    24.30   0.000     .6535523    .7683552
        ln_distw |  -.6592033   .0578079   -11.40   0.000    -.7726186   -.5457881
           Haven |   2.666057   .7088722     3.76   0.000     1.275297    4.056818
NonHavenCIT_RATE |   .0452996   .0076149     5.95   0.000     .0303597    .0602395
   HavenCIT_RATE |   .0073765   .0269939     0.27   0.785    -.0455837    .0603367
          contig |   .3705499   .2507781     1.48   0.140    -.1214602    .8625601
     comlang_off |   1.093926   .2133761     5.13   0.000     .6752958    1.512556
          colony |   .8251216   .2124664     3.88   0.000     .4082764    1.241967
          comcol |   2.724637   .6373088     4.28   0.000     1.474279    3.974995
           _cons |   -15.0144   .7505583   -20.00   0.000    -16.48695   -13.54186
----------------------------------------------------------------------------------

 ( 1)  NonHavenCIT_RATE - HavenCIT_RATE = 0

       F(  1,  1205) =    1.84
            Prob > F =    0.1746
warning: addnote ignored in appended columns
6_Types.tex
6_Types.rtf
dir : seeout

Linear regression, absorbing indicators           Number of obs   =       3444
                                                  F(  20,   1205) =      40.97
                                                  Prob > F        =     0.0000
                                                  R-squared       =     0.6246
                                                  Adj R-squared   =     0.6197
                                                  Root MSE        =     1.7783

                                   (Std. Err. adjusted for 1206 clusters in distw)
----------------------------------------------------------------------------------
                 |               Robust
ln_FDIInc_Out_~d |      Coef.   Std. Err.      t    P>|t|     [95% Conf. Interval]
-----------------+----------------------------------------------------------------
          ln_GDP |   .3893463   .5402896     0.72   0.471    -.6706666    1.449359
        ln_GDP_j |   .6605623   .0298078    22.16   0.000     .6020813    .7190433
        ln_distw |  -.7175282   .0578869   -12.40   0.000    -.8310985   -.6039578
           Haven |   2.628928   .6449433     4.08   0.000     1.363591    3.894264
NonHavenCIT_RATE |   .0073088   .0158388     0.46   0.645    -.0237659    .0383835
   HavenCIT_RATE |   -.030357    .028284    -1.07   0.283    -.0858483    .0251343
          contig |   .5261409   .2357415     2.23   0.026     .0636315    .9886504
     comlang_off |   .6563938    .208727     3.14   0.002      .246885    1.065903
          colony |   .7034184   .2025313     3.47   0.001     .3060653    1.100771
          comcol |   2.649705    .783583     3.38   0.001     1.112367    4.187044
                 |
         obsTime |
           2005  |   .3146147   .2035349     1.55   0.122    -.0847074    .7139368
           2006  |    .328942    .195797     1.68   0.093    -.0551988    .7130829
           2007  |   .3964791   .1854198     2.14   0.033     .0326975    .7602606
           2008  |  -.1293348   .1556161    -0.83   0.406    -.4346434    .1759739
           2009  |   .1415995   .1415631     1.00   0.317     -.136138    .4193369
           2010  |   .2676674   .1417522     1.89   0.059    -.0104412    .5457759
           2011  |   .1678535   .1116195     1.50   0.133    -.0511366    .3868436
           2012  |   .0378938   .0980695     0.39   0.699     -.154512    .2302997
           2013  |   .0481772   .0834178     0.58   0.564    -.1154832    .2118376
           2014  |   .1036343    .092926     1.12   0.265    -.0786805    .2859491
                 |
           _cons |  -4.856775   7.512653    -0.65   0.518    -19.59611    9.882558
-----------------+----------------------------------------------------------------
         COU_Tal |   absorbed                                      (25 categories)

 ( 1)  NonHavenCIT_RATE - HavenCIT_RATE = 0

       F(  1,  1205) =    2.23
            Prob > F =    0.1354
warning: addnote ignored in appended columns
6_Types.tex
6_Types.rtf
dir : seeout
note: ln_distw omitted because of collinearity
note: Haven omitted because of collinearity
note: contig omitted because of collinearity
note: comlang_off omitted because of collinearity
note: colony omitted because of collinearity
note: comcol omitted because of collinearity

Linear regression, absorbing indicators           Number of obs   =       3444
                                                  F(  14,   1205) =       2.87
                                                  Prob > F        =     0.0003
                                                  R-squared       =     0.9377
                                                  Adj R-squared   =     0.9033
                                                  Root MSE        =     0.8967

                                   (Std. Err. adjusted for 1206 clusters in distw)
----------------------------------------------------------------------------------
                 |               Robust
ln_FDIInc_Out_~d |      Coef.   Std. Err.      t    P>|t|     [95% Conf. Interval]
-----------------+----------------------------------------------------------------
          ln_GDP |    .258817   .5099579     0.51   0.612    -.7416871    1.259321
        ln_GDP_j |   .4186581   .2772979     1.51   0.131    -.1253823    .9626984
        ln_distw |          0  (omitted)
           Haven |          0  (omitted)
NonHavenCIT_RATE |  -.0148116   .0204865    -0.72   0.470    -.0550047    .0253816
   HavenCIT_RATE |  -.0699951   .0314622    -2.22   0.026    -.1317219   -.0082684
          contig |          0  (omitted)
     comlang_off |          0  (omitted)
          colony |          0  (omitted)
          comcol |          0  (omitted)
                 |
         obsTime |
           2005  |   .2906259   .2718173     1.07   0.285    -.2426619    .8239138
           2006  |   .4139436   .2622543     1.58   0.115    -.1005822    .9284695
           2007  |   .5668743   .2411941     2.35   0.019     .0936672    1.040081
           2008  |  -.1216858   .1640737    -0.74   0.458    -.4435878    .2002161
           2009  |   .1170259   .1455923     0.80   0.422    -.1686167    .4026685
           2010  |   .3047276   .1394242     2.19   0.029     .0311863    .5782688
           2011  |    .247064   .1054441     2.34   0.019     .0401895    .4539385
           2012  |   .0796142   .0939464     0.85   0.397    -.1047024    .2639308
           2013  |   .0604358    .081636     0.74   0.459    -.0997288    .2206003
           2014  |   .1057011    .087195     1.21   0.226    -.0653699     .276772
                 |
           _cons |   -4.75932   7.768204    -0.61   0.540    -20.00003    10.48139
-----------------+----------------------------------------------------------------
        Pair_Tal |   absorbed                                    (1213 categories)

 ( 1)  NonHavenCIT_RATE - HavenCIT_RATE = 0

       F(  1,  1205) =    4.19
            Prob > F =    0.0409
warning: addnote ignored in appended columns
6_Types.tex
6_Types.rtf
dir : seeout

Linear regression                                      Number of obs =    2785
                                                       F( 10,   899) =   75.47
                                                       Prob > F      =  0.0000
                                                       R-squared     =  0.4212
                                                       Root MSE      =  2.1906

                                    (Std. Err. adjusted for 900 clusters in distw)
----------------------------------------------------------------------------------
                 |               Robust
ln_FDIInc_Out_~t |      Coef.   Std. Err.      t    P>|t|     [95% Conf. Interval]
-----------------+----------------------------------------------------------------
          ln_GDP |   .8458295   .0551106    15.35   0.000     .7376691    .9539898
        ln_GDP_j |   .8162237   .0423003    19.30   0.000     .7332048    .8992426
        ln_distw |  -.8557537   .0768699   -11.13   0.000    -1.006619   -.7048885
           Haven |   2.279895   .7813091     2.92   0.004     .7464931    3.813297
NonHavenCIT_RATE |   .0470883   .0112418     4.19   0.000     .0250251    .0691515
   HavenCIT_RATE |   .0126551    .029563     0.43   0.669    -.0453654    .0706756
          contig |  -.0243448   .2442249    -0.10   0.921     -.503662    .4549725
     comlang_off |    .418843    .355778     1.18   0.239    -.2794091    1.117095
          colony |   .8304171   .3891574     2.13   0.033     .0666544     1.59418
          comcol |   3.128303    .606769     5.16   0.000     1.937454    4.319152
           _cons |  -15.04985   1.016569   -14.80   0.000    -17.04497   -13.05472
----------------------------------------------------------------------------------

 ( 1)  NonHavenCIT_RATE - HavenCIT_RATE = 0

       F(  1,   899) =    1.23
            Prob > F =    0.2676
warning: addnote ignored in appended columns
6_Types.tex
6_Types.rtf
dir : seeout

Linear regression, absorbing indicators           Number of obs   =       2785
                                                  F(  20,    899) =      33.07
                                                  Prob > F        =     0.0000
                                                  R-squared       =     0.5917
                                                  Adj R-squared   =     0.5853
                                                  Root MSE        =     1.8508

                                    (Std. Err. adjusted for 900 clusters in distw)
----------------------------------------------------------------------------------
                 |               Robust
ln_FDIInc_Out_~t |      Coef.   Std. Err.      t    P>|t|     [95% Conf. Interval]
-----------------+----------------------------------------------------------------
          ln_GDP |   2.687622    1.01772     2.64   0.008     .6902385    4.685006
        ln_GDP_j |    .682681   .0406578    16.79   0.000     .6028859    .7624762
        ln_distw |  -.7765456   .0650253   -11.94   0.000    -.9041646   -.6489266
           Haven |   1.275273   .6938518     1.84   0.066    -.0864853    2.637031
NonHavenCIT_RATE |   .1253757   .1066657     1.18   0.240    -.0839672    .3347185
   HavenCIT_RATE |   .1274263   .1085173     1.17   0.241    -.0855503     .340403
          contig |   .4548163   .2257355     2.01   0.044     .0117863    .8978463
     comlang_off |    -.14875   .3075767    -0.48   0.629    -.7524019    .4549019
          colony |   .3810531   .3107415     1.23   0.220    -.2288101    .9909164
          comcol |   2.049083   .6367946     3.22   0.001     .7993056     3.29886
                 |
         obsTime |
           2005  |  -.2432957   1.185394    -0.21   0.837    -2.569757    2.083166
           2006  |   -.173673   1.185782    -0.15   0.884    -2.500896     2.15355
           2007  |  -.2281861   1.171879    -0.19   0.846    -2.528123    2.071751
           2008  |   .9795369   .2234531     4.38   0.000     .5409864    1.418087
           2009  |   1.211036   .2076611     5.83   0.000      .803479    1.618593
           2010  |   1.172798   .1635177     7.17   0.000     .8518774    1.493719
           2011  |   .3025867   .2044113     1.48   0.139    -.0985921    .7037655
           2012  |  -.1230496   .1334432    -0.92   0.357    -.3849461     .138847
           2013  |  -.1997678   .1579383    -1.26   0.206    -.5097385     .110203
           2014  |  -.3491782   .1620785    -2.15   0.031    -.6672745    -.031082
                 |
           _cons |  -40.88382   13.96211    -2.93   0.003    -68.28594    -13.4817
-----------------+----------------------------------------------------------------
         COU_Tal |   absorbed                                      (24 categories)

 ( 1)  NonHavenCIT_RATE - HavenCIT_RATE = 0

       F(  1,   899) =    0.01
            Prob > F =    0.9397
warning: addnote ignored in appended columns
6_Types.tex
6_Types.rtf
dir : seeout
note: ln_distw omitted because of collinearity
note: Haven omitted because of collinearity
note: contig omitted because of collinearity
note: comlang_off omitted because of collinearity
note: colony omitted because of collinearity
note: comcol omitted because of collinearity

Linear regression, absorbing indicators           Number of obs   =       2785
                                                  F(  14,    899) =       3.16
                                                  Prob > F        =     0.0001
                                                  R-squared       =     0.9398
                                                  Adj R-squared   =     0.9103
                                                  Root MSE        =     0.8608

                                    (Std. Err. adjusted for 900 clusters in distw)
----------------------------------------------------------------------------------
                 |               Robust
ln_FDIInc_Out_~t |      Coef.   Std. Err.      t    P>|t|     [95% Conf. Interval]
-----------------+----------------------------------------------------------------
          ln_GDP |   2.261102   .9065029     2.49   0.013     .4819938     4.04021
        ln_GDP_j |   .3862824    .279841     1.38   0.168    -.1629353    .9355001
        ln_distw |          0  (omitted)
           Haven |          0  (omitted)
NonHavenCIT_RATE |   .0941547   .0777638     1.21   0.226    -.0584651    .2467745
   HavenCIT_RATE |   .1676584   .0931756     1.80   0.072    -.0152086    .3505254
          contig |          0  (omitted)
     comlang_off |          0  (omitted)
          colony |          0  (omitted)
          comcol |          0  (omitted)
                 |
         obsTime |
           2005  |  -.8362151   .9040548    -0.92   0.355    -2.610519    .9380885
           2006  |  -.9366618   .8930488    -1.05   0.295    -2.689365    .8160415
           2007  |  -.8575311   .8547438    -1.00   0.316    -2.535057    .8199944
           2008  |   .1685121    .187882     0.90   0.370    -.2002262    .5372505
           2009  |   .3382651   .1991737     1.70   0.090    -.0526344    .7291647
           2010  |    .381243   .1581226     2.41   0.016     .0709105    .6915756
           2011  |  -.0351006   .1782604    -0.20   0.844    -.3849555    .3147544
           2012  |   -.126337   .1313674    -0.96   0.336    -.3841594    .1314854
           2013  |  -.2137371   .1378825    -1.55   0.121    -.4843461     .056872
           2014  |  -.2412328   .1440373    -1.67   0.094    -.5239213    .0414556
                 |
           _cons |  -36.76858   12.58524    -2.92   0.004    -61.46845   -12.06871
-----------------+----------------------------------------------------------------
        Pair_Tal |   absorbed                                     (904 categories)

 ( 1)  NonHavenCIT_RATE - HavenCIT_RATE = 0

       F(  1,   899) =    1.62
            Prob > F =    0.2037
warning: addnote ignored in appended columns
6_Types.tex
6_Types.rtf
dir : seeout
. }                                                

. 
. *************************************************************************************
> *******************
. * REGRESSION TABLE SEVEN.       CFC RULES. 
. *************************************************************************************
> *******************
. {
. regress `y' `Gravity' `Independent4' `Control1', robust cluster(distw)

Linear regression                                      Number of obs =    5850
                                                       F( 14,  1845) =  184.24
                                                       Prob > F      =  0.0000
                                                       R-squared     =  0.5499
                                                       Root MSE      =  2.1017

                                       (Std. Err. adjusted for 1846 clusters in distw)
--------------------------------------------------------------------------------------
                     |               Robust
 ln_FDIInc_Out_Total |      Coef.   Std. Err.      t    P>|t|     [95% Conf. Interval]
---------------------+----------------------------------------------------------------
              ln_GDP |   .9692916    .043824    22.12   0.000     .8833418    1.055241
            ln_GDP_j |   .8420536   .0242017    34.79   0.000      .794588    .8895192
            ln_distw |  -.7908598   .0540256   -14.64   0.000    -.8968176    -.684902
         CFCNonHaven |   3.023712   .5027373     6.01   0.000     2.037718    4.009705
         NonCFCHaven |   5.058755   1.424973     3.55   0.000     2.264027    7.853484
            CFCHaven |   4.529809   .7937571     5.71   0.000     2.973052    6.086565
NonHavenNonCFCCIT_~E |   .1398098   .0185803     7.52   0.000     .1033691    .1762504
 NonHavenCFCCIT_RATE |   .0110833   .0086507     1.28   0.200     -.005883    .0280495
 HavenNonCFCCIT_RATE |    .024573   .0565263     0.43   0.664    -.0862892    .1354352
    CFCHavenCIT_RATE |   .0145797   .0248144     0.59   0.557    -.0340876     .063247
              contig |   .2761635   .1956082     1.41   0.158    -.1074733    .6598003
         comlang_off |   .8461837   .1959631     4.32   0.000      .461851    1.230516
              colony |   1.250998   .1924306     6.50   0.000     .8735939    1.628403
              comcol |   2.911525   .6191392     4.70   0.000     1.697238    4.125812
               _cons |  -17.10442   .8144242   -21.00   0.000    -18.70171   -15.50713
--------------------------------------------------------------------------------------
.         test NonHavenNonCFCCIT_RATE=HavenNonCFCCIT_RATE

 ( 1)  NonHavenNonCFCCIT_RATE - HavenNonCFCCIT_RATE = 0

       F(  1,  1845) =    3.81
            Prob > F =    0.0511
.                         scalar p1 = r(p)
.         test NonHavenCFCCIT_RATE=CFCHavenCIT_RATE

 ( 1)  NonHavenCFCCIT_RATE - CFCHavenCIT_RATE = 0

       F(  1,  1845) =    0.02
            Prob > F =    0.8935
.                 scalar p2 = r(p)
.         outreg2 using 7_CFC, replace ctitle("Eq. (\ref{gravityCFC})") ///
>                                                         tex(frag pretty) word label a
> lpha(0.01, 0.05, 0.1) symbol(***, **, *) ///
>                                                          nonotes addnote("All models 
> include gravity variables and intercept. FE drops $\zeta_i$.", "S.e. are robust and c
> lustered by distance. *** p<0.01, ** p<0.05, * p<0.1") ///
>                                                          addstat("$\gamma_2=\gamma_3$
>  (p)", p1, "$\iota_3=\iota_4$ (p)", p2)  ///
>                                                          dec(3) keep(`Independent4') 
> nocons nor2 noobs                                  
7_CFC.tex
7_CFC.rtf
dir : seeout
. 
.                                                          
. areg `y' `Gravity' `Independent5' `Control1' b2015.obsTime, absorb(COU_Tal) vce(clust
> er distw)

Linear regression, absorbing indicators           Number of obs   =       5850
                                                  F(  23,   1845) =      88.39
                                                  Prob > F        =     0.0000
                                                  R-squared       =     0.6411
                                                  Adj R-squared   =     0.6381
                                                  Root MSE        =     1.8825

                                       (Std. Err. adjusted for 1846 clusters in distw)
--------------------------------------------------------------------------------------
                     |               Robust
 ln_FDIInc_Out_Total |      Coef.   Std. Err.      t    P>|t|     [95% Conf. Interval]
---------------------+----------------------------------------------------------------
              ln_GDP |   1.306586   .3826514     3.41   0.001     .5561108    2.057061
            ln_GDP_j |   .8207636   .0237893    34.50   0.000     .7741069    .8674204
            ln_distw |  -.8418114   .0497432   -16.92   0.000    -.9393703   -.7442525
         NonCFCHaven |   5.126988   1.259264     4.07   0.000     2.657256     7.59672
            CFCHaven |    1.41288   .6819511     2.07   0.038     .0754026    2.750357
NonHavenNonCFCCIT_~E |   .1113266   .1486117     0.75   0.454    -.1801381    .4027913
 NonHavenCFCCIT_RATE |    .051264   .0120441     4.26   0.000     .0276425    .0748856
 HavenNonCFCCIT_RATE |  -.0072889   .1528833    -0.05   0.962    -.3071313    .2925535
    CFCHavenCIT_RATE |   .0574086   .0250843     2.29   0.022      .008212    .1066053
              contig |   .4293609   .1999902     2.15   0.032     .0371301    .8215918
         comlang_off |   .6693382   .1883647     3.55   0.000     .2999078    1.038769
              colony |   .9919386   .1709088     5.80   0.000     .6567437    1.327134
              comcol |   3.364321   .7539387     4.46   0.000     1.885659    4.842984
                     |
             obsTime |
               2005  |   .3420805   .1465735     2.33   0.020     .0546131    .6295479
               2006  |    .381223   .1227402     3.11   0.002     .1404987    .6219474
               2007  |   .3148147   .1129383     2.79   0.005     .0933144    .5363151
               2008  |   .3756691   .1207718     3.11   0.002     .1388054    .6125329
               2009  |   .5180987   .1154667     4.49   0.000     .2916396    .7445579
               2010  |   .5931408   .1075591     5.51   0.000     .3821905    .8040911
               2011  |   .3014137   .0845024     3.57   0.000     .1356834    .4671441
               2012  |   .1723268   .0757773     2.27   0.023     .0237085    .3209452
               2013  |  -.0877971   .0635254    -1.38   0.167    -.2123863    .0367922
               2014  |   .0530245    .063311     0.84   0.402    -.0711442    .1771932
                     |
               _cons |  -19.60914   5.361448    -3.66   0.000    -30.12428   -9.093997
---------------------+----------------------------------------------------------------
             COU_Tal |   absorbed                                      (27 categories)
.         test NonHavenNonCFCCIT_RATE=HavenNonCFCCIT_RATE

 ( 1)  NonHavenNonCFCCIT_RATE - HavenNonCFCCIT_RATE = 0

       F(  1,  1845) =    5.29
            Prob > F =    0.0215
.                         scalar p1 = r(p)
.         test NonHavenCFCCIT_RATE=CFCHavenCIT_RATE

 ( 1)  NonHavenCFCCIT_RATE - CFCHavenCIT_RATE = 0

       F(  1,  1845) =    0.06
            Prob > F =    0.8139
.                 scalar p2 = r(p)
.         outreg2 using 7_CFC, append ctitle("$+\delta_t+\zeta_i$") ///
>                                                         tex(frag pretty) word label a
> lpha(0.01, 0.05, 0.1) symbol(***, **, *) ///
>                                                          nonotes addnote("All models 
> include gravity variables and intercept. FE drops $\zeta_i$.", "S.e. are robust and c
> lustered by distance. *** p<0.01, ** p<0.05, * p<0.1") ///
>                                                          addstat("$\gamma_2=\gamma_3$
>  (p)", p1, "$\iota_3=\iota_4$ (p)", p2)  ///
>                                                          dec(3) keep(`Independent4') 
> nocons nor2 noobs                                                                  
warning: addnote ignored in appended columns
7_CFC.tex
7_CFC.rtf
dir : seeout
.                                                                          
. 
. areg `y' `Gravity' `Independent4' `Control1' b2015.obsTime, absorb(Pair_Tal) vce(clus
> ter distw) 
note: ln_distw omitted because of collinearity
note: CFCNonHaven omitted because of collinearity
note: NonCFCHaven omitted because of collinearity
note: CFCHaven omitted because of collinearity
note: contig omitted because of collinearity
note: comlang_off omitted because of collinearity
note: colony omitted because of collinearity
note: comcol omitted because of collinearity

Linear regression, absorbing indicators           Number of obs   =       5850
                                                  F(  16,   1845) =       5.28
                                                  Prob > F        =     0.0000
                                                  R-squared       =     0.9491
                                                  Adj R-squared   =     0.9250
                                                  Root MSE        =     0.8569

                                       (Std. Err. adjusted for 1846 clusters in distw)
--------------------------------------------------------------------------------------
                     |               Robust
 ln_FDIInc_Out_Total |      Coef.   Std. Err.      t    P>|t|     [95% Conf. Interval]
---------------------+----------------------------------------------------------------
              ln_GDP |   .6117813   .3219413     1.90   0.058    -.0196263    1.243189
            ln_GDP_j |    .186373     .25784     0.72   0.470    -.3193158    .6920619
            ln_distw |          0  (omitted)
         CFCNonHaven |          0  (omitted)
         NonCFCHaven |          0  (omitted)
            CFCHaven |          0  (omitted)
NonHavenNonCFCCIT_~E |  -.0288686   .0757063    -0.38   0.703    -.1773476    .1196105
 NonHavenCFCCIT_RATE |   .0249851   .0136389     1.83   0.067    -.0017641    .0517344
 HavenNonCFCCIT_RATE |  -.0419355   .0869284    -0.48   0.630     -.212424     .128553
    CFCHavenCIT_RATE |   .0025475   .0282953     0.09   0.928    -.0529467    .0580416
              contig |          0  (omitted)
         comlang_off |          0  (omitted)
              colony |          0  (omitted)
              comcol |          0  (omitted)
                     |
             obsTime |
               2005  |  -.1118521   .1810964    -0.62   0.537    -.4670275    .2433234
               2006  |   .0848651   .1562883     0.54   0.587    -.2216555    .3913857
               2007  |   .2718445   .1267566     2.14   0.032     .0232431    .5204458
               2008  |    .219133   .1178967     1.86   0.063     -.012092    .4503581
               2009  |    .269573   .1098917     2.45   0.014     .0540478    .4850982
               2010  |   .4322626    .095087     4.55   0.000     .2457732     .618752
               2011  |   .3263562   .0731794     4.46   0.000     .1828329    .4698794
               2012  |   .2057662   .0661357     3.11   0.002     .0760576    .3354749
               2013  |    .025201   .0553825     0.46   0.649    -.0834179    .1338199
               2014  |   .1220886   .0561932     2.17   0.030     .0118798    .2322975
                     |
               _cons |  -7.386956   5.024986    -1.47   0.142    -17.24221    2.468301
---------------------+----------------------------------------------------------------
            Pair_Tal |   absorbed                                    (1861 categories)
.         test NonHavenNonCFCCIT_RATE=HavenNonCFCCIT_RATE

 ( 1)  NonHavenNonCFCCIT_RATE - HavenNonCFCCIT_RATE = 0

       F(  1,  1845) =    0.01
            Prob > F =    0.9042
.                         scalar p1 = r(p)
.         test NonHavenCFCCIT_RATE=CFCHavenCIT_RATE

 ( 1)  NonHavenCFCCIT_RATE - CFCHavenCIT_RATE = 0

       F(  1,  1845) =    0.63
            Prob > F =    0.4274
.                 scalar p2 = r(p)
.         outreg2 using 7_CFC, append ctitle("$+\theta_{ij}$") ///
>                                                         tex(frag pretty) word label a
> lpha(0.01, 0.05, 0.1) symbol(***, **, *) ///
>                                                          nonotes addnote("All models 
> include gravity variables and intercept. FE drops $\zeta_i$.", "S.e. are robust and c
> lustered by distance. *** p<0.01, ** p<0.05, * p<0.1") ///
>                                                          addstat("$\gamma_2=\gamma_3$
>  (p)", p1, "$\iota_3=\iota_4$ (p)", p2)  ///
>                                                          dec(3) keep(`Independent4') 
> nocons nor2 noobs                                                          
warning: addnote ignored in appended columns
7_CFC.tex
7_CFC.rtf
dir : seeout
. }

.                                                          
. *************************************************************************************
> ********************
.                                                                                      
>             
. log close
      name:  <unnamed>
       log:  C:\Users\rbjoe\Dropbox\Kugejl\8. semester\Public Economics\Public_economic
> s\Code\Stata output\log.txt
  log type:  text
 closed on:  15 May 2017, 18:21:57
---------------------------------------------------------------------------------------
